[2019-12-13T16:27:48.705+0530][gc,heap] Heap region size: 1M
[2019-12-13T16:27:48.715+0530][gc     ] Using G1
[2019-12-13T16:27:48.715+0530][gc,heap,coops] Heap address: 0x00000000c0000000, size: 1024 MB, Compressed Oops mode: 32-bit
[2019-12-13T16:27:48.715+0530][gc,cds       ] Mark closed archive regions in map: [0x00000000fff00000, 0x00000000fff69ff8]
[2019-12-13T16:27:48.715+0530][gc,cds       ] Mark open archive regions in map: [0x00000000ffe00000, 0x00000000ffe33ff8]
[2019-12-13T16:27:51.253+0530][gc,start     ] GC(0) Pause Young (Normal) (G1 Evacuation Pause)
[2019-12-13T16:27:51.263+0530][gc,task      ] GC(0) Using 4 workers of 4 for evacuation
[2019-12-13T16:27:51.276+0530][gc,phases    ] GC(0)   Pre Evacuate Collection Set: 0.0ms
[2019-12-13T16:27:51.276+0530][gc,phases    ] GC(0)   Evacuate Collection Set: 13.0ms
[2019-12-13T16:27:51.276+0530][gc,phases    ] GC(0)   Post Evacuate Collection Set: 0.5ms
[2019-12-13T16:27:51.276+0530][gc,phases    ] GC(0)   Other: 9.5ms
[2019-12-13T16:27:51.276+0530][gc,heap      ] GC(0) Eden regions: 51->0(45)
[2019-12-13T16:27:51.276+0530][gc,heap      ] GC(0) Survivor regions: 0->6(7)
[2019-12-13T16:27:51.276+0530][gc,heap      ] GC(0) Old regions: 2->2
[2019-12-13T16:27:51.276+0530][gc,heap      ] GC(0) Humongous regions: 0->0
[2019-12-13T16:27:51.276+0530][gc,metaspace ] GC(0) Metaspace: 16673K->16673K(1064960K)
[2019-12-13T16:27:51.276+0530][gc           ] GC(0) Pause Young (Normal) (G1 Evacuation Pause) 51M->6M(1024M) 23.067ms
[2019-12-13T16:27:51.276+0530][gc,cpu       ] GC(0) User=0.04s Sys=0.00s Real=0.02s
[2019-12-13T16:27:51.856+0530][gc,start     ] GC(1) Pause Young (Concurrent Start) (Metadata GC Threshold)
[2019-12-13T16:27:51.856+0530][gc,task      ] GC(1) Using 4 workers of 4 for evacuation
[2019-12-13T16:27:51.873+0530][gc,phases    ] GC(1)   Pre Evacuate Collection Set: 0.1ms
[2019-12-13T16:27:51.873+0530][gc,phases    ] GC(1)   Evacuate Collection Set: 16.0ms
[2019-12-13T16:27:51.873+0530][gc,phases    ] GC(1)   Post Evacuate Collection Set: 0.4ms
[2019-12-13T16:27:51.873+0530][gc,phases    ] GC(1)   Other: 0.3ms
[2019-12-13T16:27:51.873+0530][gc,heap      ] GC(1) Eden regions: 16->0(50)
[2019-12-13T16:27:51.873+0530][gc,heap      ] GC(1) Survivor regions: 6->1(7)
[2019-12-13T16:27:51.873+0530][gc,heap      ] GC(1) Old regions: 2->8
[2019-12-13T16:27:51.873+0530][gc,heap      ] GC(1) Humongous regions: 0->0
[2019-12-13T16:27:51.873+0530][gc,metaspace ] GC(1) Metaspace: 20493K->20493K(1067008K)
[2019-12-13T16:27:51.873+0530][gc           ] GC(1) Pause Young (Concurrent Start) (Metadata GC Threshold) 21M->7M(1024M) 16.826ms
[2019-12-13T16:27:51.873+0530][gc,cpu       ] GC(1) User=0.04s Sys=0.01s Real=0.02s
[2019-12-13T16:27:51.873+0530][gc           ] GC(2) Concurrent Cycle
[2019-12-13T16:27:51.873+0530][gc,marking   ] GC(2) Concurrent Clear Claimed Marks
[2019-12-13T16:27:51.873+0530][gc,marking   ] GC(2) Concurrent Clear Claimed Marks 0.051ms
[2019-12-13T16:27:51.873+0530][gc,marking   ] GC(2) Concurrent Scan Root Regions
[2019-12-13T16:27:51.875+0530][gc,marking   ] GC(2) Concurrent Scan Root Regions 1.426ms
[2019-12-13T16:27:51.875+0530][gc,marking   ] GC(2) Concurrent Mark (3.173s)
[2019-12-13T16:27:51.875+0530][gc,marking   ] GC(2) Concurrent Mark From Roots
[2019-12-13T16:27:51.875+0530][gc,task      ] GC(2) Using 1 workers of 1 for marking
[2019-12-13T16:27:51.886+0530][gc,marking   ] GC(2) Concurrent Mark From Roots 10.997ms
[2019-12-13T16:27:51.886+0530][gc,marking   ] GC(2) Concurrent Preclean
[2019-12-13T16:27:51.886+0530][gc,marking   ] GC(2) Concurrent Preclean 0.102ms
[2019-12-13T16:27:51.886+0530][gc,marking   ] GC(2) Concurrent Mark (3.173s, 3.184s) 11.170ms
[2019-12-13T16:27:51.886+0530][gc,start     ] GC(2) Pause Remark
[2019-12-13T16:27:51.889+0530][gc,stringtable] GC(2) Cleaned string and symbol table, strings: 4776 processed, 0 removed, symbols: 49601 processed, 52 removed
[2019-12-13T16:27:51.890+0530][gc            ] GC(2) Pause Remark 7M->7M(1024M) 3.508ms
[2019-12-13T16:27:51.890+0530][gc,cpu        ] GC(2) User=0.01s Sys=0.00s Real=0.00s
[2019-12-13T16:27:51.890+0530][gc,marking    ] GC(2) Concurrent Rebuild Remembered Sets
[2019-12-13T16:27:51.894+0530][gc,marking    ] GC(2) Concurrent Rebuild Remembered Sets 4.818ms
[2019-12-13T16:27:51.895+0530][gc,start      ] GC(2) Pause Cleanup
[2019-12-13T16:27:51.895+0530][gc            ] GC(2) Pause Cleanup 7M->7M(1024M) 0.264ms
[2019-12-13T16:27:51.895+0530][gc,cpu        ] GC(2) User=0.01s Sys=0.00s Real=0.00s
[2019-12-13T16:27:51.895+0530][gc,marking    ] GC(2) Concurrent Cleanup for Next Mark
[2019-12-13T16:27:51.903+0530][gc,marking    ] GC(2) Concurrent Cleanup for Next Mark 7.991ms
[2019-12-13T16:27:51.903+0530][gc            ] GC(2) Concurrent Cycle 29.794ms
[2019-12-13T16:27:55.538+0530][gc,start      ] GC(3) Pause Young (Normal) (G1 Evacuation Pause)
[2019-12-13T16:27:55.538+0530][gc,task       ] GC(3) Using 4 workers of 4 for evacuation
[2019-12-13T16:27:55.545+0530][gc,phases     ] GC(3)   Pre Evacuate Collection Set: 0.0ms
[2019-12-13T16:27:55.545+0530][gc,phases     ] GC(3)   Evacuate Collection Set: 6.5ms
[2019-12-13T16:27:55.545+0530][gc,phases     ] GC(3)   Post Evacuate Collection Set: 0.5ms
[2019-12-13T16:27:55.545+0530][gc,phases     ] GC(3)   Other: 0.2ms
[2019-12-13T16:27:55.545+0530][gc,heap       ] GC(3) Eden regions: 50->0(46)
[2019-12-13T16:27:55.545+0530][gc,heap       ] GC(3) Survivor regions: 1->5(7)
[2019-12-13T16:27:55.545+0530][gc,heap       ] GC(3) Old regions: 8->8
[2019-12-13T16:27:55.545+0530][gc,heap       ] GC(3) Humongous regions: 129->129
[2019-12-13T16:27:55.545+0530][gc,metaspace  ] GC(3) Metaspace: 29212K->29212K(1075200K)
[2019-12-13T16:27:55.545+0530][gc            ] GC(3) Pause Young (Normal) (G1 Evacuation Pause) 186M->140M(1024M) 7.366ms
[2019-12-13T16:27:55.545+0530][gc,cpu        ] GC(3) User=0.02s Sys=0.00s Real=0.01s
[2019-12-13T16:27:58.984+0530][gc,start      ] GC(4) Pause Young (Concurrent Start) (Metadata GC Threshold)
[2019-12-13T16:27:58.984+0530][gc,task       ] GC(4) Using 4 workers of 4 for evacuation
[2019-12-13T16:27:58.996+0530][gc,phases     ] GC(4)   Pre Evacuate Collection Set: 0.1ms
[2019-12-13T16:27:58.996+0530][gc,phases     ] GC(4)   Evacuate Collection Set: 11.1ms
[2019-12-13T16:27:58.996+0530][gc,phases     ] GC(4)   Post Evacuate Collection Set: 0.5ms
[2019-12-13T16:27:58.996+0530][gc,phases     ] GC(4)   Other: 0.2ms
[2019-12-13T16:27:58.996+0530][gc,heap       ] GC(4) Eden regions: 43->0(49)
[2019-12-13T16:27:58.996+0530][gc,heap       ] GC(4) Survivor regions: 5->2(7)
[2019-12-13T16:27:58.996+0530][gc,heap       ] GC(4) Old regions: 8->13
[2019-12-13T16:27:58.996+0530][gc,heap       ] GC(4) Humongous regions: 141->129
[2019-12-13T16:27:58.996+0530][gc,metaspace  ] GC(4) Metaspace: 33868K->33868K(1079296K)
[2019-12-13T16:27:58.996+0530][gc            ] GC(4) Pause Young (Concurrent Start) (Metadata GC Threshold) 194M->141M(1024M) 12.099ms
[2019-12-13T16:27:58.996+0530][gc,cpu        ] GC(4) User=0.03s Sys=0.01s Real=0.01s
[2019-12-13T16:27:58.996+0530][gc            ] GC(5) Concurrent Cycle
[2019-12-13T16:27:58.996+0530][gc,marking    ] GC(5) Concurrent Clear Claimed Marks
[2019-12-13T16:27:58.996+0530][gc,marking    ] GC(5) Concurrent Clear Claimed Marks 0.132ms
[2019-12-13T16:27:58.996+0530][gc,marking    ] GC(5) Concurrent Scan Root Regions
[2019-12-13T16:27:58.997+0530][gc,marking    ] GC(5) Concurrent Scan Root Regions 1.533ms
[2019-12-13T16:27:58.998+0530][gc,marking    ] GC(5) Concurrent Mark (10.296s)
[2019-12-13T16:27:58.998+0530][gc,marking    ] GC(5) Concurrent Mark From Roots
[2019-12-13T16:27:58.998+0530][gc,task       ] GC(5) Using 1 workers of 1 for marking
[2019-12-13T16:27:59.033+0530][gc,marking    ] GC(5) Concurrent Mark From Roots 35.921ms
[2019-12-13T16:27:59.034+0530][gc,marking    ] GC(5) Concurrent Preclean
[2019-12-13T16:27:59.034+0530][gc,marking    ] GC(5) Concurrent Preclean 0.173ms
[2019-12-13T16:27:59.034+0530][gc,marking    ] GC(5) Concurrent Mark (10.296s, 10.332s) 36.177ms
[2019-12-13T16:27:59.034+0530][gc,start      ] GC(5) Pause Remark
[2019-12-13T16:27:59.040+0530][gc,stringtable] GC(5) Cleaned string and symbol table, strings: 8751 processed, 9 removed, symbols: 72939 processed, 13 removed
[2019-12-13T16:27:59.043+0530][gc            ] GC(5) Pause Remark 143M->143M(1024M) 8.751ms
[2019-12-13T16:27:59.043+0530][gc,cpu        ] GC(5) User=0.02s Sys=0.00s Real=0.01s
[2019-12-13T16:27:59.043+0530][gc,marking    ] GC(5) Concurrent Rebuild Remembered Sets
[2019-12-13T16:27:59.060+0530][gc,marking    ] GC(5) Concurrent Rebuild Remembered Sets 16.704ms
[2019-12-13T16:27:59.060+0530][gc,start      ] GC(5) Pause Cleanup
[2019-12-13T16:27:59.060+0530][gc            ] GC(5) Pause Cleanup 143M->143M(1024M) 0.271ms
[2019-12-13T16:27:59.060+0530][gc,cpu        ] GC(5) User=0.00s Sys=0.00s Real=0.00s
[2019-12-13T16:27:59.060+0530][gc,marking    ] GC(5) Concurrent Cleanup for Next Mark
[2019-12-13T16:27:59.070+0530][gc,marking    ] GC(5) Concurrent Cleanup for Next Mark 9.945ms
[2019-12-13T16:27:59.070+0530][gc            ] GC(5) Concurrent Cycle 74.227ms
[2019-12-13T16:35:07.820+0530][gc,start      ] GC(6) Pause Young (Normal) (G1 Evacuation Pause)
[2019-12-13T16:35:07.820+0530][gc,task       ] GC(6) Using 4 workers of 4 for evacuation
[2019-12-13T16:35:07.838+0530][gc,phases     ] GC(6)   Pre Evacuate Collection Set: 0.0ms
[2019-12-13T16:35:07.839+0530][gc,phases     ] GC(6)   Evacuate Collection Set: 17.5ms
[2019-12-13T16:35:07.839+0530][gc,phases     ] GC(6)   Post Evacuate Collection Set: 0.7ms
[2019-12-13T16:35:07.839+0530][gc,phases     ] GC(6)   Other: 0.3ms
[2019-12-13T16:35:07.839+0530][gc,heap       ] GC(6) Eden regions: 49->0(47)
[2019-12-13T16:35:07.839+0530][gc,heap       ] GC(6) Survivor regions: 2->4(7)
[2019-12-13T16:35:07.839+0530][gc,heap       ] GC(6) Old regions: 13->13
[2019-12-13T16:35:07.839+0530][gc,heap       ] GC(6) Humongous regions: 129->129
[2019-12-13T16:35:07.839+0530][gc,metaspace  ] GC(6) Metaspace: 35651K->35651K(1081344K)
[2019-12-13T16:35:07.839+0530][gc            ] GC(6) Pause Young (Normal) (G1 Evacuation Pause) 190M->144M(1024M) 18.735ms
[2019-12-13T16:35:07.839+0530][gc,cpu        ] GC(6) User=0.03s Sys=0.00s Real=0.02s
[2019-12-13T16:42:44.960+0530][gc,start      ] GC(7) Pause Young (Normal) (G1 Evacuation Pause)
[2019-12-13T16:42:44.960+0530][gc,task       ] GC(7) Using 4 workers of 4 for evacuation
[2019-12-13T16:42:44.975+0530][gc,phases     ] GC(7)   Pre Evacuate Collection Set: 0.1ms
[2019-12-13T16:42:44.975+0530][gc,phases     ] GC(7)   Evacuate Collection Set: 13.9ms
[2019-12-13T16:42:44.975+0530][gc,phases     ] GC(7)   Post Evacuate Collection Set: 0.7ms
[2019-12-13T16:42:44.975+0530][gc,phases     ] GC(7)   Other: 0.5ms
[2019-12-13T16:42:44.975+0530][gc,heap       ] GC(7) Eden regions: 47->0(48)
[2019-12-13T16:42:44.975+0530][gc,heap       ] GC(7) Survivor regions: 4->3(7)
[2019-12-13T16:42:44.975+0530][gc,heap       ] GC(7) Old regions: 13->14
[2019-12-13T16:42:44.975+0530][gc,heap       ] GC(7) Humongous regions: 129->129
[2019-12-13T16:42:44.975+0530][gc,metaspace  ] GC(7) Metaspace: 35943K->35943K(1081344K)
[2019-12-13T16:42:44.975+0530][gc            ] GC(7) Pause Young (Normal) (G1 Evacuation Pause) 191M->144M(1024M) 15.285ms
[2019-12-13T16:42:44.975+0530][gc,cpu        ] GC(7) User=0.04s Sys=0.00s Real=0.01s
[2019-12-13T16:49:38.860+0530][gc,start      ] GC(8) Pause Young (Normal) (G1 Evacuation Pause)
[2019-12-13T16:49:38.860+0530][gc,task       ] GC(8) Using 4 workers of 4 for evacuation
[2019-12-13T16:49:38.878+0530][gc,phases     ] GC(8)   Pre Evacuate Collection Set: 0.0ms
[2019-12-13T16:49:38.879+0530][gc,phases     ] GC(8)   Evacuate Collection Set: 12.0ms
[2019-12-13T16:49:38.879+0530][gc,phases     ] GC(8)   Post Evacuate Collection Set: 6.6ms
[2019-12-13T16:49:38.879+0530][gc,phases     ] GC(8)   Other: 0.2ms
[2019-12-13T16:49:38.879+0530][gc,heap       ] GC(8) Eden regions: 48->0(48)
[2019-12-13T16:49:38.879+0530][gc,heap       ] GC(8) Survivor regions: 3->3(7)
[2019-12-13T16:49:38.879+0530][gc,heap       ] GC(8) Old regions: 14->14
[2019-12-13T16:49:38.879+0530][gc,heap       ] GC(8) Humongous regions: 129->129
[2019-12-13T16:49:38.879+0530][gc,metaspace  ] GC(8) Metaspace: 37038K->37038K(1083392K)
[2019-12-13T16:49:38.879+0530][gc            ] GC(8) Pause Young (Normal) (G1 Evacuation Pause) 192M->144M(1024M) 18.959ms
[2019-12-13T16:49:38.879+0530][gc,cpu        ] GC(8) User=0.03s Sys=0.01s Real=0.02s
[2019-12-13T16:49:38.938+0530][gc,heap,exit  ] Heap
[2019-12-13T16:49:38.938+0530][gc,heap,exit  ]  garbage-first heap   total 1048576K, used 149744K [0x00000000c0000000, 0x0000000100000000)
[2019-12-13T16:49:38.938+0530][gc,heap,exit  ]   region size 1024K, 6 young (6144K), 3 survivors (3072K)
[2019-12-13T16:49:38.938+0530][gc,heap,exit  ]  Metaspace       used 37071K, capacity 39634K, committed 39964K, reserved 1083392K
[2019-12-13T16:49:38.938+0530][gc,heap,exit  ]   class space    used 5300K, capacity 6481K, committed 6604K, reserved 1048576K
