[2019-12-12T20:59:09.589+0530][gc,heap] Heap region size: 1M
[2019-12-12T20:59:09.599+0530][gc     ] Using G1
[2019-12-12T20:59:09.599+0530][gc,heap,coops] Heap address: 0x00000000c0000000, size: 1024 MB, Compressed Oops mode: 32-bit
[2019-12-12T20:59:09.599+0530][gc,cds       ] Mark closed archive regions in map: [0x00000000fff00000, 0x00000000fff69ff8]
[2019-12-12T20:59:09.599+0530][gc,cds       ] Mark open archive regions in map: [0x00000000ffe00000, 0x00000000ffe33ff8]
[2019-12-12T20:59:11.749+0530][gc,start     ] GC(0) Pause Young (Normal) (G1 Evacuation Pause)
[2019-12-12T20:59:11.750+0530][gc,task      ] GC(0) Using 4 workers of 4 for evacuation
[2019-12-12T20:59:11.761+0530][gc,phases    ] GC(0)   Pre Evacuate Collection Set: 0.0ms
[2019-12-12T20:59:11.761+0530][gc,phases    ] GC(0)   Evacuate Collection Set: 10.5ms
[2019-12-12T20:59:11.761+0530][gc,phases    ] GC(0)   Post Evacuate Collection Set: 0.5ms
[2019-12-12T20:59:11.761+0530][gc,phases    ] GC(0)   Other: 0.8ms
[2019-12-12T20:59:11.761+0530][gc,heap      ] GC(0) Eden regions: 51->0(45)
[2019-12-12T20:59:11.761+0530][gc,heap      ] GC(0) Survivor regions: 0->6(7)
[2019-12-12T20:59:11.761+0530][gc,heap      ] GC(0) Old regions: 2->2
[2019-12-12T20:59:11.761+0530][gc,heap      ] GC(0) Humongous regions: 0->0
[2019-12-12T20:59:11.761+0530][gc,metaspace ] GC(0) Metaspace: 16950K->16950K(1064960K)
[2019-12-12T20:59:11.761+0530][gc           ] GC(0) Pause Young (Normal) (G1 Evacuation Pause) 51M->6M(1024M) 11.910ms
[2019-12-12T20:59:11.761+0530][gc,cpu       ] GC(0) User=0.03s Sys=0.00s Real=0.02s
[2019-12-12T20:59:12.202+0530][gc,start     ] GC(1) Pause Young (Concurrent Start) (Metadata GC Threshold)
[2019-12-12T20:59:12.202+0530][gc,task      ] GC(1) Using 4 workers of 4 for evacuation
[2019-12-12T20:59:12.213+0530][gc,phases    ] GC(1)   Pre Evacuate Collection Set: 0.0ms
[2019-12-12T20:59:12.213+0530][gc,phases    ] GC(1)   Evacuate Collection Set: 10.7ms
[2019-12-12T20:59:12.213+0530][gc,phases    ] GC(1)   Post Evacuate Collection Set: 0.5ms
[2019-12-12T20:59:12.213+0530][gc,phases    ] GC(1)   Other: 0.3ms
[2019-12-12T20:59:12.213+0530][gc,heap      ] GC(1) Eden regions: 16->0(49)
[2019-12-12T20:59:12.213+0530][gc,heap      ] GC(1) Survivor regions: 6->2(7)
[2019-12-12T20:59:12.213+0530][gc,heap      ] GC(1) Old regions: 2->8
[2019-12-12T20:59:12.213+0530][gc,heap      ] GC(1) Humongous regions: 129->129
[2019-12-12T20:59:12.213+0530][gc,metaspace ] GC(1) Metaspace: 20456K->20456K(1067008K)
[2019-12-12T20:59:12.213+0530][gc           ] GC(1) Pause Young (Concurrent Start) (Metadata GC Threshold) 151M->136M(1024M) 11.630ms
[2019-12-12T20:59:12.213+0530][gc,cpu       ] GC(1) User=0.04s Sys=0.00s Real=0.01s
[2019-12-12T20:59:12.213+0530][gc           ] GC(2) Concurrent Cycle
[2019-12-12T20:59:12.213+0530][gc,marking   ] GC(2) Concurrent Clear Claimed Marks
[2019-12-12T20:59:12.213+0530][gc,marking   ] GC(2) Concurrent Clear Claimed Marks 0.054ms
[2019-12-12T20:59:12.213+0530][gc,marking   ] GC(2) Concurrent Scan Root Regions
[2019-12-12T20:59:12.215+0530][gc,marking   ] GC(2) Concurrent Scan Root Regions 1.198ms
[2019-12-12T20:59:12.215+0530][gc,marking   ] GC(2) Concurrent Mark (2.629s)
[2019-12-12T20:59:12.215+0530][gc,marking   ] GC(2) Concurrent Mark From Roots
[2019-12-12T20:59:12.215+0530][gc,task      ] GC(2) Using 1 workers of 1 for marking
[2019-12-12T20:59:12.229+0530][gc,marking   ] GC(2) Concurrent Mark From Roots 13.902ms
[2019-12-12T20:59:12.229+0530][gc,marking   ] GC(2) Concurrent Preclean
[2019-12-12T20:59:12.229+0530][gc,marking   ] GC(2) Concurrent Preclean 0.101ms
[2019-12-12T20:59:12.229+0530][gc,marking   ] GC(2) Concurrent Mark (2.629s, 2.643s) 14.056ms
[2019-12-12T20:59:12.229+0530][gc,start     ] GC(2) Pause Remark
[2019-12-12T20:59:12.231+0530][gc,stringtable] GC(2) Cleaned string and symbol table, strings: 4922 processed, 0 removed, symbols: 50075 processed, 46 removed
[2019-12-12T20:59:12.232+0530][gc            ] GC(2) Pause Remark 138M->138M(1024M) 2.671ms
[2019-12-12T20:59:12.232+0530][gc,cpu        ] GC(2) User=0.01s Sys=0.00s Real=0.01s
[2019-12-12T20:59:12.232+0530][gc,marking    ] GC(2) Concurrent Rebuild Remembered Sets
[2019-12-12T20:59:12.237+0530][gc,marking    ] GC(2) Concurrent Rebuild Remembered Sets 5.384ms
[2019-12-12T20:59:12.237+0530][gc,start      ] GC(2) Pause Cleanup
[2019-12-12T20:59:12.237+0530][gc            ] GC(2) Pause Cleanup 138M->138M(1024M) 0.199ms
[2019-12-12T20:59:12.237+0530][gc,cpu        ] GC(2) User=0.00s Sys=0.00s Real=0.00s
[2019-12-12T20:59:12.237+0530][gc,marking    ] GC(2) Concurrent Cleanup for Next Mark
[2019-12-12T20:59:12.248+0530][gc,marking    ] GC(2) Concurrent Cleanup for Next Mark 10.171ms
[2019-12-12T20:59:12.248+0530][gc            ] GC(2) Concurrent Cycle 34.216ms
[2019-12-12T20:59:24.706+0530][gc,start      ] GC(3) Pause Young (Normal) (G1 Evacuation Pause)
[2019-12-12T20:59:24.706+0530][gc,task       ] GC(3) Using 4 workers of 4 for evacuation
[2019-12-12T20:59:24.715+0530][gc,phases     ] GC(3)   Pre Evacuate Collection Set: 0.0ms
[2019-12-12T20:59:24.715+0530][gc,phases     ] GC(3)   Evacuate Collection Set: 7.9ms
[2019-12-12T20:59:24.715+0530][gc,phases     ] GC(3)   Post Evacuate Collection Set: 0.6ms
[2019-12-12T20:59:24.715+0530][gc,phases     ] GC(3)   Other: 0.2ms
[2019-12-12T20:59:24.715+0530][gc,heap       ] GC(3) Eden regions: 49->0(46)
[2019-12-12T20:59:24.715+0530][gc,heap       ] GC(3) Survivor regions: 2->5(7)
[2019-12-12T20:59:24.715+0530][gc,heap       ] GC(3) Old regions: 8->8
[2019-12-12T20:59:24.715+0530][gc,heap       ] GC(3) Humongous regions: 129->129
[2019-12-12T20:59:24.715+0530][gc,metaspace  ] GC(3) Metaspace: 30557K->30557K(1077248K)
[2019-12-12T20:59:24.715+0530][gc            ] GC(3) Pause Young (Normal) (G1 Evacuation Pause) 185M->140M(1024M) 8.915ms
[2019-12-12T20:59:24.715+0530][gc,cpu        ] GC(3) User=0.03s Sys=0.01s Real=0.01s
[2019-12-12T20:59:28.554+0530][gc,start      ] GC(4) Pause Young (Concurrent Start) (Metadata GC Threshold)
[2019-12-12T20:59:28.554+0530][gc,task       ] GC(4) Using 4 workers of 4 for evacuation
[2019-12-12T20:59:28.567+0530][gc,phases     ] GC(4)   Pre Evacuate Collection Set: 0.1ms
[2019-12-12T20:59:28.567+0530][gc,phases     ] GC(4)   Evacuate Collection Set: 12.4ms
[2019-12-12T20:59:28.567+0530][gc,phases     ] GC(4)   Post Evacuate Collection Set: 0.5ms
[2019-12-12T20:59:28.567+0530][gc,phases     ] GC(4)   Other: 0.2ms
[2019-12-12T20:59:28.567+0530][gc,heap       ] GC(4) Eden regions: 34->0(49)
[2019-12-12T20:59:28.567+0530][gc,heap       ] GC(4) Survivor regions: 5->2(7)
[2019-12-12T20:59:28.567+0530][gc,heap       ] GC(4) Old regions: 8->13
[2019-12-12T20:59:28.567+0530][gc,heap       ] GC(4) Humongous regions: 129->129
[2019-12-12T20:59:28.567+0530][gc,metaspace  ] GC(4) Metaspace: 33824K->33824K(1079296K)
[2019-12-12T20:59:28.567+0530][gc            ] GC(4) Pause Young (Concurrent Start) (Metadata GC Threshold) 173M->142M(1024M) 13.360ms
[2019-12-12T20:59:28.567+0530][gc,cpu        ] GC(4) User=0.05s Sys=0.00s Real=0.01s
[2019-12-12T20:59:28.567+0530][gc            ] GC(5) Concurrent Cycle
[2019-12-12T20:59:28.567+0530][gc,marking    ] GC(5) Concurrent Clear Claimed Marks
[2019-12-12T20:59:28.568+0530][gc,marking    ] GC(5) Concurrent Clear Claimed Marks 0.142ms
[2019-12-12T20:59:28.568+0530][gc,marking    ] GC(5) Concurrent Scan Root Regions
[2019-12-12T20:59:28.571+0530][gc,marking    ] GC(5) Concurrent Scan Root Regions 3.778ms
[2019-12-12T20:59:28.571+0530][gc,marking    ] GC(5) Concurrent Mark (18.985s)
[2019-12-12T20:59:28.571+0530][gc,marking    ] GC(5) Concurrent Mark From Roots
[2019-12-12T20:59:28.571+0530][gc,task       ] GC(5) Using 1 workers of 1 for marking
[2019-12-12T20:59:28.633+0530][gc,marking    ] GC(5) Concurrent Mark From Roots 62.072ms
[2019-12-12T20:59:28.634+0530][gc,marking    ] GC(5) Concurrent Preclean
[2019-12-12T20:59:28.634+0530][gc,marking    ] GC(5) Concurrent Preclean 0.217ms
[2019-12-12T20:59:28.634+0530][gc,marking    ] GC(5) Concurrent Mark (18.985s, 19.048s) 62.387ms
[2019-12-12T20:59:28.635+0530][gc,start      ] GC(5) Pause Remark
[2019-12-12T20:59:28.640+0530][gc,stringtable] GC(5) Cleaned string and symbol table, strings: 10506 processed, 8 removed, symbols: 74894 processed, 18 removed
[2019-12-12T20:59:28.640+0530][gc            ] GC(5) Pause Remark 144M->144M(1024M) 5.634ms
[2019-12-12T20:59:28.640+0530][gc,cpu        ] GC(5) User=0.02s Sys=0.00s Real=0.01s
[2019-12-12T20:59:28.640+0530][gc,marking    ] GC(5) Concurrent Rebuild Remembered Sets
[2019-12-12T20:59:28.658+0530][gc,marking    ] GC(5) Concurrent Rebuild Remembered Sets 17.368ms
[2019-12-12T20:59:28.658+0530][gc,start      ] GC(5) Pause Cleanup
[2019-12-12T20:59:28.658+0530][gc            ] GC(5) Pause Cleanup 145M->145M(1024M) 0.268ms
[2019-12-12T20:59:28.658+0530][gc,cpu        ] GC(5) User=0.00s Sys=0.00s Real=0.00s
[2019-12-12T20:59:28.658+0530][gc,marking    ] GC(5) Concurrent Cleanup for Next Mark
[2019-12-12T20:59:28.668+0530][gc,marking    ] GC(5) Concurrent Cleanup for Next Mark 9.591ms
[2019-12-12T20:59:28.668+0530][gc            ] GC(5) Concurrent Cycle 100.509ms
[2019-12-12T21:06:06.963+0530][gc,start      ] GC(6) Pause Young (Concurrent Start) (G1 Evacuation Pause)
[2019-12-12T21:06:06.982+0530][gc,task       ] GC(6) Using 4 workers of 4 for evacuation
[2019-12-12T21:06:06.990+0530][gc,phases     ] GC(6)   Pre Evacuate Collection Set: 0.2ms
[2019-12-12T21:06:06.990+0530][gc,phases     ] GC(6)   Evacuate Collection Set: 6.8ms
[2019-12-12T21:06:06.990+0530][gc,phases     ] GC(6)   Post Evacuate Collection Set: 0.6ms
[2019-12-12T21:06:06.990+0530][gc,phases     ] GC(6)   Other: 19.1ms
[2019-12-12T21:06:06.990+0530][gc,heap       ] GC(6) Eden regions: 49->0(46)
[2019-12-12T21:06:06.990+0530][gc,heap       ] GC(6) Survivor regions: 2->5(7)
[2019-12-12T21:06:06.990+0530][gc,heap       ] GC(6) Old regions: 13->13
[2019-12-12T21:06:06.990+0530][gc,heap       ] GC(6) Humongous regions: 129->129
[2019-12-12T21:06:06.990+0530][gc,metaspace  ] GC(6) Metaspace: 36088K->36088K(1081344K)
[2019-12-12T21:06:06.990+0530][gc            ] GC(6) Pause Young (Concurrent Start) (G1 Evacuation Pause) 191M->144M(1024M) 26.865ms
[2019-12-12T21:06:06.990+0530][gc,cpu        ] GC(6) User=0.03s Sys=0.00s Real=0.02s
[2019-12-12T21:06:06.990+0530][gc            ] GC(7) Concurrent Cycle
[2019-12-12T21:06:06.990+0530][gc,marking    ] GC(7) Concurrent Clear Claimed Marks
[2019-12-12T21:06:06.990+0530][gc,marking    ] GC(7) Concurrent Clear Claimed Marks 0.166ms
[2019-12-12T21:06:06.990+0530][gc,marking    ] GC(7) Concurrent Scan Root Regions
[2019-12-12T21:06:06.994+0530][gc,marking    ] GC(7) Concurrent Scan Root Regions 3.676ms
[2019-12-12T21:06:06.994+0530][gc,marking    ] GC(7) Concurrent Mark (417.408s)
[2019-12-12T21:06:06.994+0530][gc,marking    ] GC(7) Concurrent Mark From Roots
[2019-12-12T21:06:06.994+0530][gc,task       ] GC(7) Using 1 workers of 1 for marking
[2019-12-12T21:06:07.013+0530][gc,marking    ] GC(7) Concurrent Mark From Roots 18.649ms
[2019-12-12T21:06:07.013+0530][gc,marking    ] GC(7) Concurrent Preclean
[2019-12-12T21:06:07.013+0530][gc,marking    ] GC(7) Concurrent Preclean 0.075ms
[2019-12-12T21:06:07.013+0530][gc,marking    ] GC(7) Concurrent Mark (417.408s, 417.427s) 18.790ms
[2019-12-12T21:06:07.013+0530][gc,start      ] GC(7) Pause Remark
[2019-12-12T21:06:07.019+0530][gc,stringtable] GC(7) Cleaned string and symbol table, strings: 11064 processed, 4 removed, symbols: 75495 processed, 3 removed
[2019-12-12T21:06:07.019+0530][gc            ] GC(7) Pause Remark 144M->144M(1024M) 5.922ms
[2019-12-12T21:06:07.019+0530][gc,cpu        ] GC(7) User=0.01s Sys=0.00s Real=0.01s
[2019-12-12T21:06:07.019+0530][gc,marking    ] GC(7) Concurrent Rebuild Remembered Sets
[2019-12-12T21:06:07.030+0530][gc,marking    ] GC(7) Concurrent Rebuild Remembered Sets 11.010ms
[2019-12-12T21:06:07.030+0530][gc,start      ] GC(7) Pause Cleanup
[2019-12-12T21:06:07.030+0530][gc            ] GC(7) Pause Cleanup 144M->144M(1024M) 0.219ms
[2019-12-12T21:06:07.030+0530][gc,cpu        ] GC(7) User=0.00s Sys=0.00s Real=0.00s
[2019-12-12T21:06:07.030+0530][gc,marking    ] GC(7) Concurrent Cleanup for Next Mark
[2019-12-12T21:06:07.032+0530][gc,marking    ] GC(7) Concurrent Cleanup for Next Mark 1.097ms
[2019-12-12T21:06:07.032+0530][gc            ] GC(7) Concurrent Cycle 41.469ms
[2019-12-12T21:13:42.100+0530][gc,start      ] GC(8) Pause Young (Normal) (G1 Evacuation Pause)
[2019-12-12T21:13:42.128+0530][gc,task       ] GC(8) Using 4 workers of 4 for evacuation
[2019-12-12T21:13:42.141+0530][gc,phases     ] GC(8)   Pre Evacuate Collection Set: 0.1ms
[2019-12-12T21:13:42.141+0530][gc,phases     ] GC(8)   Evacuate Collection Set: 11.8ms
[2019-12-12T21:13:42.141+0530][gc,phases     ] GC(8)   Post Evacuate Collection Set: 0.5ms
[2019-12-12T21:13:42.141+0530][gc,phases     ] GC(8)   Other: 28.8ms
[2019-12-12T21:13:42.141+0530][gc,heap       ] GC(8) Eden regions: 46->0(48)
[2019-12-12T21:13:42.141+0530][gc,heap       ] GC(8) Survivor regions: 5->3(7)
[2019-12-12T21:13:42.141+0530][gc,heap       ] GC(8) Old regions: 13->15
[2019-12-12T21:13:42.141+0530][gc,heap       ] GC(8) Humongous regions: 129->129
[2019-12-12T21:13:42.141+0530][gc,metaspace  ] GC(8) Metaspace: 36361K->36361K(1081344K)
[2019-12-12T21:13:42.141+0530][gc            ] GC(8) Pause Young (Normal) (G1 Evacuation Pause) 190M->144M(1024M) 41.206ms
[2019-12-12T21:13:42.141+0530][gc,cpu        ] GC(8) User=0.05s Sys=0.00s Real=0.04s
[2019-12-12T21:21:58.695+0530][gc,start      ] GC(9) Pause Young (Normal) (G1 Evacuation Pause)
[2019-12-12T21:21:58.723+0530][gc,task       ] GC(9) Using 4 workers of 4 for evacuation
[2019-12-12T21:21:58.732+0530][gc,phases     ] GC(9)   Pre Evacuate Collection Set: 0.1ms
[2019-12-12T21:21:58.732+0530][gc,phases     ] GC(9)   Evacuate Collection Set: 8.2ms
[2019-12-12T21:21:58.732+0530][gc,phases     ] GC(9)   Post Evacuate Collection Set: 0.5ms
[2019-12-12T21:21:58.732+0530][gc,phases     ] GC(9)   Other: 28.8ms
[2019-12-12T21:21:58.732+0530][gc,heap       ] GC(9) Eden regions: 48->0(48)
[2019-12-12T21:21:58.732+0530][gc,heap       ] GC(9) Survivor regions: 3->3(7)
[2019-12-12T21:21:58.732+0530][gc,heap       ] GC(9) Old regions: 15->15
[2019-12-12T21:21:58.732+0530][gc,heap       ] GC(9) Humongous regions: 129->129
[2019-12-12T21:21:58.732+0530][gc,metaspace  ] GC(9) Metaspace: 36675K->36675K(1081344K)
[2019-12-12T21:21:58.732+0530][gc            ] GC(9) Pause Young (Normal) (G1 Evacuation Pause) 192M->144M(1024M) 37.697ms
[2019-12-12T21:21:58.732+0530][gc,cpu        ] GC(9) User=0.03s Sys=0.00s Real=0.04s
[2019-12-12T21:30:42.534+0530][gc,start      ] GC(10) Pause Young (Normal) (G1 Evacuation Pause)
[2019-12-12T21:30:42.563+0530][gc,task       ] GC(10) Using 4 workers of 4 for evacuation
[2019-12-12T21:30:42.573+0530][gc,phases     ] GC(10)   Pre Evacuate Collection Set: 0.1ms
[2019-12-12T21:30:42.573+0530][gc,phases     ] GC(10)   Evacuate Collection Set: 9.0ms
[2019-12-12T21:30:42.573+0530][gc,phases     ] GC(10)   Post Evacuate Collection Set: 0.7ms
[2019-12-12T21:30:42.573+0530][gc,phases     ] GC(10)   Other: 28.9ms
[2019-12-12T21:30:42.573+0530][gc,heap       ] GC(10) Eden regions: 48->0(47)
[2019-12-12T21:30:42.573+0530][gc,heap       ] GC(10) Survivor regions: 3->4(7)
[2019-12-12T21:30:42.573+0530][gc,heap       ] GC(10) Old regions: 15->15
[2019-12-12T21:30:42.573+0530][gc,heap       ] GC(10) Humongous regions: 129->129
[2019-12-12T21:30:42.573+0530][gc,metaspace  ] GC(10) Metaspace: 36734K->36734K(1083392K)
[2019-12-12T21:30:42.573+0530][gc            ] GC(10) Pause Young (Normal) (G1 Evacuation Pause) 192M->145M(1024M) 38.762ms
[2019-12-12T21:30:42.573+0530][gc,cpu        ] GC(10) User=0.03s Sys=0.01s Real=0.04s
