[2019-12-13T17:13:19.358+0530][gc,heap] Heap region size: 1M
[2019-12-13T17:13:19.366+0530][gc     ] Using G1
[2019-12-13T17:13:19.366+0530][gc,heap,coops] Heap address: 0x00000000c0000000, size: 1024 MB, Compressed Oops mode: 32-bit
[2019-12-13T17:13:19.366+0530][gc,cds       ] Mark closed archive regions in map: [0x00000000fff00000, 0x00000000fff69ff8]
[2019-12-13T17:13:19.366+0530][gc,cds       ] Mark open archive regions in map: [0x00000000ffe00000, 0x00000000ffe33ff8]
[2019-12-13T17:13:21.703+0530][gc,start     ] GC(0) Pause Young (Normal) (G1 Evacuation Pause)
[2019-12-13T17:13:21.703+0530][gc,task      ] GC(0) Using 4 workers of 4 for evacuation
[2019-12-13T17:13:21.716+0530][gc,phases    ] GC(0)   Pre Evacuate Collection Set: 0.0ms
[2019-12-13T17:13:21.716+0530][gc,phases    ] GC(0)   Evacuate Collection Set: 11.6ms
[2019-12-13T17:13:21.716+0530][gc,phases    ] GC(0)   Post Evacuate Collection Set: 0.5ms
[2019-12-13T17:13:21.716+0530][gc,phases    ] GC(0)   Other: 0.4ms
[2019-12-13T17:13:21.716+0530][gc,heap      ] GC(0) Eden regions: 51->0(44)
[2019-12-13T17:13:21.716+0530][gc,heap      ] GC(0) Survivor regions: 0->7(7)
[2019-12-13T17:13:21.716+0530][gc,heap      ] GC(0) Old regions: 2->2
[2019-12-13T17:13:21.716+0530][gc,heap      ] GC(0) Humongous regions: 0->0
[2019-12-13T17:13:21.716+0530][gc,metaspace ] GC(0) Metaspace: 16903K->16903K(1064960K)
[2019-12-13T17:13:21.716+0530][gc           ] GC(0) Pause Young (Normal) (G1 Evacuation Pause) 51M->6M(1024M) 12.602ms
[2019-12-13T17:13:21.716+0530][gc,cpu       ] GC(0) User=0.04s Sys=0.00s Real=0.01s
[2019-12-13T17:13:22.242+0530][gc,start     ] GC(1) Pause Young (Concurrent Start) (Metadata GC Threshold)
[2019-12-13T17:13:22.242+0530][gc,task      ] GC(1) Using 4 workers of 4 for evacuation
[2019-12-13T17:13:22.255+0530][gc,phases    ] GC(1)   Pre Evacuate Collection Set: 0.0ms
[2019-12-13T17:13:22.255+0530][gc,phases    ] GC(1)   Evacuate Collection Set: 12.0ms
[2019-12-13T17:13:22.255+0530][gc,phases    ] GC(1)   Post Evacuate Collection Set: 0.5ms
[2019-12-13T17:13:22.255+0530][gc,phases    ] GC(1)   Other: 0.2ms
[2019-12-13T17:13:22.255+0530][gc,heap      ] GC(1) Eden regions: 15->0(49)
[2019-12-13T17:13:22.255+0530][gc,heap      ] GC(1) Survivor regions: 7->2(7)
[2019-12-13T17:13:22.255+0530][gc,heap      ] GC(1) Old regions: 2->9
[2019-12-13T17:13:22.255+0530][gc,heap      ] GC(1) Humongous regions: 129->129
[2019-12-13T17:13:22.255+0530][gc,metaspace ] GC(1) Metaspace: 20430K->20430K(1067008K)
[2019-12-13T17:13:22.255+0530][gc           ] GC(1) Pause Young (Concurrent Start) (Metadata GC Threshold) 150M->137M(1024M) 12.828ms
[2019-12-13T17:13:22.255+0530][gc,cpu       ] GC(1) User=0.04s Sys=0.00s Real=0.01s
[2019-12-13T17:13:22.255+0530][gc           ] GC(2) Concurrent Cycle
[2019-12-13T17:13:22.255+0530][gc,marking   ] GC(2) Concurrent Clear Claimed Marks
[2019-12-13T17:13:22.255+0530][gc,marking   ] GC(2) Concurrent Clear Claimed Marks 0.058ms
[2019-12-13T17:13:22.255+0530][gc,marking   ] GC(2) Concurrent Scan Root Regions
[2019-12-13T17:13:22.256+0530][gc,marking   ] GC(2) Concurrent Scan Root Regions 0.891ms
[2019-12-13T17:13:22.256+0530][gc,marking   ] GC(2) Concurrent Mark (2.900s)
[2019-12-13T17:13:22.256+0530][gc,marking   ] GC(2) Concurrent Mark From Roots
[2019-12-13T17:13:22.256+0530][gc,task      ] GC(2) Using 1 workers of 1 for marking
[2019-12-13T17:13:22.265+0530][gc,marking   ] GC(2) Concurrent Mark From Roots 9.429ms
[2019-12-13T17:13:22.265+0530][gc,marking   ] GC(2) Concurrent Preclean
[2019-12-13T17:13:22.265+0530][gc,marking   ] GC(2) Concurrent Preclean 0.129ms
[2019-12-13T17:13:22.266+0530][gc,marking   ] GC(2) Concurrent Mark (2.900s, 2.910s) 9.618ms
[2019-12-13T17:13:22.266+0530][gc,start     ] GC(2) Pause Remark
[2019-12-13T17:13:22.270+0530][gc,stringtable] GC(2) Cleaned string and symbol table, strings: 4902 processed, 0 removed, symbols: 49491 processed, 48 removed
[2019-12-13T17:13:22.270+0530][gc            ] GC(2) Pause Remark 138M->138M(1024M) 4.330ms
[2019-12-13T17:13:22.270+0530][gc,cpu        ] GC(2) User=0.01s Sys=0.00s Real=0.01s
[2019-12-13T17:13:22.270+0530][gc,marking    ] GC(2) Concurrent Rebuild Remembered Sets
[2019-12-13T17:13:22.275+0530][gc,marking    ] GC(2) Concurrent Rebuild Remembered Sets 4.875ms
[2019-12-13T17:13:22.275+0530][gc,start      ] GC(2) Pause Cleanup
[2019-12-13T17:13:22.275+0530][gc            ] GC(2) Pause Cleanup 138M->138M(1024M) 0.169ms
[2019-12-13T17:13:22.275+0530][gc,cpu        ] GC(2) User=0.00s Sys=0.00s Real=0.00s
[2019-12-13T17:13:22.275+0530][gc,marking    ] GC(2) Concurrent Cleanup for Next Mark
[2019-12-13T17:13:22.283+0530][gc,marking    ] GC(2) Concurrent Cleanup for Next Mark 7.611ms
[2019-12-13T17:13:22.283+0530][gc            ] GC(2) Concurrent Cycle 28.165ms
[2019-12-13T17:14:05.344+0530][gc,start      ] GC(3) Pause Young (Normal) (G1 Evacuation Pause)
[2019-12-13T17:14:05.344+0530][gc,task       ] GC(3) Using 4 workers of 4 for evacuation
[2019-12-13T17:14:05.351+0530][gc,phases     ] GC(3)   Pre Evacuate Collection Set: 0.0ms
[2019-12-13T17:14:05.351+0530][gc,phases     ] GC(3)   Evacuate Collection Set: 7.2ms
[2019-12-13T17:14:05.351+0530][gc,phases     ] GC(3)   Post Evacuate Collection Set: 0.4ms
[2019-12-13T17:14:05.351+0530][gc,phases     ] GC(3)   Other: 0.2ms
[2019-12-13T17:14:05.351+0530][gc,heap       ] GC(3) Eden regions: 49->0(46)
[2019-12-13T17:14:05.351+0530][gc,heap       ] GC(3) Survivor regions: 2->5(7)
[2019-12-13T17:14:05.351+0530][gc,heap       ] GC(3) Old regions: 9->9
[2019-12-13T17:14:05.351+0530][gc,heap       ] GC(3) Humongous regions: 129->129
[2019-12-13T17:14:05.351+0530][gc,metaspace  ] GC(3) Metaspace: 30333K->30333K(1077248K)
[2019-12-13T17:14:05.351+0530][gc            ] GC(3) Pause Young (Normal) (G1 Evacuation Pause) 186M->140M(1024M) 7.947ms
[2019-12-13T17:14:05.351+0530][gc,cpu        ] GC(3) User=0.03s Sys=0.00s Real=0.01s
[2019-12-13T17:14:08.880+0530][gc,start      ] GC(4) Pause Young (Concurrent Start) (Metadata GC Threshold)
[2019-12-13T17:14:08.880+0530][gc,task       ] GC(4) Using 4 workers of 4 for evacuation
[2019-12-13T17:14:08.892+0530][gc,phases     ] GC(4)   Pre Evacuate Collection Set: 0.1ms
[2019-12-13T17:14:08.892+0530][gc,phases     ] GC(4)   Evacuate Collection Set: 11.2ms
[2019-12-13T17:14:08.892+0530][gc,phases     ] GC(4)   Post Evacuate Collection Set: 0.5ms
[2019-12-13T17:14:08.892+0530][gc,phases     ] GC(4)   Other: 0.2ms
[2019-12-13T17:14:08.892+0530][gc,heap       ] GC(4) Eden regions: 34->0(49)
[2019-12-13T17:14:08.892+0530][gc,heap       ] GC(4) Survivor regions: 5->2(7)
[2019-12-13T17:14:08.892+0530][gc,heap       ] GC(4) Old regions: 9->13
[2019-12-13T17:14:08.892+0530][gc,heap       ] GC(4) Humongous regions: 129->129
[2019-12-13T17:14:08.892+0530][gc,metaspace  ] GC(4) Metaspace: 33870K->33870K(1079296K)
[2019-12-13T17:14:08.892+0530][gc            ] GC(4) Pause Young (Concurrent Start) (Metadata GC Threshold) 174M->142M(1024M) 12.166ms
[2019-12-13T17:14:08.892+0530][gc,cpu        ] GC(4) User=0.05s Sys=0.00s Real=0.01s
[2019-12-13T17:14:08.892+0530][gc            ] GC(5) Concurrent Cycle
[2019-12-13T17:14:08.892+0530][gc,marking    ] GC(5) Concurrent Clear Claimed Marks
[2019-12-13T17:14:08.892+0530][gc,marking    ] GC(5) Concurrent Clear Claimed Marks 0.155ms
[2019-12-13T17:14:08.892+0530][gc,marking    ] GC(5) Concurrent Scan Root Regions
[2019-12-13T17:14:08.895+0530][gc,marking    ] GC(5) Concurrent Scan Root Regions 2.384ms
[2019-12-13T17:14:08.895+0530][gc,marking    ] GC(5) Concurrent Mark (49.539s)
[2019-12-13T17:14:08.895+0530][gc,marking    ] GC(5) Concurrent Mark From Roots
[2019-12-13T17:14:08.895+0530][gc,task       ] GC(5) Using 1 workers of 1 for marking
[2019-12-13T17:14:08.932+0530][gc,marking    ] GC(5) Concurrent Mark From Roots 36.982ms
[2019-12-13T17:14:08.932+0530][gc,marking    ] GC(5) Concurrent Preclean
[2019-12-13T17:14:08.932+0530][gc,marking    ] GC(5) Concurrent Preclean 0.140ms
[2019-12-13T17:14:08.932+0530][gc,marking    ] GC(5) Concurrent Mark (49.539s, 49.576s) 37.208ms
[2019-12-13T17:14:08.932+0530][gc,start      ] GC(5) Pause Remark
[2019-12-13T17:14:08.936+0530][gc,stringtable] GC(5) Cleaned string and symbol table, strings: 10545 processed, 8 removed, symbols: 74830 processed, 17 removed
[2019-12-13T17:14:08.936+0530][gc            ] GC(5) Pause Remark 144M->144M(1024M) 4.354ms
[2019-12-13T17:14:08.936+0530][gc,cpu        ] GC(5) User=0.01s Sys=0.00s Real=0.00s
[2019-12-13T17:14:08.936+0530][gc,marking    ] GC(5) Concurrent Rebuild Remembered Sets
[2019-12-13T17:14:08.961+0530][gc,marking    ] GC(5) Concurrent Rebuild Remembered Sets 24.968ms
[2019-12-13T17:14:08.962+0530][gc,start      ] GC(5) Pause Cleanup
[2019-12-13T17:14:08.962+0530][gc            ] GC(5) Pause Cleanup 145M->145M(1024M) 0.179ms
[2019-12-13T17:14:08.962+0530][gc,cpu        ] GC(5) User=0.00s Sys=0.00s Real=0.00s
[2019-12-13T17:14:08.962+0530][gc,marking    ] GC(5) Concurrent Cleanup for Next Mark
[2019-12-13T17:14:08.976+0530][gc,marking    ] GC(5) Concurrent Cleanup for Next Mark 14.605ms
[2019-12-13T17:14:08.976+0530][gc            ] GC(5) Concurrent Cycle 84.430ms
[2019-12-13T17:20:50.790+0530][gc,start      ] GC(6) Pause Young (Concurrent Start) (G1 Evacuation Pause)
[2019-12-13T17:20:50.790+0530][gc,task       ] GC(6) Using 4 workers of 4 for evacuation
[2019-12-13T17:20:50.808+0530][gc,phases     ] GC(6)   Pre Evacuate Collection Set: 0.2ms
[2019-12-13T17:20:50.808+0530][gc,phases     ] GC(6)   Evacuate Collection Set: 12.6ms
[2019-12-13T17:20:50.808+0530][gc,phases     ] GC(6)   Post Evacuate Collection Set: 4.6ms
[2019-12-13T17:20:50.808+0530][gc,phases     ] GC(6)   Other: 0.4ms
[2019-12-13T17:20:50.808+0530][gc,heap       ] GC(6) Eden regions: 49->0(46)
[2019-12-13T17:20:50.808+0530][gc,heap       ] GC(6) Survivor regions: 2->5(7)
[2019-12-13T17:20:50.808+0530][gc,heap       ] GC(6) Old regions: 13->13
[2019-12-13T17:20:50.808+0530][gc,heap       ] GC(6) Humongous regions: 129->129
[2019-12-13T17:20:50.808+0530][gc,metaspace  ] GC(6) Metaspace: 36217K->36217K(1081344K)
[2019-12-13T17:20:50.808+0530][gc            ] GC(6) Pause Young (Concurrent Start) (G1 Evacuation Pause) 191M->144M(1024M) 17.888ms
[2019-12-13T17:20:50.808+0530][gc,cpu        ] GC(6) User=0.03s Sys=0.00s Real=0.02s
[2019-12-13T17:20:50.808+0530][gc            ] GC(7) Concurrent Cycle
[2019-12-13T17:20:50.808+0530][gc,marking    ] GC(7) Concurrent Clear Claimed Marks
[2019-12-13T17:20:50.808+0530][gc,marking    ] GC(7) Concurrent Clear Claimed Marks 0.163ms
[2019-12-13T17:20:50.808+0530][gc,marking    ] GC(7) Concurrent Scan Root Regions
[2019-12-13T17:20:50.812+0530][gc,marking    ] GC(7) Concurrent Scan Root Regions 3.673ms
[2019-12-13T17:20:50.812+0530][gc,marking    ] GC(7) Concurrent Mark (451.457s)
[2019-12-13T17:20:50.812+0530][gc,marking    ] GC(7) Concurrent Mark From Roots
[2019-12-13T17:20:50.812+0530][gc,task       ] GC(7) Using 1 workers of 1 for marking
[2019-12-13T17:20:50.841+0530][gc,marking    ] GC(7) Concurrent Mark From Roots 28.989ms
[2019-12-13T17:20:50.841+0530][gc,marking    ] GC(7) Concurrent Preclean
[2019-12-13T17:20:50.841+0530][gc,marking    ] GC(7) Concurrent Preclean 0.125ms
[2019-12-13T17:20:50.841+0530][gc,marking    ] GC(7) Concurrent Mark (451.457s, 451.486s) 29.234ms
[2019-12-13T17:20:50.842+0530][gc,start      ] GC(7) Pause Remark
[2019-12-13T17:20:50.848+0530][gc,stringtable] GC(7) Cleaned string and symbol table, strings: 11140 processed, 4 removed, symbols: 75519 processed, 3 removed
[2019-12-13T17:20:50.849+0530][gc            ] GC(7) Pause Remark 145M->145M(1024M) 6.794ms
[2019-12-13T17:20:50.849+0530][gc,cpu        ] GC(7) User=0.02s Sys=0.00s Real=0.01s
[2019-12-13T17:20:50.849+0530][gc,marking    ] GC(7) Concurrent Rebuild Remembered Sets
[2019-12-13T17:20:50.866+0530][gc,marking    ] GC(7) Concurrent Rebuild Remembered Sets 17.552ms
[2019-12-13T17:20:50.866+0530][gc,start      ] GC(7) Pause Cleanup
[2019-12-13T17:20:50.867+0530][gc            ] GC(7) Pause Cleanup 145M->145M(1024M) 0.171ms
[2019-12-13T17:20:50.867+0530][gc,cpu        ] GC(7) User=0.00s Sys=0.00s Real=0.00s
[2019-12-13T17:20:50.867+0530][gc,marking    ] GC(7) Concurrent Cleanup for Next Mark
[2019-12-13T17:20:50.868+0530][gc,marking    ] GC(7) Concurrent Cleanup for Next Mark 1.301ms
[2019-12-13T17:20:50.868+0530][gc            ] GC(7) Concurrent Cycle 59.986ms
[2019-12-13T17:28:15.485+0530][gc,start      ] GC(8) Pause Young (Normal) (G1 Evacuation Pause)
[2019-12-13T17:28:15.535+0530][gc,task       ] GC(8) Using 4 workers of 4 for evacuation
[2019-12-13T17:28:15.551+0530][gc,phases     ] GC(8)   Pre Evacuate Collection Set: 0.1ms
[2019-12-13T17:28:15.551+0530][gc,phases     ] GC(8)   Evacuate Collection Set: 15.3ms
[2019-12-13T17:28:15.551+0530][gc,phases     ] GC(8)   Post Evacuate Collection Set: 0.6ms
[2019-12-13T17:28:15.551+0530][gc,phases     ] GC(8)   Other: 50.1ms
[2019-12-13T17:28:15.551+0530][gc,heap       ] GC(8) Eden regions: 46->0(48)
[2019-12-13T17:28:15.551+0530][gc,heap       ] GC(8) Survivor regions: 5->3(7)
[2019-12-13T17:28:15.551+0530][gc,heap       ] GC(8) Old regions: 13->15
[2019-12-13T17:28:15.551+0530][gc,heap       ] GC(8) Humongous regions: 129->129
[2019-12-13T17:28:15.551+0530][gc,metaspace  ] GC(8) Metaspace: 36483K->36483K(1081344K)
[2019-12-13T17:28:15.585+0530][gc            ] GC(8) Pause Young (Normal) (G1 Evacuation Pause) 190M->145M(1024M) 95.659ms
[2019-12-13T17:28:15.585+0530][gc,cpu        ] GC(8) User=0.06s Sys=0.00s Real=0.10s
[2019-12-13T17:36:25.369+0530][gc,start      ] GC(9) Pause Young (Normal) (G1 Evacuation Pause)
[2019-12-13T17:36:25.369+0530][gc,task       ] GC(9) Using 4 workers of 4 for evacuation
[2019-12-13T17:36:25.383+0530][gc,phases     ] GC(9)   Pre Evacuate Collection Set: 0.1ms
[2019-12-13T17:36:25.383+0530][gc,phases     ] GC(9)   Evacuate Collection Set: 13.4ms
[2019-12-13T17:36:25.383+0530][gc,phases     ] GC(9)   Post Evacuate Collection Set: 0.5ms
[2019-12-13T17:36:25.383+0530][gc,phases     ] GC(9)   Other: 0.5ms
[2019-12-13T17:36:25.383+0530][gc,heap       ] GC(9) Eden regions: 48->0(48)
[2019-12-13T17:36:25.383+0530][gc,heap       ] GC(9) Survivor regions: 3->3(7)
[2019-12-13T17:36:25.383+0530][gc,heap       ] GC(9) Old regions: 15->15
[2019-12-13T17:36:25.383+0530][gc,heap       ] GC(9) Humongous regions: 129->129
[2019-12-13T17:36:25.383+0530][gc,metaspace  ] GC(9) Metaspace: 36865K->36865K(1083392K)
[2019-12-13T17:36:25.384+0530][gc            ] GC(9) Pause Young (Normal) (G1 Evacuation Pause) 193M->145M(1024M) 14.473ms
[2019-12-13T17:36:25.384+0530][gc,cpu        ] GC(9) User=0.04s Sys=0.00s Real=0.01s
[2019-12-13T17:45:09.888+0530][gc,start      ] GC(10) Pause Young (Normal) (G1 Evacuation Pause)
[2019-12-13T17:45:09.932+0530][gc,task       ] GC(10) Using 4 workers of 4 for evacuation
[2019-12-13T17:45:12.698+0530][gc,mmu        ] GC(10) MMU target violated: 21.0ms (20.0ms/21.0ms)
[2019-12-13T17:45:12.787+0530][gc,phases     ] GC(10)   Pre Evacuate Collection Set: 139.8ms
[2019-12-13T17:45:12.787+0530][gc,phases     ] GC(10)   Evacuate Collection Set: 2470.8ms
[2019-12-13T17:45:12.787+0530][gc,phases     ] GC(10)   Post Evacuate Collection Set: 95.3ms
[2019-12-13T17:45:12.831+0530][gc,phases     ] GC(10)   Other: 187.2ms
[2019-12-13T17:45:12.831+0530][gc,heap       ] GC(10) Eden regions: 48->0(47)
[2019-12-13T17:45:12.831+0530][gc,heap       ] GC(10) Survivor regions: 3->4(7)
[2019-12-13T17:45:12.831+0530][gc,heap       ] GC(10) Old regions: 15->15
[2019-12-13T17:45:12.831+0530][gc,heap       ] GC(10) Humongous regions: 129->129
[2019-12-13T17:45:12.831+0530][gc,metaspace  ] GC(10) Metaspace: 36917K->36917K(1083392K)
[2019-12-13T17:45:12.832+0530][gc            ] GC(10) Pause Young (Normal) (G1 Evacuation Pause) 193M->145M(1024M) 2963.321ms
[2019-12-13T17:45:12.832+0530][gc,cpu        ] GC(10) User=0.11s Sys=0.04s Real=2.96s
[2019-12-13T17:53:45.486+0530][gc,start      ] GC(11) Pause Young (Normal) (G1 Evacuation Pause)
[2019-12-13T17:53:45.486+0530][gc,task       ] GC(11) Using 4 workers of 4 for evacuation
[2019-12-13T17:53:45.577+0530][gc,mmu        ] GC(11) MMU target violated: 21.0ms (20.0ms/21.0ms)
[2019-12-13T17:53:45.577+0530][gc,phases     ] GC(11)   Pre Evacuate Collection Set: 0.1ms
[2019-12-13T17:53:45.577+0530][gc,phases     ] GC(11)   Evacuate Collection Set: 90.5ms
[2019-12-13T17:53:45.577+0530][gc,phases     ] GC(11)   Post Evacuate Collection Set: 0.6ms
[2019-12-13T17:53:45.577+0530][gc,phases     ] GC(11)   Other: 0.5ms
[2019-12-13T17:53:45.577+0530][gc,heap       ] GC(11) Eden regions: 47->0(47)
[2019-12-13T17:53:45.577+0530][gc,heap       ] GC(11) Survivor regions: 4->4(7)
[2019-12-13T17:53:45.577+0530][gc,heap       ] GC(11) Old regions: 15->15
[2019-12-13T17:53:45.577+0530][gc,heap       ] GC(11) Humongous regions: 129->129
[2019-12-13T17:53:45.577+0530][gc,metaspace  ] GC(11) Metaspace: 36983K->36983K(1083392K)
[2019-12-13T17:53:45.577+0530][gc            ] GC(11) Pause Young (Normal) (G1 Evacuation Pause) 192M->145M(1024M) 91.722ms
[2019-12-13T17:53:45.577+0530][gc,cpu        ] GC(11) User=0.03s Sys=0.00s Real=0.09s
[2019-12-13T18:02:20.486+0530][gc,start      ] GC(12) Pause Young (Normal) (G1 Evacuation Pause)
[2019-12-13T18:02:20.486+0530][gc,task       ] GC(12) Using 4 workers of 4 for evacuation
[2019-12-13T18:02:20.589+0530][gc,mmu        ] GC(12) MMU target violated: 21.0ms (20.0ms/21.0ms)
[2019-12-13T18:02:20.589+0530][gc,phases     ] GC(12)   Pre Evacuate Collection Set: 0.0ms
[2019-12-13T18:02:20.589+0530][gc,phases     ] GC(12)   Evacuate Collection Set: 101.8ms
[2019-12-13T18:02:20.589+0530][gc,phases     ] GC(12)   Post Evacuate Collection Set: 0.6ms
[2019-12-13T18:02:20.589+0530][gc,phases     ] GC(12)   Other: 0.4ms
[2019-12-13T18:02:20.589+0530][gc,heap       ] GC(12) Eden regions: 47->0(47)
[2019-12-13T18:02:20.589+0530][gc,heap       ] GC(12) Survivor regions: 4->4(7)
[2019-12-13T18:02:20.589+0530][gc,heap       ] GC(12) Old regions: 15->15
[2019-12-13T18:02:20.589+0530][gc,heap       ] GC(12) Humongous regions: 129->129
[2019-12-13T18:02:20.589+0530][gc,metaspace  ] GC(12) Metaspace: 37014K->37014K(1083392K)
[2019-12-13T18:02:20.589+0530][gc            ] GC(12) Pause Young (Normal) (G1 Evacuation Pause) 192M->145M(1024M) 102.907ms
[2019-12-13T18:02:20.589+0530][gc,cpu        ] GC(12) User=0.10s Sys=0.00s Real=0.11s
[2019-12-13T18:21:32.784+0530][gc,start      ] GC(13) Pause Young (Normal) (G1 Evacuation Pause)
[2019-12-13T18:21:32.851+0530][gc,task       ] GC(13) Using 4 workers of 4 for evacuation
[2019-12-13T18:21:32.922+0530][gc,mmu        ] GC(13) MMU target violated: 21.0ms (20.0ms/21.0ms)
[2019-12-13T18:21:32.922+0530][gc,phases     ] GC(13)   Pre Evacuate Collection Set: 0.0ms
[2019-12-13T18:21:32.922+0530][gc,phases     ] GC(13)   Evacuate Collection Set: 70.9ms
[2019-12-13T18:21:32.922+0530][gc,phases     ] GC(13)   Post Evacuate Collection Set: 0.5ms
[2019-12-13T18:21:32.922+0530][gc,phases     ] GC(13)   Other: 66.7ms
[2019-12-13T18:21:32.922+0530][gc,heap       ] GC(13) Eden regions: 47->0(47)
[2019-12-13T18:21:32.922+0530][gc,heap       ] GC(13) Survivor regions: 4->4(7)
[2019-12-13T18:21:32.922+0530][gc,heap       ] GC(13) Old regions: 15->15
[2019-12-13T18:21:32.922+0530][gc,heap       ] GC(13) Humongous regions: 129->129
[2019-12-13T18:21:32.922+0530][gc,metaspace  ] GC(13) Metaspace: 37192K->37192K(1083392K)
[2019-12-13T18:21:32.923+0530][gc            ] GC(13) Pause Young (Normal) (G1 Evacuation Pause) 192M->146M(1024M) 138.075ms
[2019-12-13T18:21:32.923+0530][gc,cpu        ] GC(13) User=0.04s Sys=0.00s Real=0.14s
