[2019-12-12T18:55:02.723+0530][gc,heap] Heap region size: 1M
[2019-12-12T18:55:02.732+0530][gc     ] Using G1
[2019-12-12T18:55:02.732+0530][gc,heap,coops] Heap address: 0x00000000c0000000, size: 1024 MB, Compressed Oops mode: 32-bit
[2019-12-12T18:55:02.732+0530][gc,cds       ] Mark closed archive regions in map: [0x00000000fff00000, 0x00000000fff69ff8]
[2019-12-12T18:55:02.732+0530][gc,cds       ] Mark open archive regions in map: [0x00000000ffe00000, 0x00000000ffe33ff8]
[2019-12-12T18:55:05.113+0530][gc,start     ] GC(0) Pause Young (Normal) (G1 Evacuation Pause)
[2019-12-12T18:55:05.135+0530][gc,task      ] GC(0) Using 4 workers of 4 for evacuation
[2019-12-12T18:55:05.151+0530][gc,phases    ] GC(0)   Pre Evacuate Collection Set: 0.0ms
[2019-12-12T18:55:05.151+0530][gc,phases    ] GC(0)   Evacuate Collection Set: 15.5ms
[2019-12-12T18:55:05.151+0530][gc,phases    ] GC(0)   Post Evacuate Collection Set: 0.5ms
[2019-12-12T18:55:05.151+0530][gc,phases    ] GC(0)   Other: 22.2ms
[2019-12-12T18:55:05.151+0530][gc,heap      ] GC(0) Eden regions: 51->0(44)
[2019-12-12T18:55:05.151+0530][gc,heap      ] GC(0) Survivor regions: 0->7(7)
[2019-12-12T18:55:05.151+0530][gc,heap      ] GC(0) Old regions: 2->2
[2019-12-12T18:55:05.151+0530][gc,heap      ] GC(0) Humongous regions: 0->0
[2019-12-12T18:55:05.151+0530][gc,metaspace ] GC(0) Metaspace: 16972K->16972K(1064960K)
[2019-12-12T18:55:05.151+0530][gc           ] GC(0) Pause Young (Normal) (G1 Evacuation Pause) 51M->6M(1024M) 38.343ms
[2019-12-12T18:55:05.151+0530][gc,cpu       ] GC(0) User=0.05s Sys=0.01s Real=0.04s
[2019-12-12T18:55:05.621+0530][gc,start     ] GC(1) Pause Young (Concurrent Start) (Metadata GC Threshold)
[2019-12-12T18:55:05.621+0530][gc,task      ] GC(1) Using 4 workers of 4 for evacuation
[2019-12-12T18:55:05.637+0530][gc,phases    ] GC(1)   Pre Evacuate Collection Set: 0.1ms
[2019-12-12T18:55:05.637+0530][gc,phases    ] GC(1)   Evacuate Collection Set: 14.8ms
[2019-12-12T18:55:05.637+0530][gc,phases    ] GC(1)   Post Evacuate Collection Set: 0.4ms
[2019-12-12T18:55:05.637+0530][gc,phases    ] GC(1)   Other: 0.2ms
[2019-12-12T18:55:05.637+0530][gc,heap      ] GC(1) Eden regions: 15->0(49)
[2019-12-12T18:55:05.637+0530][gc,heap      ] GC(1) Survivor regions: 7->2(7)
[2019-12-12T18:55:05.637+0530][gc,heap      ] GC(1) Old regions: 2->9
[2019-12-12T18:55:05.637+0530][gc,heap      ] GC(1) Humongous regions: 129->129
[2019-12-12T18:55:05.637+0530][gc,metaspace ] GC(1) Metaspace: 20410K->20410K(1067008K)
[2019-12-12T18:55:05.637+0530][gc           ] GC(1) Pause Young (Concurrent Start) (Metadata GC Threshold) 150M->137M(1024M) 15.576ms
[2019-12-12T18:55:05.637+0530][gc,cpu       ] GC(1) User=0.03s Sys=0.01s Real=0.02s
[2019-12-12T18:55:05.637+0530][gc           ] GC(2) Concurrent Cycle
[2019-12-12T18:55:05.637+0530][gc,marking   ] GC(2) Concurrent Clear Claimed Marks
[2019-12-12T18:55:05.637+0530][gc,marking   ] GC(2) Concurrent Clear Claimed Marks 0.054ms
[2019-12-12T18:55:05.637+0530][gc,marking   ] GC(2) Concurrent Scan Root Regions
[2019-12-12T18:55:05.638+0530][gc,marking   ] GC(2) Concurrent Scan Root Regions 1.223ms
[2019-12-12T18:55:05.638+0530][gc,marking   ] GC(2) Concurrent Mark (2.963s)
[2019-12-12T18:55:05.638+0530][gc,marking   ] GC(2) Concurrent Mark From Roots
[2019-12-12T18:55:05.638+0530][gc,task      ] GC(2) Using 1 workers of 1 for marking
[2019-12-12T18:55:05.651+0530][gc,marking   ] GC(2) Concurrent Mark From Roots 12.856ms
[2019-12-12T18:55:05.651+0530][gc,marking   ] GC(2) Concurrent Preclean
[2019-12-12T18:55:05.651+0530][gc,marking   ] GC(2) Concurrent Preclean 0.095ms
[2019-12-12T18:55:05.651+0530][gc,marking   ] GC(2) Concurrent Mark (2.963s, 2.976s) 13.014ms
[2019-12-12T18:55:05.651+0530][gc,start     ] GC(2) Pause Remark
[2019-12-12T18:55:05.654+0530][gc,stringtable] GC(2) Cleaned string and symbol table, strings: 4888 processed, 0 removed, symbols: 49110 processed, 47 removed
[2019-12-12T18:55:05.654+0530][gc            ] GC(2) Pause Remark 137M->137M(1024M) 3.037ms
[2019-12-12T18:55:05.654+0530][gc,cpu        ] GC(2) User=0.01s Sys=0.00s Real=0.00s
[2019-12-12T18:55:05.654+0530][gc,marking    ] GC(2) Concurrent Rebuild Remembered Sets
[2019-12-12T18:55:05.661+0530][gc,marking    ] GC(2) Concurrent Rebuild Remembered Sets 6.374ms
[2019-12-12T18:55:05.661+0530][gc,start      ] GC(2) Pause Cleanup
[2019-12-12T18:55:05.661+0530][gc            ] GC(2) Pause Cleanup 138M->138M(1024M) 0.187ms
[2019-12-12T18:55:05.661+0530][gc,cpu        ] GC(2) User=0.00s Sys=0.00s Real=0.00s
[2019-12-12T18:55:05.661+0530][gc,marking    ] GC(2) Concurrent Cleanup for Next Mark
[2019-12-12T18:55:05.670+0530][gc,marking    ] GC(2) Concurrent Cleanup for Next Mark 8.434ms
[2019-12-12T18:55:05.670+0530][gc            ] GC(2) Concurrent Cycle 32.910ms
[2019-12-12T18:56:10.338+0530][gc,start      ] GC(3) Pause Young (Normal) (G1 Evacuation Pause)
[2019-12-12T18:56:10.357+0530][gc,task       ] GC(3) Using 4 workers of 4 for evacuation
[2019-12-12T18:56:10.367+0530][gc,phases     ] GC(3)   Pre Evacuate Collection Set: 0.0ms
[2019-12-12T18:56:10.367+0530][gc,phases     ] GC(3)   Evacuate Collection Set: 8.8ms
[2019-12-12T18:56:10.367+0530][gc,phases     ] GC(3)   Post Evacuate Collection Set: 0.6ms
[2019-12-12T18:56:10.367+0530][gc,phases     ] GC(3)   Other: 19.4ms
[2019-12-12T18:56:10.367+0530][gc,heap       ] GC(3) Eden regions: 49->0(45)
[2019-12-12T18:56:10.367+0530][gc,heap       ] GC(3) Survivor regions: 2->6(7)
[2019-12-12T18:56:10.367+0530][gc,heap       ] GC(3) Old regions: 9->9
[2019-12-12T18:56:10.367+0530][gc,heap       ] GC(3) Humongous regions: 129->129
[2019-12-12T18:56:10.367+0530][gc,metaspace  ] GC(3) Metaspace: 30260K->30260K(1077248K)
[2019-12-12T18:56:10.367+0530][gc            ] GC(3) Pause Young (Normal) (G1 Evacuation Pause) 186M->140M(1024M) 28.963ms
[2019-12-12T18:56:10.367+0530][gc,cpu        ] GC(3) User=0.03s Sys=0.00s Real=0.02s
[2019-12-12T18:56:14.310+0530][gc,start      ] GC(4) Pause Young (Concurrent Start) (Metadata GC Threshold)
[2019-12-12T18:56:14.310+0530][gc,task       ] GC(4) Using 4 workers of 4 for evacuation
[2019-12-12T18:56:14.329+0530][gc,phases     ] GC(4)   Pre Evacuate Collection Set: 0.1ms
[2019-12-12T18:56:14.330+0530][gc,phases     ] GC(4)   Evacuate Collection Set: 18.2ms
[2019-12-12T18:56:14.330+0530][gc,phases     ] GC(4)   Post Evacuate Collection Set: 0.7ms
[2019-12-12T18:56:14.330+0530][gc,phases     ] GC(4)   Other: 0.3ms
[2019-12-12T18:56:14.330+0530][gc,heap       ] GC(4) Eden regions: 35->0(48)
[2019-12-12T18:56:14.330+0530][gc,heap       ] GC(4) Survivor regions: 6->3(7)
[2019-12-12T18:56:14.330+0530][gc,heap       ] GC(4) Old regions: 9->13
[2019-12-12T18:56:14.330+0530][gc,heap       ] GC(4) Humongous regions: 129->129
[2019-12-12T18:56:14.330+0530][gc,metaspace  ] GC(4) Metaspace: 33664K->33664K(1079296K)
[2019-12-12T18:56:14.330+0530][gc            ] GC(4) Pause Young (Concurrent Start) (Metadata GC Threshold) 175M->142M(1024M) 19.466ms
[2019-12-12T18:56:14.330+0530][gc,cpu        ] GC(4) User=0.06s Sys=0.00s Real=0.02s
[2019-12-12T18:56:14.330+0530][gc            ] GC(5) Concurrent Cycle
[2019-12-12T18:56:14.330+0530][gc,marking    ] GC(5) Concurrent Clear Claimed Marks
[2019-12-12T18:56:14.330+0530][gc,marking    ] GC(5) Concurrent Clear Claimed Marks 0.142ms
[2019-12-12T18:56:14.330+0530][gc,marking    ] GC(5) Concurrent Scan Root Regions
[2019-12-12T18:56:14.332+0530][gc,marking    ] GC(5) Concurrent Scan Root Regions 1.779ms
[2019-12-12T18:56:14.332+0530][gc,marking    ] GC(5) Concurrent Mark (71.656s)
[2019-12-12T18:56:14.332+0530][gc,marking    ] GC(5) Concurrent Mark From Roots
[2019-12-12T18:56:14.332+0530][gc,task       ] GC(5) Using 1 workers of 1 for marking
[2019-12-12T18:56:14.387+0530][gc,marking    ] GC(5) Concurrent Mark From Roots 54.901ms
[2019-12-12T18:56:14.387+0530][gc,marking    ] GC(5) Concurrent Preclean
[2019-12-12T18:56:14.387+0530][gc,marking    ] GC(5) Concurrent Preclean 0.119ms
[2019-12-12T18:56:14.387+0530][gc,marking    ] GC(5) Concurrent Mark (71.656s, 71.712s) 55.118ms
[2019-12-12T18:56:14.387+0530][gc,start      ] GC(5) Pause Remark
[2019-12-12T18:56:14.400+0530][gc,stringtable] GC(5) Cleaned string and symbol table, strings: 10461 processed, 8 removed, symbols: 74715 processed, 18 removed
[2019-12-12T18:56:14.401+0530][gc            ] GC(5) Pause Remark 144M->144M(1024M) 13.791ms
[2019-12-12T18:56:14.401+0530][gc,cpu        ] GC(5) User=0.02s Sys=0.00s Real=0.02s
[2019-12-12T18:56:14.401+0530][gc,marking    ] GC(5) Concurrent Rebuild Remembered Sets
[2019-12-12T18:56:14.423+0530][gc,marking    ] GC(5) Concurrent Rebuild Remembered Sets 22.578ms
[2019-12-12T18:56:14.424+0530][gc,start      ] GC(5) Pause Cleanup
[2019-12-12T18:56:14.424+0530][gc            ] GC(5) Pause Cleanup 145M->145M(1024M) 0.308ms
[2019-12-12T18:56:14.424+0530][gc,cpu        ] GC(5) User=0.01s Sys=0.00s Real=0.00s
[2019-12-12T18:56:14.424+0530][gc,marking    ] GC(5) Concurrent Cleanup for Next Mark
[2019-12-12T18:56:14.437+0530][gc,marking    ] GC(5) Concurrent Cleanup for Next Mark 13.070ms
[2019-12-12T18:56:14.437+0530][gc            ] GC(5) Concurrent Cycle 107.725ms
[2019-12-12T19:02:47.507+0530][gc,start      ] GC(6) Pause Young (Concurrent Start) (G1 Evacuation Pause)
[2019-12-12T19:02:47.547+0530][gc,task       ] GC(6) Using 4 workers of 4 for evacuation
[2019-12-12T19:02:47.558+0530][gc,phases     ] GC(6)   Pre Evacuate Collection Set: 0.2ms
[2019-12-12T19:02:47.559+0530][gc,phases     ] GC(6)   Evacuate Collection Set: 10.0ms
[2019-12-12T19:02:47.559+0530][gc,phases     ] GC(6)   Post Evacuate Collection Set: 0.6ms
[2019-12-12T19:02:47.559+0530][gc,phases     ] GC(6)   Other: 40.9ms
[2019-12-12T19:02:47.559+0530][gc,heap       ] GC(6) Eden regions: 48->0(46)
[2019-12-12T19:02:47.559+0530][gc,heap       ] GC(6) Survivor regions: 3->5(7)
[2019-12-12T19:02:47.559+0530][gc,heap       ] GC(6) Old regions: 13->13
[2019-12-12T19:02:47.559+0530][gc,heap       ] GC(6) Humongous regions: 129->129
[2019-12-12T19:02:47.559+0530][gc,metaspace  ] GC(6) Metaspace: 36077K->36077K(1081344K)
[2019-12-12T19:02:47.614+0530][gc            ] GC(6) Pause Young (Concurrent Start) (G1 Evacuation Pause) 190M->144M(1024M) 51.831ms
[2019-12-12T19:02:47.614+0530][gc,cpu        ] GC(6) User=0.02s Sys=0.00s Real=0.11s
[2019-12-12T19:02:47.614+0530][gc            ] GC(7) Concurrent Cycle
[2019-12-12T19:02:47.614+0530][gc,marking    ] GC(7) Concurrent Clear Claimed Marks
[2019-12-12T19:02:47.615+0530][gc,marking    ] GC(7) Concurrent Clear Claimed Marks 0.210ms
[2019-12-12T19:02:47.615+0530][gc,marking    ] GC(7) Concurrent Scan Root Regions
[2019-12-12T19:02:47.619+0530][gc,marking    ] GC(7) Concurrent Scan Root Regions 4.721ms
[2019-12-12T19:02:47.619+0530][gc,marking    ] GC(7) Concurrent Mark (464.944s)
[2019-12-12T19:02:47.619+0530][gc,marking    ] GC(7) Concurrent Mark From Roots
[2019-12-12T19:02:47.651+0530][gc,task       ] GC(7) Using 1 workers of 1 for marking
[2019-12-12T19:02:47.698+0530][gc,marking    ] GC(7) Concurrent Mark From Roots 78.837ms
[2019-12-12T19:02:47.698+0530][gc,marking    ] GC(7) Concurrent Preclean
[2019-12-12T19:02:47.699+0530][gc,marking    ] GC(7) Concurrent Preclean 0.166ms
[2019-12-12T19:02:47.699+0530][gc,marking    ] GC(7) Concurrent Mark (464.944s, 465.023s) 79.118ms
[2019-12-12T19:02:47.699+0530][gc,start      ] GC(7) Pause Remark
[2019-12-12T19:02:47.762+0530][gc,stringtable] GC(7) Cleaned string and symbol table, strings: 11185 processed, 4 removed, symbols: 75502 processed, 3 removed
[2019-12-12T19:02:47.762+0530][gc,mmu        ] GC(7) MMU target violated: 21.0ms (20.0ms/21.0ms)
[2019-12-12T19:02:47.762+0530][gc            ] GC(7) Pause Remark 145M->145M(1024M) 63.629ms
[2019-12-12T19:02:47.762+0530][gc,cpu        ] GC(7) User=0.04s Sys=0.00s Real=0.06s
[2019-12-12T19:02:47.762+0530][gc,marking    ] GC(7) Concurrent Rebuild Remembered Sets
[2019-12-12T19:02:47.772+0530][gc,marking    ] GC(7) Concurrent Rebuild Remembered Sets 9.692ms
[2019-12-12T19:02:47.772+0530][gc,start      ] GC(7) Pause Cleanup
[2019-12-12T19:02:47.773+0530][gc            ] GC(7) Pause Cleanup 145M->145M(1024M) 0.149ms
[2019-12-12T19:02:47.773+0530][gc,cpu        ] GC(7) User=0.00s Sys=0.00s Real=0.00s
[2019-12-12T19:02:47.773+0530][gc,marking    ] GC(7) Concurrent Cleanup for Next Mark
[2019-12-12T19:02:47.774+0530][gc,marking    ] GC(7) Concurrent Cleanup for Next Mark 1.105ms
[2019-12-12T19:02:47.774+0530][gc            ] GC(7) Concurrent Cycle 159.353ms
[2019-12-12T19:10:19.209+0530][gc,start      ] GC(8) Pause Young (Normal) (G1 Evacuation Pause)
[2019-12-12T19:10:19.229+0530][gc,task       ] GC(8) Using 4 workers of 4 for evacuation
[2019-12-12T19:10:19.243+0530][gc,phases     ] GC(8)   Pre Evacuate Collection Set: 0.0ms
[2019-12-12T19:10:19.243+0530][gc,phases     ] GC(8)   Evacuate Collection Set: 13.3ms
[2019-12-12T19:10:19.243+0530][gc,phases     ] GC(8)   Post Evacuate Collection Set: 0.5ms
[2019-12-12T19:10:19.244+0530][gc,phases     ] GC(8)   Other: 21.1ms
[2019-12-12T19:10:19.244+0530][gc,heap       ] GC(8) Eden regions: 46->0(48)
[2019-12-12T19:10:19.244+0530][gc,heap       ] GC(8) Survivor regions: 5->3(7)
[2019-12-12T19:10:19.244+0530][gc,heap       ] GC(8) Old regions: 13->15
[2019-12-12T19:10:19.244+0530][gc,heap       ] GC(8) Humongous regions: 129->129
[2019-12-12T19:10:19.244+0530][gc,metaspace  ] GC(8) Metaspace: 36369K->36369K(1081344K)
[2019-12-12T19:10:19.244+0530][gc            ] GC(8) Pause Young (Normal) (G1 Evacuation Pause) 190M->145M(1024M) 34.967ms
[2019-12-12T19:10:19.244+0530][gc,cpu        ] GC(8) User=0.05s Sys=0.01s Real=0.03s
[2019-12-12T19:18:38.585+0530][gc,start      ] GC(9) Pause Young (Normal) (G1 Evacuation Pause)
[2019-12-12T19:18:38.602+0530][gc,task       ] GC(9) Using 4 workers of 4 for evacuation
[2019-12-12T19:18:38.609+0530][gc,phases     ] GC(9)   Pre Evacuate Collection Set: 0.0ms
[2019-12-12T19:18:38.609+0530][gc,phases     ] GC(9)   Evacuate Collection Set: 6.2ms
[2019-12-12T19:18:38.609+0530][gc,phases     ] GC(9)   Post Evacuate Collection Set: 0.7ms
[2019-12-12T19:18:38.609+0530][gc,phases     ] GC(9)   Other: 17.3ms
[2019-12-12T19:18:38.609+0530][gc,heap       ] GC(9) Eden regions: 48->0(48)
[2019-12-12T19:18:38.609+0530][gc,heap       ] GC(9) Survivor regions: 3->3(7)
[2019-12-12T19:18:38.609+0530][gc,heap       ] GC(9) Old regions: 15->15
[2019-12-12T19:18:38.609+0530][gc,heap       ] GC(9) Humongous regions: 129->129
[2019-12-12T19:18:38.609+0530][gc,metaspace  ] GC(9) Metaspace: 36675K->36675K(1083392K)
[2019-12-12T19:18:38.609+0530][gc            ] GC(9) Pause Young (Normal) (G1 Evacuation Pause) 193M->145M(1024M) 24.308ms
[2019-12-12T19:18:38.609+0530][gc,cpu        ] GC(9) User=0.02s Sys=0.00s Real=0.03s
[2019-12-12T19:27:24.030+0530][gc,start      ] GC(10) Pause Young (Normal) (G1 Evacuation Pause)
[2019-12-12T19:27:24.048+0530][gc,task       ] GC(10) Using 4 workers of 4 for evacuation
[2019-12-12T19:27:24.061+0530][gc,phases     ] GC(10)   Pre Evacuate Collection Set: 0.0ms
[2019-12-12T19:27:24.061+0530][gc,phases     ] GC(10)   Evacuate Collection Set: 8.4ms
[2019-12-12T19:27:24.061+0530][gc,phases     ] GC(10)   Post Evacuate Collection Set: 3.6ms
[2019-12-12T19:27:24.061+0530][gc,phases     ] GC(10)   Other: 18.4ms
[2019-12-12T19:27:24.061+0530][gc,heap       ] GC(10) Eden regions: 48->0(47)
[2019-12-12T19:27:24.061+0530][gc,heap       ] GC(10) Survivor regions: 3->4(7)
[2019-12-12T19:27:24.061+0530][gc,heap       ] GC(10) Old regions: 15->15
[2019-12-12T19:27:24.061+0530][gc,heap       ] GC(10) Humongous regions: 129->129
[2019-12-12T19:27:24.061+0530][gc,metaspace  ] GC(10) Metaspace: 36733K->36733K(1083392K)
[2019-12-12T19:27:24.061+0530][gc            ] GC(10) Pause Young (Normal) (G1 Evacuation Pause) 193M->145M(1024M) 30.668ms
[2019-12-12T19:27:24.061+0530][gc,cpu        ] GC(10) User=0.03s Sys=0.00s Real=0.03s
[2019-12-12T19:35:59.612+0530][gc,start      ] GC(11) Pause Young (Normal) (G1 Evacuation Pause)
[2019-12-12T19:35:59.624+0530][gc,task       ] GC(11) Using 4 workers of 4 for evacuation
[2019-12-12T19:35:59.635+0530][gc,phases     ] GC(11)   Pre Evacuate Collection Set: 0.1ms
[2019-12-12T19:35:59.635+0530][gc,phases     ] GC(11)   Evacuate Collection Set: 9.6ms
[2019-12-12T19:35:59.635+0530][gc,phases     ] GC(11)   Post Evacuate Collection Set: 1.2ms
[2019-12-12T19:35:59.635+0530][gc,phases     ] GC(11)   Other: 12.6ms
[2019-12-12T19:35:59.635+0530][gc,heap       ] GC(11) Eden regions: 47->0(47)
[2019-12-12T19:35:59.635+0530][gc,heap       ] GC(11) Survivor regions: 4->4(7)
[2019-12-12T19:35:59.635+0530][gc,heap       ] GC(11) Old regions: 15->15
[2019-12-12T19:35:59.635+0530][gc,heap       ] GC(11) Humongous regions: 129->129
[2019-12-12T19:35:59.635+0530][gc,metaspace  ] GC(11) Metaspace: 36773K->36773K(1083392K)
[2019-12-12T19:35:59.635+0530][gc            ] GC(11) Pause Young (Normal) (G1 Evacuation Pause) 192M->145M(1024M) 23.649ms
[2019-12-12T19:35:59.635+0530][gc,cpu        ] GC(11) User=0.04s Sys=0.00s Real=0.02s
[2019-12-12T19:44:39.519+0530][gc,start      ] GC(12) Pause Young (Normal) (G1 Evacuation Pause)
[2019-12-12T19:44:39.541+0530][gc,task       ] GC(12) Using 4 workers of 4 for evacuation
[2019-12-12T19:44:39.546+0530][gc,phases     ] GC(12)   Pre Evacuate Collection Set: 0.0ms
[2019-12-12T19:44:39.546+0530][gc,phases     ] GC(12)   Evacuate Collection Set: 4.7ms
[2019-12-12T19:44:39.546+0530][gc,phases     ] GC(12)   Post Evacuate Collection Set: 0.6ms
[2019-12-12T19:44:39.547+0530][gc,phases     ] GC(12)   Other: 21.8ms
[2019-12-12T19:44:39.547+0530][gc,heap       ] GC(12) Eden regions: 47->0(51)
[2019-12-12T19:44:39.547+0530][gc,heap       ] GC(12) Survivor regions: 4->4(7)
[2019-12-12T19:44:39.547+0530][gc,heap       ] GC(12) Old regions: 15->15
[2019-12-12T19:44:39.547+0530][gc,heap       ] GC(12) Humongous regions: 129->129
[2019-12-12T19:44:39.547+0530][gc,metaspace  ] GC(12) Metaspace: 36800K->36800K(1083392K)
[2019-12-12T19:44:39.547+0530][gc            ] GC(12) Pause Young (Normal) (G1 Evacuation Pause) 192M->145M(1024M) 27.243ms
[2019-12-12T19:44:39.547+0530][gc,cpu        ] GC(12) User=0.02s Sys=0.00s Real=0.02s
[2019-12-12T19:54:03.695+0530][gc,start      ] GC(13) Pause Young (Normal) (G1 Evacuation Pause)
[2019-12-12T19:54:03.712+0530][gc,task       ] GC(13) Using 4 workers of 4 for evacuation
[2019-12-12T19:54:03.718+0530][gc,phases     ] GC(13)   Pre Evacuate Collection Set: 0.0ms
[2019-12-12T19:54:03.718+0530][gc,phases     ] GC(13)   Evacuate Collection Set: 5.6ms
[2019-12-12T19:54:03.718+0530][gc,phases     ] GC(13)   Post Evacuate Collection Set: 0.6ms
[2019-12-12T19:54:03.718+0530][gc,phases     ] GC(13)   Other: 17.3ms
[2019-12-12T19:54:03.718+0530][gc,heap       ] GC(13) Eden regions: 51->0(60)
[2019-12-12T19:54:03.718+0530][gc,heap       ] GC(13) Survivor regions: 4->4(7)
[2019-12-12T19:54:03.718+0530][gc,heap       ] GC(13) Old regions: 15->15
[2019-12-12T19:54:03.718+0530][gc,heap       ] GC(13) Humongous regions: 129->129
[2019-12-12T19:54:03.718+0530][gc,metaspace  ] GC(13) Metaspace: 36821K->36821K(1083392K)
[2019-12-12T19:54:03.718+0530][gc            ] GC(13) Pause Young (Normal) (G1 Evacuation Pause) 196M->146M(1024M) 23.665ms
[2019-12-12T19:54:03.718+0530][gc,cpu        ] GC(13) User=0.02s Sys=0.00s Real=0.03s
[2019-12-12T20:04:24.070+0530][gc,start      ] GC(14) Pause Young (Normal) (G1 Evacuation Pause)
[2019-12-12T20:04:24.124+0530][gc,task       ] GC(14) Using 4 workers of 4 for evacuation
[2019-12-12T20:04:24.131+0530][gc,phases     ] GC(14)   Pre Evacuate Collection Set: 0.0ms
[2019-12-12T20:04:24.131+0530][gc,phases     ] GC(14)   Evacuate Collection Set: 6.4ms
[2019-12-12T20:04:24.131+0530][gc,phases     ] GC(14)   Post Evacuate Collection Set: 0.7ms
[2019-12-12T20:04:24.131+0530][gc,phases     ] GC(14)   Other: 53.5ms
[2019-12-12T20:04:24.131+0530][gc,heap       ] GC(14) Eden regions: 60->0(112)
[2019-12-12T20:04:24.131+0530][gc,heap       ] GC(14) Survivor regions: 4->4(8)
[2019-12-12T20:04:24.131+0530][gc,heap       ] GC(14) Old regions: 15->15
[2019-12-12T20:04:24.131+0530][gc,heap       ] GC(14) Humongous regions: 129->129
[2019-12-12T20:04:24.131+0530][gc,metaspace  ] GC(14) Metaspace: 36893K->36893K(1083392K)
[2019-12-12T20:04:24.141+0530][gc            ] GC(14) Pause Young (Normal) (G1 Evacuation Pause) 206M->145M(1024M) 66.435ms
[2019-12-12T20:04:24.141+0530][gc,cpu        ] GC(14) User=0.01s Sys=0.01s Real=0.07s
[2019-12-12T20:25:10.557+0530][gc,start      ] GC(15) Pause Young (Normal) (G1 Evacuation Pause)
[2019-12-12T20:25:10.574+0530][gc,task       ] GC(15) Using 4 workers of 4 for evacuation
[2019-12-12T20:25:10.580+0530][gc,phases     ] GC(15)   Pre Evacuate Collection Set: 0.0ms
[2019-12-12T20:25:10.580+0530][gc,phases     ] GC(15)   Evacuate Collection Set: 5.3ms
[2019-12-12T20:25:10.580+0530][gc,phases     ] GC(15)   Post Evacuate Collection Set: 0.6ms
[2019-12-12T20:25:10.580+0530][gc,phases     ] GC(15)   Other: 16.9ms
[2019-12-12T20:25:10.580+0530][gc,heap       ] GC(15) Eden regions: 112->0(233)
[2019-12-12T20:25:10.580+0530][gc,heap       ] GC(15) Survivor regions: 4->4(15)
[2019-12-12T20:25:10.580+0530][gc,heap       ] GC(15) Old regions: 15->15
[2019-12-12T20:25:10.580+0530][gc,heap       ] GC(15) Humongous regions: 129->129
[2019-12-12T20:25:10.580+0530][gc,metaspace  ] GC(15) Metaspace: 36909K->36909K(1083392K)
[2019-12-12T20:25:10.580+0530][gc            ] GC(15) Pause Young (Normal) (G1 Evacuation Pause) 257M->145M(1024M) 23.022ms
[2019-12-12T20:25:10.580+0530][gc,cpu        ] GC(15) User=0.02s Sys=0.00s Real=0.02s
[2019-12-12T20:36:09.986+0530][gc,heap,exit  ] Heap
[2019-12-12T20:36:10.004+0530][gc,heap,exit  ]  garbage-first heap   total 1048576K, used 194249K [0x00000000c0000000, 0x0000000100000000)
[2019-12-12T20:36:10.004+0530][gc,heap,exit  ]   region size 1024K, 49 young (50176K), 4 survivors (4096K)
[2019-12-12T20:36:10.004+0530][gc,heap,exit  ]  Metaspace       used 37643K, capacity 40359K, committed 40724K, reserved 1083392K
[2019-12-12T20:36:10.004+0530][gc,heap,exit  ]   class space    used 5416K, capacity 6682K, committed 6808K, reserved 1048576K
