[2019-12-11T23:31:50.107+0530][gc,heap] Heap region size: 1M
[2019-12-11T23:31:50.119+0530][gc     ] Using G1
[2019-12-11T23:31:50.119+0530][gc,heap,coops] Heap address: 0x00000000c0000000, size: 1024 MB, Compressed Oops mode: 32-bit
[2019-12-11T23:31:50.119+0530][gc,cds       ] Mark closed archive regions in map: [0x00000000fff00000, 0x00000000fff69ff8]
[2019-12-11T23:31:50.119+0530][gc,cds       ] Mark open archive regions in map: [0x00000000ffe00000, 0x00000000ffe33ff8]
[2019-12-11T23:31:52.704+0530][gc,start     ] GC(0) Pause Young (Normal) (G1 Evacuation Pause)
[2019-12-11T23:31:52.705+0530][gc,task      ] GC(0) Using 4 workers of 4 for evacuation
[2019-12-11T23:31:52.717+0530][gc,phases    ] GC(0)   Pre Evacuate Collection Set: 0.0ms
[2019-12-11T23:31:52.717+0530][gc,phases    ] GC(0)   Evacuate Collection Set: 11.5ms
[2019-12-11T23:31:52.717+0530][gc,phases    ] GC(0)   Post Evacuate Collection Set: 0.5ms
[2019-12-11T23:31:52.717+0530][gc,phases    ] GC(0)   Other: 0.5ms
[2019-12-11T23:31:52.717+0530][gc,heap      ] GC(0) Eden regions: 51->0(44)
[2019-12-11T23:31:52.717+0530][gc,heap      ] GC(0) Survivor regions: 0->7(7)
[2019-12-11T23:31:52.717+0530][gc,heap      ] GC(0) Old regions: 2->2
[2019-12-11T23:31:52.717+0530][gc,heap      ] GC(0) Humongous regions: 0->0
[2019-12-11T23:31:52.717+0530][gc,metaspace ] GC(0) Metaspace: 16806K->16806K(1064960K)
[2019-12-11T23:31:52.717+0530][gc           ] GC(0) Pause Young (Normal) (G1 Evacuation Pause) 51M->6M(1024M) 12.567ms
[2019-12-11T23:31:52.717+0530][gc,cpu       ] GC(0) User=0.04s Sys=0.01s Real=0.01s
[2019-12-11T23:31:53.269+0530][gc,start     ] GC(1) Pause Young (Concurrent Start) (Metadata GC Threshold)
[2019-12-11T23:31:53.269+0530][gc,task      ] GC(1) Using 4 workers of 4 for evacuation
[2019-12-11T23:31:53.283+0530][gc,phases    ] GC(1)   Pre Evacuate Collection Set: 0.0ms
[2019-12-11T23:31:53.283+0530][gc,phases    ] GC(1)   Evacuate Collection Set: 13.0ms
[2019-12-11T23:31:53.283+0530][gc,phases    ] GC(1)   Post Evacuate Collection Set: 0.8ms
[2019-12-11T23:31:53.283+0530][gc,phases    ] GC(1)   Other: 0.3ms
[2019-12-11T23:31:53.283+0530][gc,heap      ] GC(1) Eden regions: 16->0(49)
[2019-12-11T23:31:53.283+0530][gc,heap      ] GC(1) Survivor regions: 7->2(7)
[2019-12-11T23:31:53.283+0530][gc,heap      ] GC(1) Old regions: 2->9
[2019-12-11T23:31:53.283+0530][gc,heap      ] GC(1) Humongous regions: 129->129
[2019-12-11T23:31:53.283+0530][gc,metaspace ] GC(1) Metaspace: 20395K->20395K(1067008K)
[2019-12-11T23:31:53.283+0530][gc           ] GC(1) Pause Young (Concurrent Start) (Metadata GC Threshold) 151M->137M(1024M) 14.171ms
[2019-12-11T23:31:53.283+0530][gc,cpu       ] GC(1) User=0.03s Sys=0.00s Real=0.02s
[2019-12-11T23:31:53.283+0530][gc           ] GC(2) Concurrent Cycle
[2019-12-11T23:31:53.284+0530][gc,marking   ] GC(2) Concurrent Clear Claimed Marks
[2019-12-11T23:31:53.284+0530][gc,marking   ] GC(2) Concurrent Clear Claimed Marks 0.058ms
[2019-12-11T23:31:53.284+0530][gc,marking   ] GC(2) Concurrent Scan Root Regions
[2019-12-11T23:31:53.285+0530][gc,marking   ] GC(2) Concurrent Scan Root Regions 1.259ms
[2019-12-11T23:31:53.285+0530][gc,marking   ] GC(2) Concurrent Mark (3.181s)
[2019-12-11T23:31:53.285+0530][gc,marking   ] GC(2) Concurrent Mark From Roots
[2019-12-11T23:31:53.285+0530][gc,task      ] GC(2) Using 1 workers of 1 for marking
[2019-12-11T23:31:53.295+0530][gc,marking   ] GC(2) Concurrent Mark From Roots 10.527ms
[2019-12-11T23:31:53.296+0530][gc,marking   ] GC(2) Concurrent Preclean
[2019-12-11T23:31:53.296+0530][gc,marking   ] GC(2) Concurrent Preclean 0.147ms
[2019-12-11T23:31:53.296+0530][gc,marking   ] GC(2) Concurrent Mark (3.181s, 3.192s) 10.784ms
[2019-12-11T23:31:53.296+0530][gc,start     ] GC(2) Pause Remark
[2019-12-11T23:31:53.304+0530][gc,stringtable] GC(2) Cleaned string and symbol table, strings: 4907 processed, 0 removed, symbols: 49505 processed, 47 removed
[2019-12-11T23:31:53.304+0530][gc            ] GC(2) Pause Remark 138M->138M(1024M) 8.722ms
[2019-12-11T23:31:53.305+0530][gc,cpu        ] GC(2) User=0.02s Sys=0.00s Real=0.01s
[2019-12-11T23:31:53.305+0530][gc,marking    ] GC(2) Concurrent Rebuild Remembered Sets
[2019-12-11T23:31:53.314+0530][gc,marking    ] GC(2) Concurrent Rebuild Remembered Sets 9.268ms
[2019-12-11T23:31:53.317+0530][gc,start      ] GC(2) Pause Cleanup
[2019-12-11T23:31:53.317+0530][gc            ] GC(2) Pause Cleanup 138M->138M(1024M) 0.203ms
[2019-12-11T23:31:53.317+0530][gc,cpu        ] GC(2) User=0.00s Sys=0.00s Real=0.00s
[2019-12-11T23:31:53.317+0530][gc,marking    ] GC(2) Concurrent Cleanup for Next Mark
[2019-12-11T23:31:53.327+0530][gc,marking    ] GC(2) Concurrent Cleanup for Next Mark 9.971ms
[2019-12-11T23:31:53.327+0530][gc            ] GC(2) Concurrent Cycle 43.811ms
[2019-12-11T23:32:05.949+0530][gc,start      ] GC(3) Pause Young (Normal) (G1 Evacuation Pause)
[2019-12-11T23:32:05.949+0530][gc,task       ] GC(3) Using 4 workers of 4 for evacuation
[2019-12-11T23:32:05.958+0530][gc,phases     ] GC(3)   Pre Evacuate Collection Set: 0.0ms
[2019-12-11T23:32:05.958+0530][gc,phases     ] GC(3)   Evacuate Collection Set: 8.5ms
[2019-12-11T23:32:05.958+0530][gc,phases     ] GC(3)   Post Evacuate Collection Set: 0.7ms
[2019-12-11T23:32:05.958+0530][gc,phases     ] GC(3)   Other: 0.3ms
[2019-12-11T23:32:05.958+0530][gc,heap       ] GC(3) Eden regions: 49->0(46)
[2019-12-11T23:32:05.958+0530][gc,heap       ] GC(3) Survivor regions: 2->5(7)
[2019-12-11T23:32:05.959+0530][gc,heap       ] GC(3) Old regions: 9->9
[2019-12-11T23:32:05.959+0530][gc,heap       ] GC(3) Humongous regions: 129->129
[2019-12-11T23:32:05.959+0530][gc,metaspace  ] GC(3) Metaspace: 30268K->30268K(1077248K)
[2019-12-11T23:32:05.959+0530][gc            ] GC(3) Pause Young (Normal) (G1 Evacuation Pause) 186M->140M(1024M) 9.636ms
[2019-12-11T23:32:05.959+0530][gc,cpu        ] GC(3) User=0.03s Sys=0.00s Real=0.01s
[2019-12-11T23:32:10.010+0530][gc,start      ] GC(4) Pause Young (Concurrent Start) (Metadata GC Threshold)
[2019-12-11T23:32:10.010+0530][gc,task       ] GC(4) Using 4 workers of 4 for evacuation
[2019-12-11T23:32:10.027+0530][gc,phases     ] GC(4)   Pre Evacuate Collection Set: 0.2ms
[2019-12-11T23:32:10.028+0530][gc,phases     ] GC(4)   Evacuate Collection Set: 16.2ms
[2019-12-11T23:32:10.028+0530][gc,phases     ] GC(4)   Post Evacuate Collection Set: 0.8ms
[2019-12-11T23:32:10.028+0530][gc,phases     ] GC(4)   Other: 0.4ms
[2019-12-11T23:32:10.028+0530][gc,heap       ] GC(4) Eden regions: 33->0(49)
[2019-12-11T23:32:10.028+0530][gc,heap       ] GC(4) Survivor regions: 5->2(7)
[2019-12-11T23:32:10.028+0530][gc,heap       ] GC(4) Old regions: 9->13
[2019-12-11T23:32:10.028+0530][gc,heap       ] GC(4) Humongous regions: 129->129
[2019-12-11T23:32:10.028+0530][gc,metaspace  ] GC(4) Metaspace: 33708K->33708K(1079296K)
[2019-12-11T23:32:10.028+0530][gc            ] GC(4) Pause Young (Concurrent Start) (Metadata GC Threshold) 173M->142M(1024M) 17.940ms
[2019-12-11T23:32:10.028+0530][gc,cpu        ] GC(4) User=0.03s Sys=0.00s Real=0.02s
[2019-12-11T23:32:10.028+0530][gc            ] GC(5) Concurrent Cycle
[2019-12-11T23:32:10.028+0530][gc,marking    ] GC(5) Concurrent Clear Claimed Marks
[2019-12-11T23:32:10.028+0530][gc,marking    ] GC(5) Concurrent Clear Claimed Marks 0.212ms
[2019-12-11T23:32:10.028+0530][gc,marking    ] GC(5) Concurrent Scan Root Regions
[2019-12-11T23:32:10.033+0530][gc,marking    ] GC(5) Concurrent Scan Root Regions 4.788ms
[2019-12-11T23:32:10.033+0530][gc,marking    ] GC(5) Concurrent Mark (19.929s)
[2019-12-11T23:32:10.033+0530][gc,marking    ] GC(5) Concurrent Mark From Roots
[2019-12-11T23:32:10.033+0530][gc,task       ] GC(5) Using 1 workers of 1 for marking
[2019-12-11T23:32:10.069+0530][gc,marking    ] GC(5) Concurrent Mark From Roots 35.425ms
[2019-12-11T23:32:10.069+0530][gc,marking    ] GC(5) Concurrent Preclean
[2019-12-11T23:32:10.069+0530][gc,marking    ] GC(5) Concurrent Preclean 0.127ms
[2019-12-11T23:32:10.069+0530][gc,marking    ] GC(5) Concurrent Mark (19.929s, 19.965s) 35.648ms
[2019-12-11T23:32:10.071+0530][gc,start      ] GC(5) Pause Remark
[2019-12-11T23:32:10.076+0530][gc,stringtable] GC(5) Cleaned string and symbol table, strings: 10551 processed, 9 removed, symbols: 74863 processed, 18 removed
[2019-12-11T23:32:10.077+0530][gc            ] GC(5) Pause Remark 143M->143M(1024M) 5.984ms
[2019-12-11T23:32:10.077+0530][gc,cpu        ] GC(5) User=0.02s Sys=0.00s Real=0.00s
[2019-12-11T23:32:10.077+0530][gc,marking    ] GC(5) Concurrent Rebuild Remembered Sets
[2019-12-11T23:32:10.094+0530][gc,marking    ] GC(5) Concurrent Rebuild Remembered Sets 17.381ms
[2019-12-11T23:32:10.094+0530][gc,start      ] GC(5) Pause Cleanup
[2019-12-11T23:32:10.095+0530][gc            ] GC(5) Pause Cleanup 143M->143M(1024M) 0.369ms
[2019-12-11T23:32:10.095+0530][gc,cpu        ] GC(5) User=0.00s Sys=0.00s Real=0.00s
[2019-12-11T23:32:10.095+0530][gc,marking    ] GC(5) Concurrent Cleanup for Next Mark
[2019-12-11T23:32:10.105+0530][gc,marking    ] GC(5) Concurrent Cleanup for Next Mark 10.186ms
[2019-12-11T23:32:10.105+0530][gc            ] GC(5) Concurrent Cycle 77.187ms
[2019-12-11T23:42:08.411+0530][gc,start      ] GC(6) Pause Young (Normal) (G1 Evacuation Pause)
[2019-12-11T23:42:08.411+0530][gc,task       ] GC(6) Using 4 workers of 4 for evacuation
[2019-12-11T23:42:08.425+0530][gc,phases     ] GC(6)   Pre Evacuate Collection Set: 0.0ms
[2019-12-11T23:42:08.425+0530][gc,phases     ] GC(6)   Evacuate Collection Set: 12.2ms
[2019-12-11T23:42:08.425+0530][gc,phases     ] GC(6)   Post Evacuate Collection Set: 0.7ms
[2019-12-11T23:42:08.425+0530][gc,phases     ] GC(6)   Other: 0.5ms
[2019-12-11T23:42:08.425+0530][gc,heap       ] GC(6) Eden regions: 49->0(47)
[2019-12-11T23:42:08.425+0530][gc,heap       ] GC(6) Survivor regions: 2->4(7)
[2019-12-11T23:42:08.425+0530][gc,heap       ] GC(6) Old regions: 13->13
[2019-12-11T23:42:08.425+0530][gc,heap       ] GC(6) Humongous regions: 129->129
[2019-12-11T23:42:08.425+0530][gc,metaspace  ] GC(6) Metaspace: 35800K->35800K(1081344K)
[2019-12-11T23:42:08.425+0530][gc            ] GC(6) Pause Young (Normal) (G1 Evacuation Pause) 191M->144M(1024M) 13.608ms
[2019-12-11T23:42:08.425+0530][gc,cpu        ] GC(6) User=0.03s Sys=0.00s Real=0.01s
[2019-12-11T23:53:21.082+0530][gc,start      ] GC(7) Pause Young (Normal) (G1 Evacuation Pause)
[2019-12-11T23:53:21.102+0530][gc,task       ] GC(7) Using 4 workers of 4 for evacuation
[2019-12-11T23:53:21.116+0530][gc,phases     ] GC(7)   Pre Evacuate Collection Set: 0.1ms
[2019-12-11T23:53:21.116+0530][gc,phases     ] GC(7)   Evacuate Collection Set: 13.2ms
[2019-12-11T23:53:21.116+0530][gc,phases     ] GC(7)   Post Evacuate Collection Set: 0.5ms
[2019-12-11T23:53:21.116+0530][gc,phases     ] GC(7)   Other: 20.3ms
[2019-12-11T23:53:21.116+0530][gc,heap       ] GC(7) Eden regions: 47->0(48)
[2019-12-11T23:53:21.116+0530][gc,heap       ] GC(7) Survivor regions: 4->3(7)
[2019-12-11T23:53:21.117+0530][gc,heap       ] GC(7) Old regions: 13->15
[2019-12-11T23:53:21.117+0530][gc,heap       ] GC(7) Humongous regions: 129->129
[2019-12-11T23:53:21.117+0530][gc,metaspace  ] GC(7) Metaspace: 36002K->36002K(1081344K)
[2019-12-11T23:53:21.117+0530][gc            ] GC(7) Pause Young (Normal) (G1 Evacuation Pause) 191M->144M(1024M) 34.065ms
[2019-12-11T23:53:21.117+0530][gc,cpu        ] GC(7) User=0.04s Sys=0.00s Real=0.03s
[2019-12-12T00:05:16.685+0530][gc,start      ] GC(8) Pause Young (Normal) (G1 Evacuation Pause)
[2019-12-12T00:05:16.704+0530][gc,task       ] GC(8) Using 4 workers of 4 for evacuation
[2019-12-12T00:05:16.710+0530][gc,phases     ] GC(8)   Pre Evacuate Collection Set: 0.0ms
[2019-12-12T00:05:16.710+0530][gc,phases     ] GC(8)   Evacuate Collection Set: 5.4ms
[2019-12-12T00:05:16.710+0530][gc,phases     ] GC(8)   Post Evacuate Collection Set: 0.7ms
[2019-12-12T00:05:16.710+0530][gc,phases     ] GC(8)   Other: 19.0ms
[2019-12-12T00:05:16.710+0530][gc,heap       ] GC(8) Eden regions: 48->0(47)
[2019-12-12T00:05:16.710+0530][gc,heap       ] GC(8) Survivor regions: 3->4(7)
[2019-12-12T00:05:16.710+0530][gc,heap       ] GC(8) Old regions: 15->15
[2019-12-12T00:05:16.710+0530][gc,heap       ] GC(8) Humongous regions: 129->129
[2019-12-12T00:05:16.710+0530][gc,metaspace  ] GC(8) Metaspace: 36158K->36158K(1081344K)
[2019-12-12T00:05:16.710+0530][gc            ] GC(8) Pause Young (Normal) (G1 Evacuation Pause) 192M->145M(1024M) 25.150ms
[2019-12-12T00:05:16.710+0530][gc,cpu        ] GC(8) User=0.02s Sys=0.00s Real=0.02s
[2019-12-12T00:17:25.753+0530][gc,start      ] GC(9) Pause Young (Normal) (G1 Evacuation Pause)
[2019-12-12T00:17:25.773+0530][gc,task       ] GC(9) Using 4 workers of 4 for evacuation
[2019-12-12T00:17:25.783+0530][gc,phases     ] GC(9)   Pre Evacuate Collection Set: 0.1ms
[2019-12-12T00:17:25.783+0530][gc,phases     ] GC(9)   Evacuate Collection Set: 8.9ms
[2019-12-12T00:17:25.783+0530][gc,phases     ] GC(9)   Post Evacuate Collection Set: 0.9ms
[2019-12-12T00:17:25.783+0530][gc,phases     ] GC(9)   Other: 19.8ms
[2019-12-12T00:17:25.783+0530][gc,heap       ] GC(9) Eden regions: 47->0(48)
[2019-12-12T00:17:25.783+0530][gc,heap       ] GC(9) Survivor regions: 4->3(7)
[2019-12-12T00:17:25.783+0530][gc,heap       ] GC(9) Old regions: 15->15
[2019-12-12T00:17:25.783+0530][gc,heap       ] GC(9) Humongous regions: 129->129
[2019-12-12T00:17:25.783+0530][gc,metaspace  ] GC(9) Metaspace: 36459K->36459K(1081344K)
[2019-12-12T00:17:25.783+0530][gc            ] GC(9) Pause Young (Normal) (G1 Evacuation Pause) 192M->144M(1024M) 29.775ms
[2019-12-12T00:17:25.783+0530][gc,cpu        ] GC(9) User=0.03s Sys=0.00s Real=0.03s
[2019-12-12T00:31:11.082+0530][gc,start      ] GC(10) Pause Young (Normal) (G1 Evacuation Pause)
[2019-12-12T00:31:11.108+0530][gc,task       ] GC(10) Using 4 workers of 4 for evacuation
[2019-12-12T00:31:11.125+0530][gc,phases     ] GC(10)   Pre Evacuate Collection Set: 0.0ms
[2019-12-12T00:31:11.125+0530][gc,phases     ] GC(10)   Evacuate Collection Set: 14.5ms
[2019-12-12T00:31:11.125+0530][gc,phases     ] GC(10)   Post Evacuate Collection Set: 2.4ms
[2019-12-12T00:31:11.125+0530][gc,phases     ] GC(10)   Other: 25.6ms
[2019-12-12T00:31:11.125+0530][gc,heap       ] GC(10) Eden regions: 48->0(47)
[2019-12-12T00:31:11.125+0530][gc,heap       ] GC(10) Survivor regions: 3->4(7)
[2019-12-12T00:31:11.125+0530][gc,heap       ] GC(10) Old regions: 15->15
[2019-12-12T00:31:11.125+0530][gc,heap       ] GC(10) Humongous regions: 129->129
[2019-12-12T00:31:11.125+0530][gc,metaspace  ] GC(10) Metaspace: 36518K->36518K(1083392K)
[2019-12-12T00:31:11.125+0530][gc            ] GC(10) Pause Young (Normal) (G1 Evacuation Pause) 192M->145M(1024M) 42.772ms
[2019-12-12T00:31:11.125+0530][gc,cpu        ] GC(10) User=0.02s Sys=0.00s Real=0.05s
[2019-12-12T00:40:23.228+0530][gc,start      ] GC(11) Pause Young (Normal) (G1 Evacuation Pause)
[2019-12-12T00:40:23.242+0530][gc,task       ] GC(11) Using 4 workers of 4 for evacuation
[2019-12-12T00:40:23.251+0530][gc,phases     ] GC(11)   Pre Evacuate Collection Set: 0.4ms
[2019-12-12T00:40:23.251+0530][gc,phases     ] GC(11)   Evacuate Collection Set: 7.4ms
[2019-12-12T00:40:23.251+0530][gc,phases     ] GC(11)   Post Evacuate Collection Set: 1.0ms
[2019-12-12T00:40:23.251+0530][gc,phases     ] GC(11)   Other: 15.0ms
[2019-12-12T00:40:23.251+0530][gc,heap       ] GC(11) Eden regions: 47->0(47)
[2019-12-12T00:40:23.251+0530][gc,heap       ] GC(11) Survivor regions: 4->4(7)
[2019-12-12T00:40:23.251+0530][gc,heap       ] GC(11) Old regions: 15->15
[2019-12-12T00:40:23.251+0530][gc,heap       ] GC(11) Humongous regions: 129->129
[2019-12-12T00:40:23.251+0530][gc,metaspace  ] GC(11) Metaspace: 36677K->36677K(1083392K)
[2019-12-12T00:40:23.251+0530][gc            ] GC(11) Pause Young (Normal) (G1 Evacuation Pause) 192M->145M(1024M) 23.961ms
[2019-12-12T00:40:23.252+0530][gc,cpu        ] GC(11) User=0.02s Sys=0.01s Real=0.03s
[2019-12-12T00:54:35.292+0530][gc,start      ] GC(12) Pause Young (Normal) (G1 Evacuation Pause)
[2019-12-12T00:54:35.309+0530][gc,task       ] GC(12) Using 4 workers of 4 for evacuation
[2019-12-12T00:54:35.322+0530][gc,phases     ] GC(12)   Pre Evacuate Collection Set: 0.0ms
[2019-12-12T00:54:35.322+0530][gc,phases     ] GC(12)   Evacuate Collection Set: 11.7ms
[2019-12-12T00:54:35.322+0530][gc,phases     ] GC(12)   Post Evacuate Collection Set: 0.9ms
[2019-12-12T00:54:35.322+0530][gc,phases     ] GC(12)   Other: 17.4ms
[2019-12-12T00:54:35.322+0530][gc,heap       ] GC(12) Eden regions: 47->0(50)
[2019-12-12T00:54:35.322+0530][gc,heap       ] GC(12) Survivor regions: 4->5(7)
[2019-12-12T00:54:35.322+0530][gc,heap       ] GC(12) Old regions: 15->15
[2019-12-12T00:54:35.322+0530][gc,heap       ] GC(12) Humongous regions: 129->129
[2019-12-12T00:54:35.322+0530][gc,metaspace  ] GC(12) Metaspace: 37084K->37084K(1083392K)
[2019-12-12T00:54:35.322+0530][gc            ] GC(12) Pause Young (Normal) (G1 Evacuation Pause) 192M->146M(1024M) 30.106ms
[2019-12-12T00:54:35.322+0530][gc,cpu        ] GC(12) User=0.04s Sys=0.00s Real=0.02s
[2019-12-12T01:03:19.490+0530][gc,start      ] GC(13) Pause Young (Normal) (G1 Evacuation Pause)
[2019-12-12T01:03:19.490+0530][gc,task       ] GC(13) Using 4 workers of 4 for evacuation
[2019-12-12T01:03:19.500+0530][gc,phases     ] GC(13)   Pre Evacuate Collection Set: 0.1ms
[2019-12-12T01:03:19.500+0530][gc,phases     ] GC(13)   Evacuate Collection Set: 8.4ms
[2019-12-12T01:03:19.500+0530][gc,phases     ] GC(13)   Post Evacuate Collection Set: 0.7ms
[2019-12-12T01:03:19.500+0530][gc,phases     ] GC(13)   Other: 0.6ms
[2019-12-12T01:03:19.500+0530][gc,heap       ] GC(13) Eden regions: 50->0(58)
[2019-12-12T01:03:19.500+0530][gc,heap       ] GC(13) Survivor regions: 5->4(7)
[2019-12-12T01:03:19.500+0530][gc,heap       ] GC(13) Old regions: 15->15
[2019-12-12T01:03:19.500+0530][gc,heap       ] GC(13) Humongous regions: 129->129
[2019-12-12T01:03:19.500+0530][gc,metaspace  ] GC(13) Metaspace: 37143K->37143K(1083392K)
[2019-12-12T01:03:19.500+0530][gc            ] GC(13) Pause Young (Normal) (G1 Evacuation Pause) 196M->146M(1024M) 9.820ms
[2019-12-12T01:03:19.500+0530][gc,cpu        ] GC(13) User=0.03s Sys=0.00s Real=0.01s
[2019-12-12T01:13:36.060+0530][gc,start      ] GC(14) Pause Young (Normal) (G1 Evacuation Pause)
[2019-12-12T01:13:36.077+0530][gc,task       ] GC(14) Using 4 workers of 4 for evacuation
[2019-12-12T01:13:36.082+0530][gc,phases     ] GC(14)   Pre Evacuate Collection Set: 0.0ms
[2019-12-12T01:13:36.082+0530][gc,phases     ] GC(14)   Evacuate Collection Set: 4.9ms
[2019-12-12T01:13:36.083+0530][gc,phases     ] GC(14)   Post Evacuate Collection Set: 0.9ms
[2019-12-12T01:13:36.083+0530][gc,phases     ] GC(14)   Other: 16.9ms
[2019-12-12T01:13:36.083+0530][gc,heap       ] GC(14) Eden regions: 58->0(74)
[2019-12-12T01:13:36.083+0530][gc,heap       ] GC(14) Survivor regions: 4->4(8)
[2019-12-12T01:13:36.083+0530][gc,heap       ] GC(14) Old regions: 15->15
[2019-12-12T01:13:36.083+0530][gc,heap       ] GC(14) Humongous regions: 129->129
[2019-12-12T01:13:36.083+0530][gc,metaspace  ] GC(14) Metaspace: 37160K->37160K(1083392K)
[2019-12-12T01:13:36.083+0530][gc            ] GC(14) Pause Young (Normal) (G1 Evacuation Pause) 204M->145M(1024M) 22.763ms
[2019-12-12T01:13:36.083+0530][gc,cpu        ] GC(14) User=0.02s Sys=0.00s Real=0.03s
[2019-12-12T01:26:56.082+0530][gc,start      ] GC(15) Pause Young (Normal) (G1 Evacuation Pause)
[2019-12-12T01:26:56.098+0530][gc,task       ] GC(15) Using 4 workers of 4 for evacuation
[2019-12-12T01:26:56.110+0530][gc,phases     ] GC(15)   Pre Evacuate Collection Set: 0.1ms
[2019-12-12T01:26:56.110+0530][gc,phases     ] GC(15)   Evacuate Collection Set: 10.5ms
[2019-12-12T01:26:56.110+0530][gc,phases     ] GC(15)   Post Evacuate Collection Set: 0.9ms
[2019-12-12T01:26:56.110+0530][gc,phases     ] GC(15)   Other: 15.9ms
[2019-12-12T01:26:56.110+0530][gc,heap       ] GC(15) Eden regions: 74->0(110)
[2019-12-12T01:26:56.110+0530][gc,heap       ] GC(15) Survivor regions: 4->4(10)
[2019-12-12T01:26:56.110+0530][gc,heap       ] GC(15) Old regions: 15->15
[2019-12-12T01:26:56.110+0530][gc,heap       ] GC(15) Humongous regions: 129->129
[2019-12-12T01:26:56.110+0530][gc,metaspace  ] GC(15) Metaspace: 37184K->37184K(1083392K)
[2019-12-12T01:26:56.110+0530][gc            ] GC(15) Pause Young (Normal) (G1 Evacuation Pause) 219M->146M(1024M) 27.441ms
[2019-12-12T01:26:56.110+0530][gc,cpu        ] GC(15) User=0.03s Sys=0.01s Real=0.02s
[2019-12-12T01:46:09.117+0530][gc,start      ] GC(16) Pause Young (Normal) (G1 Evacuation Pause)
[2019-12-12T01:46:09.135+0530][gc,task       ] GC(16) Using 4 workers of 4 for evacuation
[2019-12-12T01:46:09.146+0530][gc,phases     ] GC(16)   Pre Evacuate Collection Set: 0.0ms
[2019-12-12T01:46:09.146+0530][gc,phases     ] GC(16)   Evacuate Collection Set: 9.9ms
[2019-12-12T01:46:09.147+0530][gc,phases     ] GC(16)   Post Evacuate Collection Set: 0.8ms
[2019-12-12T01:46:09.147+0530][gc,phases     ] GC(16)   Other: 18.8ms
[2019-12-12T01:46:09.147+0530][gc,heap       ] GC(16) Eden regions: 110->0(610)
[2019-12-12T01:46:09.147+0530][gc,heap       ] GC(16) Survivor regions: 4->4(15)
[2019-12-12T01:46:09.147+0530][gc,heap       ] GC(16) Old regions: 15->15
[2019-12-12T01:46:09.147+0530][gc,heap       ] GC(16) Humongous regions: 129->129
[2019-12-12T01:46:09.147+0530][gc,metaspace  ] GC(16) Metaspace: 37215K->37215K(1083392K)
[2019-12-12T01:46:09.147+0530][gc            ] GC(16) Pause Young (Normal) (G1 Evacuation Pause) 256M->145M(1024M) 29.590ms
[2019-12-12T01:46:09.147+0530][gc,cpu        ] GC(16) User=0.02s Sys=0.03s Real=0.03s
[2019-12-12T04:29:44.838+0530][gc,start      ] GC(17) Pause Young (Normal) (G1 Evacuation Pause)
[2019-12-12T04:29:44.869+0530][gc,task       ] GC(17) Using 4 workers of 4 for evacuation
[2019-12-12T04:29:44.881+0530][gc,phases     ] GC(17)   Pre Evacuate Collection Set: 0.1ms
[2019-12-12T04:29:44.881+0530][gc,phases     ] GC(17)   Evacuate Collection Set: 10.1ms
[2019-12-12T04:29:44.881+0530][gc,phases     ] GC(17)   Post Evacuate Collection Set: 1.0ms
[2019-12-12T04:29:44.881+0530][gc,phases     ] GC(17)   Other: 32.1ms
[2019-12-12T04:29:44.881+0530][gc,heap       ] GC(17) Eden regions: 610->0(277)
[2019-12-12T04:29:44.881+0530][gc,heap       ] GC(17) Survivor regions: 4->4(77)
[2019-12-12T04:29:44.881+0530][gc,heap       ] GC(17) Old regions: 15->15
[2019-12-12T04:29:44.881+0530][gc,heap       ] GC(17) Humongous regions: 129->129
[2019-12-12T04:29:44.881+0530][gc,metaspace  ] GC(17) Metaspace: 37565K->37565K(1083392K)
[2019-12-12T04:29:44.881+0530][gc            ] GC(17) Pause Young (Normal) (G1 Evacuation Pause) 755M->145M(1024M) 43.337ms
[2019-12-12T04:29:44.881+0530][gc,cpu        ] GC(17) User=0.03s Sys=0.01s Real=0.04s
[2019-12-12T06:17:38.792+0530][gc,start      ] GC(18) Pause Young (Normal) (G1 Evacuation Pause)
[2019-12-12T06:17:38.844+0530][gc,task       ] GC(18) Using 4 workers of 4 for evacuation
[2019-12-12T06:17:38.850+0530][gc,phases     ] GC(18)   Pre Evacuate Collection Set: 0.0ms
[2019-12-12T06:17:38.850+0530][gc,phases     ] GC(18)   Evacuate Collection Set: 4.4ms
[2019-12-12T06:17:38.850+0530][gc,phases     ] GC(18)   Post Evacuate Collection Set: 0.6ms
[2019-12-12T06:17:38.850+0530][gc,phases     ] GC(18)   Other: 52.9ms
[2019-12-12T06:17:38.850+0530][gc,heap       ] GC(18) Eden regions: 277->0(332)
[2019-12-12T06:17:38.850+0530][gc,heap       ] GC(18) Survivor regions: 4->4(36)
[2019-12-12T06:17:38.850+0530][gc,heap       ] GC(18) Old regions: 15->15
[2019-12-12T06:17:38.850+0530][gc,heap       ] GC(18) Humongous regions: 129->129
[2019-12-12T06:17:38.850+0530][gc,metaspace  ] GC(18) Metaspace: 37594K->37594K(1083392K)
[2019-12-12T06:17:38.850+0530][gc            ] GC(18) Pause Young (Normal) (G1 Evacuation Pause) 422M->145M(1024M) 58.137ms
[2019-12-12T06:17:38.850+0530][gc,cpu        ] GC(18) User=0.02s Sys=0.00s Real=0.05s
[2019-12-12T09:25:24.648+0530][gc,heap,exit  ] Heap
[2019-12-12T09:25:24.674+0530][gc,heap,exit  ]  garbage-first heap   total 1048576K, used 422698K [0x00000000c0000000, 0x0000000100000000)
[2019-12-12T09:25:24.674+0530][gc,heap,exit  ]   region size 1024K, 273 young (279552K), 4 survivors (4096K)
[2019-12-12T09:25:24.674+0530][gc,heap,exit  ]  Metaspace       used 38181K, capacity 40927K, committed 41288K, reserved 1083392K
[2019-12-12T09:25:24.675+0530][gc,heap,exit  ]   class space    used 5443K, capacity 6698K, committed 6808K, reserved 1048576K
