[2019-12-11T09:50:13.642+0530][gc,heap] Heap region size: 1M
[2019-12-11T09:50:13.651+0530][gc     ] Using G1
[2019-12-11T09:50:13.651+0530][gc,heap,coops] Heap address: 0x00000000c0000000, size: 1024 MB, Compressed Oops mode: 32-bit
[2019-12-11T09:50:13.652+0530][gc,cds       ] Mark closed archive regions in map: [0x00000000fff00000, 0x00000000fff69ff8]
[2019-12-11T09:50:13.652+0530][gc,cds       ] Mark open archive regions in map: [0x00000000ffe00000, 0x00000000ffe33ff8]
[2019-12-11T09:50:16.088+0530][gc,start     ] GC(0) Pause Young (Normal) (G1 Evacuation Pause)
[2019-12-11T09:50:16.119+0530][gc,task      ] GC(0) Using 4 workers of 4 for evacuation
[2019-12-11T09:50:16.136+0530][gc,phases    ] GC(0)   Pre Evacuate Collection Set: 0.0ms
[2019-12-11T09:50:16.136+0530][gc,phases    ] GC(0)   Evacuate Collection Set: 16.3ms
[2019-12-11T09:50:16.136+0530][gc,phases    ] GC(0)   Post Evacuate Collection Set: 0.5ms
[2019-12-11T09:50:16.136+0530][gc,phases    ] GC(0)   Other: 31.2ms
[2019-12-11T09:50:16.136+0530][gc,heap      ] GC(0) Eden regions: 51->0(44)
[2019-12-11T09:50:16.136+0530][gc,heap      ] GC(0) Survivor regions: 0->7(7)
[2019-12-11T09:50:16.136+0530][gc,heap      ] GC(0) Old regions: 2->2
[2019-12-11T09:50:16.136+0530][gc,heap      ] GC(0) Humongous regions: 0->0
[2019-12-11T09:50:16.136+0530][gc,metaspace ] GC(0) Metaspace: 16915K->16915K(1064960K)
[2019-12-11T09:50:16.136+0530][gc           ] GC(0) Pause Young (Normal) (G1 Evacuation Pause) 51M->6M(1024M) 48.233ms
[2019-12-11T09:50:16.136+0530][gc,cpu       ] GC(0) User=0.06s Sys=0.00s Real=0.05s
[2019-12-11T09:50:17.252+0530][gc,start     ] GC(1) Pause Young (Concurrent Start) (Metadata GC Threshold)
[2019-12-11T09:50:17.272+0530][gc,task      ] GC(1) Using 4 workers of 4 for evacuation
[2019-12-11T09:50:17.287+0530][gc,phases    ] GC(1)   Pre Evacuate Collection Set: 0.1ms
[2019-12-11T09:50:17.287+0530][gc,phases    ] GC(1)   Evacuate Collection Set: 14.6ms
[2019-12-11T09:50:17.287+0530][gc,phases    ] GC(1)   Post Evacuate Collection Set: 0.4ms
[2019-12-11T09:50:17.287+0530][gc,phases    ] GC(1)   Other: 19.7ms
[2019-12-11T09:50:17.287+0530][gc,heap      ] GC(1) Eden regions: 15->0(49)
[2019-12-11T09:50:17.287+0530][gc,heap      ] GC(1) Survivor regions: 7->2(7)
[2019-12-11T09:50:17.287+0530][gc,heap      ] GC(1) Old regions: 2->8
[2019-12-11T09:50:17.287+0530][gc,heap      ] GC(1) Humongous regions: 129->129
[2019-12-11T09:50:17.287+0530][gc,metaspace ] GC(1) Metaspace: 20380K->20380K(1067008K)
[2019-12-11T09:50:17.287+0530][gc           ] GC(1) Pause Young (Concurrent Start) (Metadata GC Threshold) 150M->136M(1024M) 34.846ms
[2019-12-11T09:50:17.287+0530][gc,cpu       ] GC(1) User=0.03s Sys=0.01s Real=0.04s
[2019-12-11T09:50:17.287+0530][gc           ] GC(2) Concurrent Cycle
[2019-12-11T09:50:17.287+0530][gc,marking   ] GC(2) Concurrent Clear Claimed Marks
[2019-12-11T09:50:17.287+0530][gc,marking   ] GC(2) Concurrent Clear Claimed Marks 0.035ms
[2019-12-11T09:50:17.287+0530][gc,marking   ] GC(2) Concurrent Scan Root Regions
[2019-12-11T09:50:17.288+0530][gc,marking   ] GC(2) Concurrent Scan Root Regions 0.983ms
[2019-12-11T09:50:17.288+0530][gc,marking   ] GC(2) Concurrent Mark (3.680s)
[2019-12-11T09:50:17.288+0530][gc,marking   ] GC(2) Concurrent Mark From Roots
[2019-12-11T09:50:17.288+0530][gc,task      ] GC(2) Using 1 workers of 1 for marking
[2019-12-11T09:50:17.298+0530][gc,marking   ] GC(2) Concurrent Mark From Roots 9.940ms
[2019-12-11T09:50:17.298+0530][gc,marking   ] GC(2) Concurrent Preclean
[2019-12-11T09:50:17.298+0530][gc,marking   ] GC(2) Concurrent Preclean 0.122ms
[2019-12-11T09:50:17.298+0530][gc,marking   ] GC(2) Concurrent Mark (3.680s, 3.690s) 10.140ms
[2019-12-11T09:50:17.299+0530][gc,start     ] GC(2) Pause Remark
[2019-12-11T09:50:17.304+0530][gc,stringtable] GC(2) Cleaned string and symbol table, strings: 4872 processed, 0 removed, symbols: 48793 processed, 48 removed
[2019-12-11T09:50:17.304+0530][gc            ] GC(2) Pause Remark 137M->137M(1024M) 5.946ms
[2019-12-11T09:50:17.304+0530][gc,cpu        ] GC(2) User=0.02s Sys=0.00s Real=0.00s
[2019-12-11T09:50:17.305+0530][gc,marking    ] GC(2) Concurrent Rebuild Remembered Sets
[2019-12-11T09:50:17.309+0530][gc,marking    ] GC(2) Concurrent Rebuild Remembered Sets 4.806ms
[2019-12-11T09:50:17.309+0530][gc,start      ] GC(2) Pause Cleanup
[2019-12-11T09:50:17.310+0530][gc            ] GC(2) Pause Cleanup 137M->137M(1024M) 0.221ms
[2019-12-11T09:50:17.310+0530][gc,cpu        ] GC(2) User=0.00s Sys=0.00s Real=0.00s
[2019-12-11T09:50:17.310+0530][gc,marking    ] GC(2) Concurrent Cleanup for Next Mark
[2019-12-11T09:50:17.317+0530][gc,marking    ] GC(2) Concurrent Cleanup for Next Mark 6.782ms
[2019-12-11T09:50:17.317+0530][gc            ] GC(2) Concurrent Cycle 29.457ms
[2019-12-11T09:51:04.598+0530][gc,start      ] GC(3) Pause Young (Normal) (G1 Evacuation Pause)
[2019-12-11T09:51:04.598+0530][gc,task       ] GC(3) Using 4 workers of 4 for evacuation
[2019-12-11T09:51:04.606+0530][gc,phases     ] GC(3)   Pre Evacuate Collection Set: 0.0ms
[2019-12-11T09:51:04.606+0530][gc,phases     ] GC(3)   Evacuate Collection Set: 7.4ms
[2019-12-11T09:51:04.606+0530][gc,phases     ] GC(3)   Post Evacuate Collection Set: 0.5ms
[2019-12-11T09:51:04.606+0530][gc,phases     ] GC(3)   Other: 0.3ms
[2019-12-11T09:51:04.606+0530][gc,heap       ] GC(3) Eden regions: 49->0(46)
[2019-12-11T09:51:04.606+0530][gc,heap       ] GC(3) Survivor regions: 2->5(7)
[2019-12-11T09:51:04.606+0530][gc,heap       ] GC(3) Old regions: 8->8
[2019-12-11T09:51:04.606+0530][gc,heap       ] GC(3) Humongous regions: 129->129
[2019-12-11T09:51:04.606+0530][gc,metaspace  ] GC(3) Metaspace: 30355K->30355K(1077248K)
[2019-12-11T09:51:04.606+0530][gc            ] GC(3) Pause Young (Normal) (G1 Evacuation Pause) 185M->140M(1024M) 8.419ms
[2019-12-11T09:51:04.607+0530][gc,cpu        ] GC(3) User=0.03s Sys=0.00s Real=0.01s
[2019-12-11T09:51:08.957+0530][gc,start      ] GC(4) Pause Young (Concurrent Start) (Metadata GC Threshold)
[2019-12-11T09:51:08.967+0530][gc,task       ] GC(4) Using 4 workers of 4 for evacuation
[2019-12-11T09:51:08.987+0530][gc,phases     ] GC(4)   Pre Evacuate Collection Set: 0.2ms
[2019-12-11T09:51:08.987+0530][gc,phases     ] GC(4)   Evacuate Collection Set: 18.5ms
[2019-12-11T09:51:08.987+0530][gc,phases     ] GC(4)   Post Evacuate Collection Set: 0.7ms
[2019-12-11T09:51:08.987+0530][gc,phases     ] GC(4)   Other: 9.9ms
[2019-12-11T09:51:08.987+0530][gc,heap       ] GC(4) Eden regions: 33->0(49)
[2019-12-11T09:51:08.987+0530][gc,heap       ] GC(4) Survivor regions: 5->2(7)
[2019-12-11T09:51:08.987+0530][gc,heap       ] GC(4) Old regions: 8->13
[2019-12-11T09:51:08.987+0530][gc,heap       ] GC(4) Humongous regions: 129->129
[2019-12-11T09:51:08.987+0530][gc,metaspace  ] GC(4) Metaspace: 33805K->33805K(1079296K)
[2019-12-11T09:51:08.987+0530][gc            ] GC(4) Pause Young (Concurrent Start) (Metadata GC Threshold) 173M->142M(1024M) 29.518ms
[2019-12-11T09:51:08.987+0530][gc,cpu        ] GC(4) User=0.04s Sys=0.00s Real=0.03s
[2019-12-11T09:51:08.987+0530][gc            ] GC(5) Concurrent Cycle
[2019-12-11T09:51:08.987+0530][gc,marking    ] GC(5) Concurrent Clear Claimed Marks
[2019-12-11T09:51:08.987+0530][gc,marking    ] GC(5) Concurrent Clear Claimed Marks 0.144ms
[2019-12-11T09:51:08.987+0530][gc,marking    ] GC(5) Concurrent Scan Root Regions
[2019-12-11T09:51:08.991+0530][gc,marking    ] GC(5) Concurrent Scan Root Regions 3.873ms
[2019-12-11T09:51:08.991+0530][gc,marking    ] GC(5) Concurrent Mark (55.383s)
[2019-12-11T09:51:08.991+0530][gc,marking    ] GC(5) Concurrent Mark From Roots
[2019-12-11T09:51:08.991+0530][gc,task       ] GC(5) Using 1 workers of 1 for marking
[2019-12-11T09:51:09.026+0530][gc,marking    ] GC(5) Concurrent Mark From Roots 34.847ms
[2019-12-11T09:51:09.026+0530][gc,marking    ] GC(5) Concurrent Preclean
[2019-12-11T09:51:09.026+0530][gc,marking    ] GC(5) Concurrent Preclean 0.123ms
[2019-12-11T09:51:09.026+0530][gc,marking    ] GC(5) Concurrent Mark (55.383s, 55.418s) 35.060ms
[2019-12-11T09:51:09.026+0530][gc,start      ] GC(5) Pause Remark
[2019-12-11T09:51:09.035+0530][gc,stringtable] GC(5) Cleaned string and symbol table, strings: 10543 processed, 9 removed, symbols: 74842 processed, 18 removed
[2019-12-11T09:51:09.035+0530][gc            ] GC(5) Pause Remark 142M->142M(1024M) 8.799ms
[2019-12-11T09:51:09.035+0530][gc,cpu        ] GC(5) User=0.02s Sys=0.00s Real=0.01s
[2019-12-11T09:51:09.035+0530][gc,marking    ] GC(5) Concurrent Rebuild Remembered Sets
[2019-12-11T09:51:09.060+0530][gc,marking    ] GC(5) Concurrent Rebuild Remembered Sets 24.310ms
[2019-12-11T09:51:09.060+0530][gc,start      ] GC(5) Pause Cleanup
[2019-12-11T09:51:09.060+0530][gc            ] GC(5) Pause Cleanup 142M->142M(1024M) 0.307ms
[2019-12-11T09:51:09.060+0530][gc,cpu        ] GC(5) User=0.00s Sys=0.00s Real=0.00s
[2019-12-11T09:51:09.060+0530][gc,marking    ] GC(5) Concurrent Cleanup for Next Mark
[2019-12-11T09:51:09.077+0530][gc,marking    ] GC(5) Concurrent Cleanup for Next Mark 16.846ms
[2019-12-11T09:51:09.077+0530][gc            ] GC(5) Concurrent Cycle 90.048ms
[2019-12-11T10:01:19.875+0530][gc,start      ] GC(6) Pause Young (Normal) (G1 Evacuation Pause)
[2019-12-11T10:01:19.890+0530][gc,task       ] GC(6) Using 4 workers of 4 for evacuation
[2019-12-11T10:01:19.902+0530][gc,phases     ] GC(6)   Pre Evacuate Collection Set: 0.2ms
[2019-12-11T10:01:19.902+0530][gc,phases     ] GC(6)   Evacuate Collection Set: 11.4ms
[2019-12-11T10:01:19.902+0530][gc,phases     ] GC(6)   Post Evacuate Collection Set: 0.5ms
[2019-12-11T10:01:19.902+0530][gc,phases     ] GC(6)   Other: 15.6ms
[2019-12-11T10:01:19.903+0530][gc,heap       ] GC(6) Eden regions: 49->0(47)
[2019-12-11T10:01:19.903+0530][gc,heap       ] GC(6) Survivor regions: 2->4(7)
[2019-12-11T10:01:19.903+0530][gc,heap       ] GC(6) Old regions: 13->13
[2019-12-11T10:01:19.903+0530][gc,heap       ] GC(6) Humongous regions: 129->129
[2019-12-11T10:01:19.903+0530][gc,metaspace  ] GC(6) Metaspace: 35751K->35751K(1081344K)
[2019-12-11T10:01:19.903+0530][gc            ] GC(6) Pause Young (Normal) (G1 Evacuation Pause) 191M->143M(1024M) 27.717ms
[2019-12-11T10:01:19.903+0530][gc,cpu        ] GC(6) User=0.04s Sys=0.00s Real=0.02s
[2019-12-11T10:12:29.875+0530][gc,start      ] GC(7) Pause Young (Normal) (G1 Evacuation Pause)
[2019-12-11T10:12:29.891+0530][gc,task       ] GC(7) Using 4 workers of 4 for evacuation
[2019-12-11T10:12:29.900+0530][gc,phases     ] GC(7)   Pre Evacuate Collection Set: 0.0ms
[2019-12-11T10:12:29.900+0530][gc,phases     ] GC(7)   Evacuate Collection Set: 8.0ms
[2019-12-11T10:12:29.900+0530][gc,phases     ] GC(7)   Post Evacuate Collection Set: 0.6ms
[2019-12-11T10:12:29.900+0530][gc,phases     ] GC(7)   Other: 16.4ms
[2019-12-11T10:12:29.900+0530][gc,heap       ] GC(7) Eden regions: 47->0(48)
[2019-12-11T10:12:29.900+0530][gc,heap       ] GC(7) Survivor regions: 4->3(7)
[2019-12-11T10:12:29.900+0530][gc,heap       ] GC(7) Old regions: 13->15
[2019-12-11T10:12:29.900+0530][gc,heap       ] GC(7) Humongous regions: 129->129
[2019-12-11T10:12:29.900+0530][gc,metaspace  ] GC(7) Metaspace: 35952K->35952K(1081344K)
[2019-12-11T10:12:29.900+0530][gc            ] GC(7) Pause Young (Normal) (G1 Evacuation Pause) 190M->144M(1024M) 25.101ms
[2019-12-11T10:12:29.900+0530][gc,cpu        ] GC(7) User=0.02s Sys=0.00s Real=0.02s
[2019-12-11T10:24:19.136+0530][gc,start      ] GC(8) Pause Young (Normal) (G1 Evacuation Pause)
[2019-12-11T10:24:19.150+0530][gc,task       ] GC(8) Using 4 workers of 4 for evacuation
[2019-12-11T10:24:19.156+0530][gc,phases     ] GC(8)   Pre Evacuate Collection Set: 0.0ms
[2019-12-11T10:24:19.156+0530][gc,phases     ] GC(8)   Evacuate Collection Set: 4.5ms
[2019-12-11T10:24:19.156+0530][gc,phases     ] GC(8)   Post Evacuate Collection Set: 0.7ms
[2019-12-11T10:24:19.156+0530][gc,phases     ] GC(8)   Other: 14.4ms
[2019-12-11T10:24:19.156+0530][gc,heap       ] GC(8) Eden regions: 48->0(47)
[2019-12-11T10:24:19.156+0530][gc,heap       ] GC(8) Survivor regions: 3->4(7)
[2019-12-11T10:24:19.156+0530][gc,heap       ] GC(8) Old regions: 15->15
[2019-12-11T10:24:19.156+0530][gc,heap       ] GC(8) Humongous regions: 129->129
[2019-12-11T10:24:19.156+0530][gc,metaspace  ] GC(8) Metaspace: 36150K->36150K(1081344K)
[2019-12-11T10:24:19.156+0530][gc            ] GC(8) Pause Young (Normal) (G1 Evacuation Pause) 192M->145M(1024M) 19.770ms
[2019-12-11T10:24:19.156+0530][gc,cpu        ] GC(8) User=0.02s Sys=0.00s Real=0.02s
[2019-12-11T10:36:32.657+0530][gc,start      ] GC(9) Pause Young (Normal) (G1 Evacuation Pause)
[2019-12-11T10:36:32.680+0530][gc,task       ] GC(9) Using 4 workers of 4 for evacuation
[2019-12-11T10:36:32.693+0530][gc,phases     ] GC(9)   Pre Evacuate Collection Set: 0.0ms
[2019-12-11T10:36:32.693+0530][gc,phases     ] GC(9)   Evacuate Collection Set: 11.5ms
[2019-12-11T10:36:32.693+0530][gc,phases     ] GC(9)   Post Evacuate Collection Set: 1.6ms
[2019-12-11T10:36:32.693+0530][gc,phases     ] GC(9)   Other: 23.1ms
[2019-12-11T10:36:32.693+0530][gc,heap       ] GC(9) Eden regions: 47->0(48)
[2019-12-11T10:36:32.693+0530][gc,heap       ] GC(9) Survivor regions: 4->3(7)
[2019-12-11T10:36:32.693+0530][gc,heap       ] GC(9) Old regions: 15->15
[2019-12-11T10:36:32.693+0530][gc,heap       ] GC(9) Humongous regions: 129->129
[2019-12-11T10:36:32.693+0530][gc,metaspace  ] GC(9) Metaspace: 36448K->36448K(1081344K)
[2019-12-11T10:36:32.693+0530][gc            ] GC(9) Pause Young (Normal) (G1 Evacuation Pause) 192M->144M(1024M) 36.419ms
[2019-12-11T10:36:32.693+0530][gc,cpu        ] GC(9) User=0.04s Sys=0.00s Real=0.04s
[2019-12-11T10:49:45.521+0530][gc,start      ] GC(10) Pause Young (Normal) (G1 Evacuation Pause)
[2019-12-11T10:49:45.564+0530][gc,task       ] GC(10) Using 4 workers of 4 for evacuation
[2019-12-11T10:49:45.575+0530][gc,phases     ] GC(10)   Pre Evacuate Collection Set: 0.1ms
[2019-12-11T10:49:45.575+0530][gc,phases     ] GC(10)   Evacuate Collection Set: 9.1ms
[2019-12-11T10:49:45.575+0530][gc,phases     ] GC(10)   Post Evacuate Collection Set: 1.8ms
[2019-12-11T10:49:45.575+0530][gc,phases     ] GC(10)   Other: 43.0ms
[2019-12-11T10:49:45.575+0530][gc,heap       ] GC(10) Eden regions: 48->0(47)
[2019-12-11T10:49:45.575+0530][gc,heap       ] GC(10) Survivor regions: 3->4(7)
[2019-12-11T10:49:45.575+0530][gc,heap       ] GC(10) Old regions: 15->15
[2019-12-11T10:49:45.575+0530][gc,heap       ] GC(10) Humongous regions: 129->129
[2019-12-11T10:49:45.575+0530][gc,metaspace  ] GC(10) Metaspace: 36563K->36563K(1081344K)
[2019-12-11T10:49:45.606+0530][gc            ] GC(10) Pause Young (Normal) (G1 Evacuation Pause) 192M->145M(1024M) 64.137ms
[2019-12-11T10:49:45.606+0530][gc,cpu        ] GC(10) User=0.03s Sys=0.00s Real=0.09s
[2019-12-11T11:01:09.875+0530][gc,start      ] GC(11) Pause Young (Normal) (G1 Evacuation Pause)
[2019-12-11T11:01:09.893+0530][gc,task       ] GC(11) Using 4 workers of 4 for evacuation
[2019-12-11T11:01:09.903+0530][gc,phases     ] GC(11)   Pre Evacuate Collection Set: 0.1ms
[2019-12-11T11:01:09.903+0530][gc,phases     ] GC(11)   Evacuate Collection Set: 9.2ms
[2019-12-11T11:01:09.903+0530][gc,phases     ] GC(11)   Post Evacuate Collection Set: 0.6ms
[2019-12-11T11:01:09.903+0530][gc,phases     ] GC(11)   Other: 18.6ms
[2019-12-11T11:01:09.903+0530][gc,heap       ] GC(11) Eden regions: 47->0(48)
[2019-12-11T11:01:09.903+0530][gc,heap       ] GC(11) Survivor regions: 4->3(7)
[2019-12-11T11:01:09.903+0530][gc,heap       ] GC(11) Old regions: 15->15
[2019-12-11T11:01:09.903+0530][gc,heap       ] GC(11) Humongous regions: 129->129
[2019-12-11T11:01:09.903+0530][gc,metaspace  ] GC(11) Metaspace: 36653K->36653K(1083392K)
[2019-12-11T11:01:09.903+0530][gc            ] GC(11) Pause Young (Normal) (G1 Evacuation Pause) 192M->144M(1024M) 28.541ms
[2019-12-11T11:01:09.903+0530][gc,cpu        ] GC(11) User=0.04s Sys=0.00s Real=0.02s
[2019-12-11T11:13:47.151+0530][gc,start      ] GC(12) Pause Young (Normal) (G1 Evacuation Pause)
[2019-12-11T11:13:47.223+0530][gc,task       ] GC(12) Using 4 workers of 4 for evacuation
[2019-12-11T11:13:47.234+0530][gc,phases     ] GC(12)   Pre Evacuate Collection Set: 0.1ms
[2019-12-11T11:13:47.234+0530][gc,phases     ] GC(12)   Evacuate Collection Set: 9.7ms
[2019-12-11T11:13:47.234+0530][gc,phases     ] GC(12)   Post Evacuate Collection Set: 0.6ms
[2019-12-11T11:13:47.234+0530][gc,phases     ] GC(12)   Other: 72.7ms
[2019-12-11T11:13:47.234+0530][gc,heap       ] GC(12) Eden regions: 48->0(48)
[2019-12-11T11:13:47.234+0530][gc,heap       ] GC(12) Survivor regions: 3->4(7)
[2019-12-11T11:13:47.234+0530][gc,heap       ] GC(12) Old regions: 15->15
[2019-12-11T11:13:47.234+0530][gc,heap       ] GC(12) Humongous regions: 129->129
[2019-12-11T11:13:47.234+0530][gc,metaspace  ] GC(12) Metaspace: 36675K->36675K(1083392K)
[2019-12-11T11:13:47.234+0530][gc            ] GC(12) Pause Young (Normal) (G1 Evacuation Pause) 192M->145M(1024M) 83.144ms
[2019-12-11T11:13:47.234+0530][gc,cpu        ] GC(12) User=0.04s Sys=0.00s Real=0.09s
[2019-12-11T11:26:23.829+0530][gc,start      ] GC(13) Pause Young (Normal) (G1 Evacuation Pause)
[2019-12-11T11:26:23.829+0530][gc,task       ] GC(13) Using 4 workers of 4 for evacuation
[2019-12-11T11:26:23.839+0530][gc,phases     ] GC(13)   Pre Evacuate Collection Set: 0.1ms
[2019-12-11T11:26:23.839+0530][gc,phases     ] GC(13)   Evacuate Collection Set: 9.1ms
[2019-12-11T11:26:23.839+0530][gc,phases     ] GC(13)   Post Evacuate Collection Set: 0.4ms
[2019-12-11T11:26:23.839+0530][gc,phases     ] GC(13)   Other: 0.4ms
[2019-12-11T11:26:23.839+0530][gc,heap       ] GC(13) Eden regions: 48->0(53)
[2019-12-11T11:26:23.839+0530][gc,heap       ] GC(13) Survivor regions: 4->4(7)
[2019-12-11T11:26:23.840+0530][gc,heap       ] GC(13) Old regions: 15->15
[2019-12-11T11:26:23.840+0530][gc,heap       ] GC(13) Humongous regions: 129->129
[2019-12-11T11:26:23.840+0530][gc,metaspace  ] GC(13) Metaspace: 36691K->36691K(1083392K)
[2019-12-11T11:26:23.840+0530][gc            ] GC(13) Pause Young (Normal) (G1 Evacuation Pause) 193M->145M(1024M) 10.158ms
[2019-12-11T11:26:23.840+0530][gc,cpu        ] GC(13) User=0.03s Sys=0.00s Real=0.01s
[2019-12-11T11:40:23.021+0530][gc,start      ] GC(14) Pause Young (Normal) (G1 Evacuation Pause)
[2019-12-11T11:40:23.064+0530][gc,task       ] GC(14) Using 4 workers of 4 for evacuation
[2019-12-11T11:40:23.092+0530][gc,mmu        ] GC(14) MMU target violated: 21.0ms (20.0ms/21.0ms)
[2019-12-11T11:40:23.092+0530][gc,phases     ] GC(14)   Pre Evacuate Collection Set: 0.0ms
[2019-12-11T11:40:23.092+0530][gc,phases     ] GC(14)   Evacuate Collection Set: 24.5ms
[2019-12-11T11:40:23.092+0530][gc,phases     ] GC(14)   Post Evacuate Collection Set: 3.8ms
[2019-12-11T11:40:23.092+0530][gc,phases     ] GC(14)   Other: 43.5ms
[2019-12-11T11:40:23.093+0530][gc,heap       ] GC(14) Eden regions: 53->0(50)
[2019-12-11T11:40:23.093+0530][gc,heap       ] GC(14) Survivor regions: 4->4(8)
[2019-12-11T11:40:23.093+0530][gc,heap       ] GC(14) Old regions: 15->15
[2019-12-11T11:40:23.093+0530][gc,heap       ] GC(14) Humongous regions: 129->129
[2019-12-11T11:40:23.093+0530][gc,metaspace  ] GC(14) Metaspace: 36714K->36714K(1083392K)
[2019-12-11T11:40:23.116+0530][gc            ] GC(14) Pause Young (Normal) (G1 Evacuation Pause) 198M->145M(1024M) 72.069ms
[2019-12-11T11:40:23.116+0530][gc,cpu        ] GC(14) User=0.02s Sys=0.01s Real=0.10s
[2019-12-11T11:52:37.759+0530][gc,start      ] GC(15) Pause Young (Normal) (G1 Evacuation Pause)
[2019-12-11T11:52:37.776+0530][gc,task       ] GC(15) Using 4 workers of 4 for evacuation
[2019-12-11T11:52:37.784+0530][gc,phases     ] GC(15)   Pre Evacuate Collection Set: 0.1ms
[2019-12-11T11:52:37.784+0530][gc,phases     ] GC(15)   Evacuate Collection Set: 7.3ms
[2019-12-11T11:52:37.784+0530][gc,phases     ] GC(15)   Post Evacuate Collection Set: 0.7ms
[2019-12-11T11:52:37.784+0530][gc,phases     ] GC(15)   Other: 17.0ms
[2019-12-11T11:52:37.784+0530][gc,heap       ] GC(15) Eden regions: 50->0(343)
[2019-12-11T11:52:37.784+0530][gc,heap       ] GC(15) Survivor regions: 4->3(7)
[2019-12-11T11:52:37.784+0530][gc,heap       ] GC(15) Old regions: 15->15
[2019-12-11T11:52:37.784+0530][gc,heap       ] GC(15) Humongous regions: 129->129
[2019-12-11T11:52:37.784+0530][gc,metaspace  ] GC(15) Metaspace: 36745K->36745K(1083392K)
[2019-12-11T11:52:37.784+0530][gc            ] GC(15) Pause Young (Normal) (G1 Evacuation Pause) 195M->145M(1024M) 25.207ms
[2019-12-11T11:52:37.784+0530][gc,cpu        ] GC(15) User=0.03s Sys=0.00s Real=0.02s
[2019-12-11T14:45:53.622+0530][gc,start      ] GC(16) Pause Young (Normal) (G1 Evacuation Pause)
[2019-12-11T14:45:53.659+0530][gc,task       ] GC(16) Using 4 workers of 4 for evacuation
[2019-12-11T14:45:53.808+0530][gc,mmu        ] GC(16) MMU target violated: 21.0ms (20.0ms/21.0ms)
[2019-12-11T14:45:53.808+0530][gc,phases     ] GC(16)   Pre Evacuate Collection Set: 0.4ms
[2019-12-11T14:45:53.808+0530][gc,phases     ] GC(16)   Evacuate Collection Set: 74.2ms
[2019-12-11T14:45:53.808+0530][gc,phases     ] GC(16)   Post Evacuate Collection Set: 47.9ms
[2019-12-11T14:45:53.808+0530][gc,phases     ] GC(16)   Other: 63.8ms
[2019-12-11T14:45:53.808+0530][gc,heap       ] GC(16) Eden regions: 343->0(48)
[2019-12-11T14:45:53.808+0530][gc,heap       ] GC(16) Survivor regions: 3->3(44)
[2019-12-11T14:45:53.808+0530][gc,heap       ] GC(16) Old regions: 15->15
[2019-12-11T14:45:53.808+0530][gc,heap       ] GC(16) Humongous regions: 129->129
[2019-12-11T14:45:53.808+0530][gc,metaspace  ] GC(16) Metaspace: 37052K->37052K(1083392K)
[2019-12-11T14:45:53.808+0530][gc            ] GC(16) Pause Young (Normal) (G1 Evacuation Pause) 488M->145M(1024M) 186.455ms
[2019-12-11T14:45:53.808+0530][gc,cpu        ] GC(16) User=0.02s Sys=0.00s Real=0.19s
[2019-12-11T14:58:38.992+0530][gc,start      ] GC(17) Pause Young (Normal) (G1 Evacuation Pause)
[2019-12-11T14:58:39.010+0530][gc,task       ] GC(17) Using 4 workers of 4 for evacuation
[2019-12-11T14:58:39.055+0530][gc,mmu        ] GC(17) MMU target violated: 21.0ms (20.0ms/21.0ms)
[2019-12-11T14:58:39.056+0530][gc,phases     ] GC(17)   Pre Evacuate Collection Set: 0.0ms
[2019-12-11T14:58:39.056+0530][gc,phases     ] GC(17)   Evacuate Collection Set: 27.9ms
[2019-12-11T14:58:39.056+0530][gc,phases     ] GC(17)   Post Evacuate Collection Set: 16.8ms
[2019-12-11T14:58:39.056+0530][gc,phases     ] GC(17)   Other: 19.2ms
[2019-12-11T14:58:39.056+0530][gc,heap       ] GC(17) Eden regions: 48->0(47)
[2019-12-11T14:58:39.056+0530][gc,heap       ] GC(17) Survivor regions: 3->4(7)
[2019-12-11T14:58:39.056+0530][gc,heap       ] GC(17) Old regions: 15->15
[2019-12-11T14:58:39.056+0530][gc,heap       ] GC(17) Humongous regions: 129->129
[2019-12-11T14:58:39.056+0530][gc,metaspace  ] GC(17) Metaspace: 37053K->37053K(1083392K)
[2019-12-11T14:58:39.056+0530][gc            ] GC(17) Pause Young (Normal) (G1 Evacuation Pause) 193M->145M(1024M) 64.167ms
[2019-12-11T14:58:39.056+0530][gc,cpu        ] GC(17) User=0.07s Sys=0.00s Real=0.07s
[2019-12-11T15:11:02.018+0530][gc,start      ] GC(18) Pause Young (Normal) (G1 Evacuation Pause)
[2019-12-11T15:11:02.092+0530][gc,task       ] GC(18) Using 4 workers of 4 for evacuation
[2019-12-11T15:11:02.130+0530][gc,mmu        ] GC(18) MMU target violated: 21.0ms (20.0ms/21.0ms)
[2019-12-11T15:11:02.131+0530][gc,phases     ] GC(18)   Pre Evacuate Collection Set: 0.1ms
[2019-12-11T15:11:02.131+0530][gc,phases     ] GC(18)   Evacuate Collection Set: 37.7ms
[2019-12-11T15:11:02.131+0530][gc,phases     ] GC(18)   Post Evacuate Collection Set: 0.4ms
[2019-12-11T15:11:02.131+0530][gc,phases     ] GC(18)   Other: 100.9ms
[2019-12-11T15:11:02.131+0530][gc,heap       ] GC(18) Eden regions: 47->0(48)
[2019-12-11T15:11:02.131+0530][gc,heap       ] GC(18) Survivor regions: 4->3(7)
[2019-12-11T15:11:02.131+0530][gc,heap       ] GC(18) Old regions: 15->15
[2019-12-11T15:11:02.131+0530][gc,heap       ] GC(18) Humongous regions: 129->129
[2019-12-11T15:11:02.131+0530][gc,metaspace  ] GC(18) Metaspace: 37054K->37054K(1083392K)
[2019-12-11T15:11:02.169+0530][gc            ] GC(18) Pause Young (Normal) (G1 Evacuation Pause) 192M->145M(1024M) 112.908ms
[2019-12-11T15:11:02.169+0530][gc,cpu        ] GC(18) User=0.09s Sys=0.00s Real=0.15s
[2019-12-11T15:22:53.865+0530][gc,start      ] GC(19) Pause Young (Normal) (G1 Evacuation Pause)
[2019-12-11T15:22:53.947+0530][gc,task       ] GC(19) Using 4 workers of 4 for evacuation
[2019-12-11T15:22:53.974+0530][gc,mmu        ] GC(19) MMU target violated: 21.0ms (20.0ms/21.0ms)
[2019-12-11T15:22:53.974+0530][gc,phases     ] GC(19)   Pre Evacuate Collection Set: 0.1ms
[2019-12-11T15:22:53.974+0530][gc,phases     ] GC(19)   Evacuate Collection Set: 25.9ms
[2019-12-11T15:22:53.974+0530][gc,phases     ] GC(19)   Post Evacuate Collection Set: 0.5ms
[2019-12-11T15:22:53.974+0530][gc,phases     ] GC(19)   Other: 82.0ms
[2019-12-11T15:22:53.974+0530][gc,heap       ] GC(19) Eden regions: 48->0(47)
[2019-12-11T15:22:53.974+0530][gc,heap       ] GC(19) Survivor regions: 3->4(7)
[2019-12-11T15:22:53.974+0530][gc,heap       ] GC(19) Old regions: 15->15
[2019-12-11T15:22:53.974+0530][gc,heap       ] GC(19) Humongous regions: 129->129
[2019-12-11T15:22:53.974+0530][gc,metaspace  ] GC(19) Metaspace: 37060K->37060K(1083392K)
[2019-12-11T15:22:54.013+0530][gc            ] GC(19) Pause Young (Normal) (G1 Evacuation Pause) 193M->145M(1024M) 137.690ms
[2019-12-11T15:22:54.013+0530][gc,cpu        ] GC(19) User=0.07s Sys=0.00s Real=0.15s
[2019-12-11T15:34:53.502+0530][gc,start      ] GC(20) Pause Young (Normal) (G1 Evacuation Pause)
[2019-12-11T15:34:53.570+0530][gc,task       ] GC(20) Using 4 workers of 4 for evacuation
[2019-12-11T15:34:53.718+0530][gc,mmu        ] GC(20) MMU target violated: 21.0ms (20.0ms/21.0ms)
[2019-12-11T15:34:53.741+0530][gc,phases     ] GC(20)   Pre Evacuate Collection Set: 0.3ms
[2019-12-11T15:34:53.741+0530][gc,phases     ] GC(20)   Evacuate Collection Set: 147.3ms
[2019-12-11T15:34:53.741+0530][gc,phases     ] GC(20)   Post Evacuate Collection Set: 0.6ms
[2019-12-11T15:34:53.741+0530][gc,phases     ] GC(20)   Other: 68.1ms
[2019-12-11T15:34:53.741+0530][gc,heap       ] GC(20) Eden regions: 47->0(47)
[2019-12-11T15:34:53.741+0530][gc,heap       ] GC(20) Survivor regions: 4->4(7)
[2019-12-11T15:34:53.741+0530][gc,heap       ] GC(20) Old regions: 15->15
[2019-12-11T15:34:53.741+0530][gc,heap       ] GC(20) Humongous regions: 129->129
[2019-12-11T15:34:53.741+0530][gc,metaspace  ] GC(20) Metaspace: 37180K->37180K(1083392K)
[2019-12-11T15:34:53.741+0530][gc            ] GC(20) Pause Young (Normal) (G1 Evacuation Pause) 192M->146M(1024M) 238.634ms
[2019-12-11T15:34:53.741+0530][gc,cpu        ] GC(20) User=0.22s Sys=0.00s Real=0.24s
[2019-12-11T15:45:55.415+0530][gc,start      ] GC(21) Pause Young (Normal) (G1 Evacuation Pause)
[2019-12-11T15:45:55.427+0530][gc,task       ] GC(21) Using 4 workers of 4 for evacuation
[2019-12-11T15:45:55.481+0530][gc,mmu        ] GC(21) MMU target violated: 21.0ms (20.0ms/21.0ms)
[2019-12-11T15:45:55.481+0530][gc,phases     ] GC(21)   Pre Evacuate Collection Set: 0.1ms
[2019-12-11T15:45:55.481+0530][gc,phases     ] GC(21)   Evacuate Collection Set: 52.7ms
[2019-12-11T15:45:55.481+0530][gc,phases     ] GC(21)   Post Evacuate Collection Set: 0.5ms
[2019-12-11T15:45:55.481+0530][gc,phases     ] GC(21)   Other: 12.5ms
[2019-12-11T15:45:55.481+0530][gc,heap       ] GC(21) Eden regions: 47->0(48)
[2019-12-11T15:45:55.481+0530][gc,heap       ] GC(21) Survivor regions: 4->3(7)
[2019-12-11T15:45:55.481+0530][gc,heap       ] GC(21) Old regions: 15->16
[2019-12-11T15:45:55.481+0530][gc,heap       ] GC(21) Humongous regions: 129->129
[2019-12-11T15:45:55.481+0530][gc,metaspace  ] GC(21) Metaspace: 37318K->37318K(1083392K)
[2019-12-11T15:45:55.481+0530][gc            ] GC(21) Pause Young (Normal) (G1 Evacuation Pause) 193M->145M(1024M) 65.830ms
[2019-12-11T15:45:55.481+0530][gc,cpu        ] GC(21) User=0.08s Sys=0.00s Real=0.06s
[2019-12-11T15:57:21.439+0530][gc,start      ] GC(22) Pause Young (Normal) (G1 Evacuation Pause)
[2019-12-11T15:57:21.448+0530][gc,task       ] GC(22) Using 4 workers of 4 for evacuation
[2019-12-11T15:57:21.478+0530][gc,mmu        ] GC(22) MMU target violated: 21.0ms (20.0ms/21.0ms)
[2019-12-11T15:57:21.478+0530][gc,phases     ] GC(22)   Pre Evacuate Collection Set: 0.1ms
[2019-12-11T15:57:21.478+0530][gc,phases     ] GC(22)   Evacuate Collection Set: 29.4ms
[2019-12-11T15:57:21.478+0530][gc,phases     ] GC(22)   Post Evacuate Collection Set: 0.5ms
[2019-12-11T15:57:21.478+0530][gc,phases     ] GC(22)   Other: 8.9ms
[2019-12-11T15:57:21.478+0530][gc,heap       ] GC(22) Eden regions: 48->0(47)
[2019-12-11T15:57:21.478+0530][gc,heap       ] GC(22) Survivor regions: 3->4(7)
[2019-12-11T15:57:21.478+0530][gc,heap       ] GC(22) Old regions: 16->16
[2019-12-11T15:57:21.478+0530][gc,heap       ] GC(22) Humongous regions: 129->129
[2019-12-11T15:57:21.478+0530][gc,metaspace  ] GC(22) Metaspace: 37329K->37329K(1083392K)
[2019-12-11T15:57:21.478+0530][gc            ] GC(22) Pause Young (Normal) (G1 Evacuation Pause) 193M->145M(1024M) 38.948ms
[2019-12-11T15:57:21.478+0530][gc,cpu        ] GC(22) User=0.02s Sys=0.00s Real=0.04s
[2019-12-11T16:08:32.547+0530][gc,start      ] GC(23) Pause Young (Normal) (G1 Evacuation Pause)
[2019-12-11T16:08:32.585+0530][gc,task       ] GC(23) Using 4 workers of 4 for evacuation
[2019-12-11T16:08:32.607+0530][gc,mmu        ] GC(23) MMU target violated: 21.0ms (20.0ms/21.0ms)
[2019-12-11T16:08:32.607+0530][gc,phases     ] GC(23)   Pre Evacuate Collection Set: 0.0ms
[2019-12-11T16:08:32.607+0530][gc,phases     ] GC(23)   Evacuate Collection Set: 21.0ms
[2019-12-11T16:08:32.607+0530][gc,phases     ] GC(23)   Post Evacuate Collection Set: 0.6ms
[2019-12-11T16:08:32.607+0530][gc,phases     ] GC(23)   Other: 37.9ms
[2019-12-11T16:08:32.607+0530][gc,heap       ] GC(23) Eden regions: 47->0(47)
[2019-12-11T16:08:32.607+0530][gc,heap       ] GC(23) Survivor regions: 4->4(7)
[2019-12-11T16:08:32.607+0530][gc,heap       ] GC(23) Old regions: 16->16
[2019-12-11T16:08:32.607+0530][gc,heap       ] GC(23) Humongous regions: 129->129
[2019-12-11T16:08:32.607+0530][gc,metaspace  ] GC(23) Metaspace: 37333K->37333K(1083392K)
[2019-12-11T16:08:32.607+0530][gc            ] GC(23) Pause Young (Normal) (G1 Evacuation Pause) 192M->146M(1024M) 59.605ms
[2019-12-11T16:08:32.607+0530][gc,cpu        ] GC(23) User=0.06s Sys=0.00s Real=0.06s
[2019-12-11T16:18:53.550+0530][gc,start      ] GC(24) Pause Young (Normal) (G1 Evacuation Pause)
[2019-12-11T16:18:53.564+0530][gc,task       ] GC(24) Using 4 workers of 4 for evacuation
[2019-12-11T16:18:53.570+0530][gc,phases     ] GC(24)   Pre Evacuate Collection Set: 0.0ms
[2019-12-11T16:18:53.570+0530][gc,phases     ] GC(24)   Evacuate Collection Set: 5.2ms
[2019-12-11T16:18:53.570+0530][gc,phases     ] GC(24)   Post Evacuate Collection Set: 0.5ms
[2019-12-11T16:18:53.570+0530][gc,phases     ] GC(24)   Other: 14.0ms
[2019-12-11T16:18:53.570+0530][gc,heap       ] GC(24) Eden regions: 47->0(48)
[2019-12-11T16:18:53.570+0530][gc,heap       ] GC(24) Survivor regions: 4->3(7)
[2019-12-11T16:18:53.570+0530][gc,heap       ] GC(24) Old regions: 16->16
[2019-12-11T16:18:53.570+0530][gc,heap       ] GC(24) Humongous regions: 129->129
[2019-12-11T16:18:53.570+0530][gc,metaspace  ] GC(24) Metaspace: 37336K->37336K(1083392K)
[2019-12-11T16:18:53.570+0530][gc            ] GC(24) Pause Young (Normal) (G1 Evacuation Pause) 193M->145M(1024M) 19.918ms
[2019-12-11T16:18:53.570+0530][gc,cpu        ] GC(24) User=0.01s Sys=0.01s Real=0.02s
[2019-12-11T16:47:08.789+0530][gc,start      ] GC(25) Pause Young (Normal) (G1 Evacuation Pause)
[2019-12-11T16:47:08.797+0530][gc,task       ] GC(25) Using 4 workers of 4 for evacuation
[2019-12-11T16:47:08.817+0530][gc,phases     ] GC(25)   Pre Evacuate Collection Set: 0.0ms
[2019-12-11T16:47:08.817+0530][gc,phases     ] GC(25)   Evacuate Collection Set: 18.9ms
[2019-12-11T16:47:08.817+0530][gc,phases     ] GC(25)   Post Evacuate Collection Set: 0.4ms
[2019-12-11T16:47:08.817+0530][gc,phases     ] GC(25)   Other: 8.1ms
[2019-12-11T16:47:08.817+0530][gc,heap       ] GC(25) Eden regions: 48->0(47)
[2019-12-11T16:47:08.817+0530][gc,heap       ] GC(25) Survivor regions: 3->4(7)
[2019-12-11T16:47:08.817+0530][gc,heap       ] GC(25) Old regions: 16->16
[2019-12-11T16:47:08.817+0530][gc,heap       ] GC(25) Humongous regions: 129->129
[2019-12-11T16:47:08.817+0530][gc,metaspace  ] GC(25) Metaspace: 37341K->37341K(1083392K)
[2019-12-11T16:47:08.817+0530][gc            ] GC(25) Pause Young (Normal) (G1 Evacuation Pause) 193M->145M(1024M) 27.463ms
[2019-12-11T16:47:08.817+0530][gc,cpu        ] GC(25) User=0.05s Sys=0.00s Real=0.03s
[2019-12-11T16:58:25.285+0530][gc,start      ] GC(26) Pause Young (Normal) (G1 Evacuation Pause)
[2019-12-11T16:58:25.306+0530][gc,task       ] GC(26) Using 4 workers of 4 for evacuation
[2019-12-11T16:58:25.316+0530][gc,phases     ] GC(26)   Pre Evacuate Collection Set: 0.1ms
[2019-12-11T16:58:25.316+0530][gc,phases     ] GC(26)   Evacuate Collection Set: 8.9ms
[2019-12-11T16:58:25.316+0530][gc,phases     ] GC(26)   Post Evacuate Collection Set: 0.4ms
[2019-12-11T16:58:25.316+0530][gc,phases     ] GC(26)   Other: 22.0ms
[2019-12-11T16:58:25.316+0530][gc,heap       ] GC(26) Eden regions: 47->0(48)
[2019-12-11T16:58:25.316+0530][gc,heap       ] GC(26) Survivor regions: 4->4(7)
[2019-12-11T16:58:25.316+0530][gc,heap       ] GC(26) Old regions: 16->16
[2019-12-11T16:58:25.316+0530][gc,heap       ] GC(26) Humongous regions: 129->129
[2019-12-11T16:58:25.316+0530][gc,metaspace  ] GC(26) Metaspace: 37342K->37342K(1083392K)
[2019-12-11T16:58:25.316+0530][gc            ] GC(26) Pause Young (Normal) (G1 Evacuation Pause) 192M->146M(1024M) 31.469ms
[2019-12-11T16:58:25.316+0530][gc,cpu        ] GC(26) User=0.04s Sys=0.00s Real=0.03s
[2019-12-11T17:09:52.070+0530][gc,start      ] GC(27) Pause Young (Normal) (G1 Evacuation Pause)
[2019-12-11T17:09:52.092+0530][gc,task       ] GC(27) Using 4 workers of 4 for evacuation
[2019-12-11T17:09:52.130+0530][gc,mmu        ] GC(27) MMU target violated: 21.0ms (20.0ms/21.0ms)
[2019-12-11T17:09:52.130+0530][gc,phases     ] GC(27)   Pre Evacuate Collection Set: 0.0ms
[2019-12-11T17:09:52.130+0530][gc,phases     ] GC(27)   Evacuate Collection Set: 37.8ms
[2019-12-11T17:09:52.130+0530][gc,phases     ] GC(27)   Post Evacuate Collection Set: 0.4ms
[2019-12-11T17:09:52.130+0530][gc,phases     ] GC(27)   Other: 22.2ms
[2019-12-11T17:09:52.130+0530][gc,heap       ] GC(27) Eden regions: 48->0(48)
[2019-12-11T17:09:52.130+0530][gc,heap       ] GC(27) Survivor regions: 4->3(7)
[2019-12-11T17:09:52.130+0530][gc,heap       ] GC(27) Old regions: 16->16
[2019-12-11T17:09:52.130+0530][gc,heap       ] GC(27) Humongous regions: 129->129
[2019-12-11T17:09:52.130+0530][gc,metaspace  ] GC(27) Metaspace: 37342K->37342K(1083392K)
[2019-12-11T17:09:52.130+0530][gc            ] GC(27) Pause Young (Normal) (G1 Evacuation Pause) 194M->145M(1024M) 60.363ms
[2019-12-11T17:09:52.130+0530][gc,cpu        ] GC(27) User=0.03s Sys=0.01s Real=0.06s
[2019-12-11T17:21:23.462+0530][gc,start      ] GC(28) Pause Young (Normal) (G1 Evacuation Pause)
[2019-12-11T17:21:23.482+0530][gc,task       ] GC(28) Using 4 workers of 4 for evacuation
[2019-12-11T17:21:23.493+0530][gc,phases     ] GC(28)   Pre Evacuate Collection Set: 0.0ms
[2019-12-11T17:21:23.493+0530][gc,phases     ] GC(28)   Evacuate Collection Set: 10.2ms
[2019-12-11T17:21:23.493+0530][gc,phases     ] GC(28)   Post Evacuate Collection Set: 0.5ms
[2019-12-11T17:21:23.493+0530][gc,phases     ] GC(28)   Other: 19.8ms
[2019-12-11T17:21:23.493+0530][gc,heap       ] GC(28) Eden regions: 48->0(47)
[2019-12-11T17:21:23.493+0530][gc,heap       ] GC(28) Survivor regions: 3->4(7)
[2019-12-11T17:21:23.493+0530][gc,heap       ] GC(28) Old regions: 16->16
[2019-12-11T17:21:23.493+0530][gc,heap       ] GC(28) Humongous regions: 129->129
[2019-12-11T17:21:23.493+0530][gc,metaspace  ] GC(28) Metaspace: 37343K->37343K(1083392K)
[2019-12-11T17:21:23.493+0530][gc            ] GC(28) Pause Young (Normal) (G1 Evacuation Pause) 193M->145M(1024M) 30.724ms
[2019-12-11T17:21:23.493+0530][gc,cpu        ] GC(28) User=0.04s Sys=0.00s Real=0.03s
[2019-12-11T17:31:45.993+0530][gc,start      ] GC(29) Pause Young (Normal) (G1 Evacuation Pause)
[2019-12-11T17:31:46.005+0530][gc,task       ] GC(29) Using 4 workers of 4 for evacuation
[2019-12-11T17:31:46.028+0530][gc,mmu        ] GC(29) MMU target violated: 21.0ms (20.0ms/21.0ms)
[2019-12-11T17:31:46.028+0530][gc,phases     ] GC(29)   Pre Evacuate Collection Set: 0.0ms
[2019-12-11T17:31:46.028+0530][gc,phases     ] GC(29)   Evacuate Collection Set: 22.3ms
[2019-12-11T17:31:46.028+0530][gc,phases     ] GC(29)   Post Evacuate Collection Set: 0.5ms
[2019-12-11T17:31:46.028+0530][gc,phases     ] GC(29)   Other: 12.8ms
[2019-12-11T17:31:46.028+0530][gc,heap       ] GC(29) Eden regions: 47->0(47)
[2019-12-11T17:31:46.028+0530][gc,heap       ] GC(29) Survivor regions: 4->4(7)
[2019-12-11T17:31:46.028+0530][gc,heap       ] GC(29) Old regions: 16->16
[2019-12-11T17:31:46.028+0530][gc,heap       ] GC(29) Humongous regions: 129->129
[2019-12-11T17:31:46.028+0530][gc,metaspace  ] GC(29) Metaspace: 37345K->37345K(1083392K)
[2019-12-11T17:31:46.028+0530][gc            ] GC(29) Pause Young (Normal) (G1 Evacuation Pause) 192M->146M(1024M) 35.716ms
[2019-12-11T17:31:46.028+0530][gc,cpu        ] GC(29) User=0.05s Sys=0.00s Real=0.03s
[2019-12-11T17:42:52.762+0530][gc,start      ] GC(30) Pause Young (Normal) (G1 Evacuation Pause)
[2019-12-11T17:42:52.779+0530][gc,task       ] GC(30) Using 4 workers of 4 for evacuation
[2019-12-11T17:42:52.787+0530][gc,phases     ] GC(30)   Pre Evacuate Collection Set: 0.0ms
[2019-12-11T17:42:52.787+0530][gc,phases     ] GC(30)   Evacuate Collection Set: 7.3ms
[2019-12-11T17:42:52.787+0530][gc,phases     ] GC(30)   Post Evacuate Collection Set: 0.5ms
[2019-12-11T17:42:52.787+0530][gc,phases     ] GC(30)   Other: 17.1ms
[2019-12-11T17:42:52.787+0530][gc,heap       ] GC(30) Eden regions: 47->0(48)
[2019-12-11T17:42:52.787+0530][gc,heap       ] GC(30) Survivor regions: 4->3(7)
[2019-12-11T17:42:52.787+0530][gc,heap       ] GC(30) Old regions: 16->16
[2019-12-11T17:42:52.787+0530][gc,heap       ] GC(30) Humongous regions: 129->129
[2019-12-11T17:42:52.787+0530][gc,metaspace  ] GC(30) Metaspace: 37346K->37346K(1083392K)
[2019-12-11T17:42:52.787+0530][gc            ] GC(30) Pause Young (Normal) (G1 Evacuation Pause) 193M->145M(1024M) 25.132ms
[2019-12-11T17:42:52.787+0530][gc,cpu        ] GC(30) User=0.03s Sys=0.00s Real=0.02s
[2019-12-11T17:54:18.702+0530][gc,start      ] GC(31) Pause Young (Normal) (G1 Evacuation Pause)
[2019-12-11T17:54:18.742+0530][gc,task       ] GC(31) Using 4 workers of 4 for evacuation
[2019-12-11T17:54:18.773+0530][gc,mmu        ] GC(31) MMU target violated: 21.0ms (20.0ms/21.0ms)
[2019-12-11T17:54:18.773+0530][gc,phases     ] GC(31)   Pre Evacuate Collection Set: 0.1ms
[2019-12-11T17:54:18.773+0530][gc,phases     ] GC(31)   Evacuate Collection Set: 30.2ms
[2019-12-11T17:54:18.773+0530][gc,phases     ] GC(31)   Post Evacuate Collection Set: 0.4ms
[2019-12-11T17:54:18.773+0530][gc,phases     ] GC(31)   Other: 40.7ms
[2019-12-11T17:54:18.773+0530][gc,heap       ] GC(31) Eden regions: 48->0(47)
[2019-12-11T17:54:18.773+0530][gc,heap       ] GC(31) Survivor regions: 3->4(7)
[2019-12-11T17:54:18.773+0530][gc,heap       ] GC(31) Old regions: 16->16
[2019-12-11T17:54:18.773+0530][gc,heap       ] GC(31) Humongous regions: 129->129
[2019-12-11T17:54:18.773+0530][gc,metaspace  ] GC(31) Metaspace: 37360K->37360K(1083392K)
[2019-12-11T17:54:18.773+0530][gc            ] GC(31) Pause Young (Normal) (G1 Evacuation Pause) 193M->145M(1024M) 71.341ms
[2019-12-11T17:54:18.773+0530][gc,cpu        ] GC(31) User=0.08s Sys=0.00s Real=0.07s
[2019-12-11T18:05:36.839+0530][gc,start      ] GC(32) Pause Young (Normal) (G1 Evacuation Pause)
[2019-12-11T18:05:36.857+0530][gc,task       ] GC(32) Using 4 workers of 4 for evacuation
[2019-12-11T18:05:36.863+0530][gc,phases     ] GC(32)   Pre Evacuate Collection Set: 0.0ms
[2019-12-11T18:05:36.863+0530][gc,phases     ] GC(32)   Evacuate Collection Set: 4.7ms
[2019-12-11T18:05:36.863+0530][gc,phases     ] GC(32)   Post Evacuate Collection Set: 0.5ms
[2019-12-11T18:05:36.863+0530][gc,phases     ] GC(32)   Other: 18.9ms
[2019-12-11T18:05:36.863+0530][gc,heap       ] GC(32) Eden regions: 47->0(56)
[2019-12-11T18:05:36.863+0530][gc,heap       ] GC(32) Survivor regions: 4->4(7)
[2019-12-11T18:05:36.863+0530][gc,heap       ] GC(32) Old regions: 16->16
[2019-12-11T18:05:36.863+0530][gc,heap       ] GC(32) Humongous regions: 129->129
[2019-12-11T18:05:36.863+0530][gc,metaspace  ] GC(32) Metaspace: 37373K->37373K(1083392K)
[2019-12-11T18:05:36.863+0530][gc            ] GC(32) Pause Young (Normal) (G1 Evacuation Pause) 192M->146M(1024M) 24.292ms
[2019-12-11T18:05:36.863+0530][gc,cpu        ] GC(32) User=0.02s Sys=0.00s Real=0.03s
[2019-12-11T18:18:55.783+0530][gc,start      ] GC(33) Pause Young (Normal) (G1 Evacuation Pause)
[2019-12-11T18:18:55.783+0530][gc,task       ] GC(33) Using 4 workers of 4 for evacuation
[2019-12-11T18:18:55.793+0530][gc,phases     ] GC(33)   Pre Evacuate Collection Set: 0.1ms
[2019-12-11T18:18:55.793+0530][gc,phases     ] GC(33)   Evacuate Collection Set: 8.9ms
[2019-12-11T18:18:55.793+0530][gc,phases     ] GC(33)   Post Evacuate Collection Set: 0.5ms
[2019-12-11T18:18:55.793+0530][gc,phases     ] GC(33)   Other: 0.6ms
[2019-12-11T18:18:55.793+0530][gc,heap       ] GC(33) Eden regions: 56->0(73)
[2019-12-11T18:18:55.793+0530][gc,heap       ] GC(33) Survivor regions: 4->4(8)
[2019-12-11T18:18:55.793+0530][gc,heap       ] GC(33) Old regions: 16->16
[2019-12-11T18:18:55.793+0530][gc,heap       ] GC(33) Humongous regions: 129->129
[2019-12-11T18:18:55.793+0530][gc,metaspace  ] GC(33) Metaspace: 37374K->37374K(1083392K)
[2019-12-11T18:18:55.793+0530][gc            ] GC(33) Pause Young (Normal) (G1 Evacuation Pause) 202M->145M(1024M) 10.233ms
[2019-12-11T18:18:55.793+0530][gc,cpu        ] GC(33) User=0.03s Sys=0.00s Real=0.01s
[2019-12-11T18:44:15.144+0530][gc,start      ] GC(34) Pause Young (Normal) (G1 Evacuation Pause)
[2019-12-11T18:44:15.163+0530][gc,task       ] GC(34) Using 4 workers of 4 for evacuation
[2019-12-11T18:44:15.170+0530][gc,phases     ] GC(34)   Pre Evacuate Collection Set: 0.0ms
[2019-12-11T18:44:15.170+0530][gc,phases     ] GC(34)   Evacuate Collection Set: 5.9ms
[2019-12-11T18:44:15.170+0530][gc,phases     ] GC(34)   Post Evacuate Collection Set: 0.5ms
[2019-12-11T18:44:15.170+0530][gc,phases     ] GC(34)   Other: 19.8ms
[2019-12-11T18:44:15.170+0530][gc,heap       ] GC(34) Eden regions: 73->0(105)
[2019-12-11T18:44:15.170+0530][gc,heap       ] GC(34) Survivor regions: 4->3(10)
[2019-12-11T18:44:15.170+0530][gc,heap       ] GC(34) Old regions: 16->16
[2019-12-11T18:44:15.170+0530][gc,heap       ] GC(34) Humongous regions: 129->129
[2019-12-11T18:44:15.170+0530][gc,metaspace  ] GC(34) Metaspace: 37377K->37377K(1083392K)
[2019-12-11T18:44:15.170+0530][gc            ] GC(34) Pause Young (Normal) (G1 Evacuation Pause) 218M->145M(1024M) 26.420ms
[2019-12-11T18:44:15.170+0530][gc,cpu        ] GC(34) User=0.01s Sys=0.00s Real=0.02s
[2019-12-11T19:11:25.542+0530][gc,start      ] GC(35) Pause Young (Normal) (G1 Evacuation Pause)
[2019-12-11T19:11:25.565+0530][gc,task       ] GC(35) Using 4 workers of 4 for evacuation
[2019-12-11T19:11:25.585+0530][gc,mmu        ] GC(35) MMU target violated: 20.5ms (20.0ms/21.0ms)
[2019-12-11T19:11:25.585+0530][gc,phases     ] GC(35)   Pre Evacuate Collection Set: 0.0ms
[2019-12-11T19:11:25.586+0530][gc,phases     ] GC(35)   Evacuate Collection Set: 19.9ms
[2019-12-11T19:11:25.586+0530][gc,phases     ] GC(35)   Post Evacuate Collection Set: 0.4ms
[2019-12-11T19:11:25.586+0530][gc,phases     ] GC(35)   Other: 23.2ms
[2019-12-11T19:11:25.586+0530][gc,heap       ] GC(35) Eden regions: 105->0(124)
[2019-12-11T19:11:25.586+0530][gc,heap       ] GC(35) Survivor regions: 3->4(14)
[2019-12-11T19:11:25.586+0530][gc,heap       ] GC(35) Old regions: 16->16
[2019-12-11T19:11:25.586+0530][gc,heap       ] GC(35) Humongous regions: 129->129
[2019-12-11T19:11:25.586+0530][gc,metaspace  ] GC(35) Metaspace: 37396K->37396K(1083392K)
[2019-12-11T19:11:25.586+0530][gc            ] GC(35) Pause Young (Normal) (G1 Evacuation Pause) 250M->146M(1024M) 43.640ms
[2019-12-11T19:11:25.586+0530][gc,cpu        ] GC(35) User=0.05s Sys=0.00s Real=0.04s
[2019-12-11T19:41:33.702+0530][gc,start      ] GC(36) Pause Young (Normal) (G1 Evacuation Pause)
[2019-12-11T19:41:33.718+0530][gc,task       ] GC(36) Using 4 workers of 4 for evacuation
[2019-12-11T19:41:33.736+0530][gc,phases     ] GC(36)   Pre Evacuate Collection Set: 0.1ms
[2019-12-11T19:41:33.736+0530][gc,phases     ] GC(36)   Evacuate Collection Set: 16.7ms
[2019-12-11T19:41:33.736+0530][gc,phases     ] GC(36)   Post Evacuate Collection Set: 0.5ms
[2019-12-11T19:41:33.736+0530][gc,phases     ] GC(36)   Other: 16.5ms
[2019-12-11T19:41:33.736+0530][gc,heap       ] GC(36) Eden regions: 124->0(146)
[2019-12-11T19:41:33.736+0530][gc,heap       ] GC(36) Survivor regions: 4->3(16)
[2019-12-11T19:41:33.736+0530][gc,heap       ] GC(36) Old regions: 16->16
[2019-12-11T19:41:33.736+0530][gc,heap       ] GC(36) Humongous regions: 129->129
[2019-12-11T19:41:33.736+0530][gc,metaspace  ] GC(36) Metaspace: 37415K->37415K(1083392K)
[2019-12-11T19:41:33.736+0530][gc            ] GC(36) Pause Young (Normal) (G1 Evacuation Pause) 270M->145M(1024M) 33.889ms
[2019-12-11T19:41:33.736+0530][gc,cpu        ] GC(36) User=0.05s Sys=0.00s Real=0.03s
