[2019-12-16T11:19:48.056+0530][gc,heap] Heap region size: 1M
[2019-12-16T11:19:48.068+0530][gc     ] Using G1
[2019-12-16T11:19:48.068+0530][gc,heap,coops] Heap address: 0x00000000c0000000, size: 1024 MB, Compressed Oops mode: 32-bit
[2019-12-16T11:19:48.068+0530][gc,cds       ] Mark closed archive regions in map: [0x00000000fff00000, 0x00000000fff69ff8]
[2019-12-16T11:19:48.068+0530][gc,cds       ] Mark open archive regions in map: [0x00000000ffe00000, 0x00000000ffe33ff8]
[2019-12-16T11:19:50.753+0530][gc,start     ] GC(0) Pause Young (Normal) (G1 Evacuation Pause)
[2019-12-16T11:19:50.754+0530][gc,task      ] GC(0) Using 4 workers of 4 for evacuation
[2019-12-16T11:19:50.805+0530][gc,mmu       ] GC(0) MMU target violated: 21.0ms (20.0ms/21.0ms)
[2019-12-16T11:19:50.805+0530][gc,phases    ] GC(0)   Pre Evacuate Collection Set: 0.0ms
[2019-12-16T11:19:50.805+0530][gc,phases    ] GC(0)   Evacuate Collection Set: 24.3ms
[2019-12-16T11:19:50.805+0530][gc,phases    ] GC(0)   Post Evacuate Collection Set: 26.5ms
[2019-12-16T11:19:50.805+0530][gc,phases    ] GC(0)   Other: 11.0ms
[2019-12-16T11:19:50.805+0530][gc,heap      ] GC(0) Eden regions: 51->0(44)
[2019-12-16T11:19:50.805+0530][gc,heap      ] GC(0) Survivor regions: 0->7(7)
[2019-12-16T11:19:50.805+0530][gc,heap      ] GC(0) Old regions: 2->2
[2019-12-16T11:19:50.805+0530][gc,heap      ] GC(0) Humongous regions: 0->0
[2019-12-16T11:19:50.805+0530][gc,metaspace ] GC(0) Metaspace: 16694K->16694K(1064960K)
[2019-12-16T11:19:50.805+0530][gc           ] GC(0) Pause Young (Normal) (G1 Evacuation Pause) 51M->6M(1024M) 51.790ms
[2019-12-16T11:19:50.805+0530][gc,cpu       ] GC(0) User=0.06s Sys=0.00s Real=0.05s
[2019-12-16T11:19:51.626+0530][gc,start     ] GC(1) Pause Young (Concurrent Start) (Metadata GC Threshold)
[2019-12-16T11:19:51.626+0530][gc,task      ] GC(1) Using 4 workers of 4 for evacuation
[2019-12-16T11:19:51.643+0530][gc,phases    ] GC(1)   Pre Evacuate Collection Set: 0.1ms
[2019-12-16T11:19:51.643+0530][gc,phases    ] GC(1)   Evacuate Collection Set: 15.9ms
[2019-12-16T11:19:51.643+0530][gc,phases    ] GC(1)   Post Evacuate Collection Set: 0.5ms
[2019-12-16T11:19:51.643+0530][gc,phases    ] GC(1)   Other: 0.3ms
[2019-12-16T11:19:51.643+0530][gc,heap      ] GC(1) Eden regions: 16->0(49)
[2019-12-16T11:19:51.643+0530][gc,heap      ] GC(1) Survivor regions: 7->2(7)
[2019-12-16T11:19:51.643+0530][gc,heap      ] GC(1) Old regions: 2->8
[2019-12-16T11:19:51.643+0530][gc,heap      ] GC(1) Humongous regions: 129->129
[2019-12-16T11:19:51.643+0530][gc,metaspace ] GC(1) Metaspace: 20381K->20381K(1067008K)
[2019-12-16T11:19:51.643+0530][gc           ] GC(1) Pause Young (Concurrent Start) (Metadata GC Threshold) 151M->136M(1024M) 17.029ms
[2019-12-16T11:19:51.643+0530][gc,cpu       ] GC(1) User=0.04s Sys=0.00s Real=0.02s
[2019-12-16T11:19:51.643+0530][gc           ] GC(2) Concurrent Cycle
[2019-12-16T11:19:51.643+0530][gc,marking   ] GC(2) Concurrent Clear Claimed Marks
[2019-12-16T11:19:51.643+0530][gc,marking   ] GC(2) Concurrent Clear Claimed Marks 0.058ms
[2019-12-16T11:19:51.643+0530][gc,marking   ] GC(2) Concurrent Scan Root Regions
[2019-12-16T11:19:51.656+0530][gc,marking   ] GC(2) Concurrent Scan Root Regions 13.005ms
[2019-12-16T11:19:51.656+0530][gc,marking   ] GC(2) Concurrent Mark (3.605s)
[2019-12-16T11:19:51.656+0530][gc,marking   ] GC(2) Concurrent Mark From Roots
[2019-12-16T11:19:51.656+0530][gc,task      ] GC(2) Using 1 workers of 1 for marking
[2019-12-16T11:19:51.670+0530][gc,marking   ] GC(2) Concurrent Mark From Roots 13.629ms
[2019-12-16T11:19:51.670+0530][gc,marking   ] GC(2) Concurrent Preclean
[2019-12-16T11:19:51.670+0530][gc,marking   ] GC(2) Concurrent Preclean 0.099ms
[2019-12-16T11:19:51.670+0530][gc,marking   ] GC(2) Concurrent Mark (3.605s, 3.619s) 13.790ms
[2019-12-16T11:19:51.670+0530][gc,start     ] GC(2) Pause Remark
[2019-12-16T11:19:51.673+0530][gc,stringtable] GC(2) Cleaned string and symbol table, strings: 4869 processed, 0 removed, symbols: 48784 processed, 48 removed
[2019-12-16T11:19:51.673+0530][gc            ] GC(2) Pause Remark 137M->137M(1024M) 3.085ms
[2019-12-16T11:19:51.673+0530][gc,cpu        ] GC(2) User=0.01s Sys=0.00s Real=0.00s
[2019-12-16T11:19:51.673+0530][gc,marking    ] GC(2) Concurrent Rebuild Remembered Sets
[2019-12-16T11:19:51.679+0530][gc,marking    ] GC(2) Concurrent Rebuild Remembered Sets 5.902ms
[2019-12-16T11:19:51.680+0530][gc,start      ] GC(2) Pause Cleanup
[2019-12-16T11:19:51.680+0530][gc            ] GC(2) Pause Cleanup 137M->137M(1024M) 0.230ms
[2019-12-16T11:19:51.680+0530][gc,cpu        ] GC(2) User=0.00s Sys=0.00s Real=0.00s
[2019-12-16T11:19:51.680+0530][gc,marking    ] GC(2) Concurrent Cleanup for Next Mark
[2019-12-16T11:19:51.688+0530][gc,marking    ] GC(2) Concurrent Cleanup for Next Mark 8.327ms
[2019-12-16T11:19:51.688+0530][gc            ] GC(2) Concurrent Cycle 45.060ms
[2019-12-16T11:26:27.891+0530][gc,start      ] GC(3) Pause Young (Normal) (G1 Evacuation Pause)
[2019-12-16T11:26:27.917+0530][gc,task       ] GC(3) Using 4 workers of 4 for evacuation
[2019-12-16T11:26:27.931+0530][gc,phases     ] GC(3)   Pre Evacuate Collection Set: 0.0ms
[2019-12-16T11:26:27.931+0530][gc,phases     ] GC(3)   Evacuate Collection Set: 13.3ms
[2019-12-16T11:26:27.931+0530][gc,phases     ] GC(3)   Post Evacuate Collection Set: 0.7ms
[2019-12-16T11:26:27.931+0530][gc,phases     ] GC(3)   Other: 26.0ms
[2019-12-16T11:26:27.931+0530][gc,heap       ] GC(3) Eden regions: 49->0(46)
[2019-12-16T11:26:27.931+0530][gc,heap       ] GC(3) Survivor regions: 2->5(7)
[2019-12-16T11:26:27.931+0530][gc,heap       ] GC(3) Old regions: 8->8
[2019-12-16T11:26:27.931+0530][gc,heap       ] GC(3) Humongous regions: 129->129
[2019-12-16T11:26:27.931+0530][gc,metaspace  ] GC(3) Metaspace: 29671K->29671K(1075200K)
[2019-12-16T11:26:27.931+0530][gc            ] GC(3) Pause Young (Normal) (G1 Evacuation Pause) 185M->140M(1024M) 40.066ms
[2019-12-16T11:26:27.931+0530][gc,cpu        ] GC(3) User=0.04s Sys=0.00s Real=0.04s
[2019-12-16T11:26:33.949+0530][gc,start      ] GC(4) Pause Young (Concurrent Start) (Metadata GC Threshold)
[2019-12-16T11:26:33.949+0530][gc,task       ] GC(4) Using 4 workers of 4 for evacuation
[2019-12-16T11:26:33.970+0530][gc,mmu        ] GC(4) MMU target violated: 21.0ms (20.0ms/21.0ms)
[2019-12-16T11:26:33.970+0530][gc,phases     ] GC(4)   Pre Evacuate Collection Set: 0.2ms
[2019-12-16T11:26:33.970+0530][gc,phases     ] GC(4)   Evacuate Collection Set: 20.3ms
[2019-12-16T11:26:33.970+0530][gc,phases     ] GC(4)   Post Evacuate Collection Set: 0.8ms
[2019-12-16T11:26:33.971+0530][gc,phases     ] GC(4)   Other: 0.4ms
[2019-12-16T11:26:33.971+0530][gc,heap       ] GC(4) Eden regions: 39->0(48)
[2019-12-16T11:26:33.971+0530][gc,heap       ] GC(4) Survivor regions: 5->3(7)
[2019-12-16T11:26:33.971+0530][gc,heap       ] GC(4) Old regions: 8->13
[2019-12-16T11:26:33.971+0530][gc,heap       ] GC(4) Humongous regions: 129->129
[2019-12-16T11:26:33.971+0530][gc,metaspace  ] GC(4) Metaspace: 33668K->33668K(1079296K)
[2019-12-16T11:26:33.971+0530][gc            ] GC(4) Pause Young (Concurrent Start) (Metadata GC Threshold) 178M->142M(1024M) 21.823ms
[2019-12-16T11:26:33.971+0530][gc,cpu        ] GC(4) User=0.04s Sys=0.00s Real=0.02s
[2019-12-16T11:26:33.971+0530][gc            ] GC(5) Concurrent Cycle
[2019-12-16T11:26:33.971+0530][gc,marking    ] GC(5) Concurrent Clear Claimed Marks
[2019-12-16T11:26:33.971+0530][gc,marking    ] GC(5) Concurrent Clear Claimed Marks 0.147ms
[2019-12-16T11:26:33.971+0530][gc,marking    ] GC(5) Concurrent Scan Root Regions
[2019-12-16T11:26:33.973+0530][gc,marking    ] GC(5) Concurrent Scan Root Regions 2.421ms
[2019-12-16T11:26:33.973+0530][gc,marking    ] GC(5) Concurrent Mark (405.922s)
[2019-12-16T11:26:33.973+0530][gc,marking    ] GC(5) Concurrent Mark From Roots
[2019-12-16T11:26:33.973+0530][gc,task       ] GC(5) Using 1 workers of 1 for marking
[2019-12-16T11:26:34.041+0530][gc,marking    ] GC(5) Concurrent Mark From Roots 67.850ms
[2019-12-16T11:26:34.041+0530][gc,marking    ] GC(5) Concurrent Preclean
[2019-12-16T11:26:34.041+0530][gc,marking    ] GC(5) Concurrent Preclean 0.131ms
[2019-12-16T11:26:34.041+0530][gc,marking    ] GC(5) Concurrent Mark (405.922s, 405.990s) 68.076ms
[2019-12-16T11:26:34.042+0530][gc,start      ] GC(5) Pause Remark
[2019-12-16T11:26:34.049+0530][gc,stringtable] GC(5) Cleaned string and symbol table, strings: 10598 processed, 9 removed, symbols: 74581 processed, 20 removed
[2019-12-16T11:26:34.050+0530][gc            ] GC(5) Pause Remark 143M->143M(1024M) 7.888ms
[2019-12-16T11:26:34.050+0530][gc,cpu        ] GC(5) User=0.02s Sys=0.00s Real=0.01s
[2019-12-16T11:26:34.050+0530][gc,marking    ] GC(5) Concurrent Rebuild Remembered Sets
[2019-12-16T11:26:34.077+0530][gc,marking    ] GC(5) Concurrent Rebuild Remembered Sets 27.507ms
[2019-12-16T11:26:34.077+0530][gc,start      ] GC(5) Pause Cleanup
[2019-12-16T11:26:34.078+0530][gc            ] GC(5) Pause Cleanup 143M->143M(1024M) 0.291ms
[2019-12-16T11:26:34.078+0530][gc,cpu        ] GC(5) User=0.00s Sys=0.00s Real=0.00s
[2019-12-16T11:26:34.078+0530][gc,marking    ] GC(5) Concurrent Cleanup for Next Mark
[2019-12-16T11:26:34.101+0530][gc,marking    ] GC(5) Concurrent Cleanup for Next Mark 23.586ms
[2019-12-16T11:26:34.101+0530][gc            ] GC(5) Concurrent Cycle 130.747ms
[2019-12-16T11:33:04.232+0530][gc,start      ] GC(6) Pause Young (Normal) (G1 Evacuation Pause)
[2019-12-16T11:33:04.304+0530][gc,task       ] GC(6) Using 4 workers of 4 for evacuation
[2019-12-16T11:33:04.351+0530][gc,mmu        ] GC(6) MMU target violated: 21.0ms (20.0ms/21.0ms)
[2019-12-16T11:33:04.351+0530][gc,phases     ] GC(6)   Pre Evacuate Collection Set: 19.4ms
[2019-12-16T11:33:04.351+0530][gc,phases     ] GC(6)   Evacuate Collection Set: 27.4ms
[2019-12-16T11:33:04.351+0530][gc,phases     ] GC(6)   Post Evacuate Collection Set: 0.5ms
[2019-12-16T11:33:04.351+0530][gc,phases     ] GC(6)   Other: 90.4ms
[2019-12-16T11:33:04.351+0530][gc,heap       ] GC(6) Eden regions: 48->0(46)
[2019-12-16T11:33:04.351+0530][gc,heap       ] GC(6) Survivor regions: 3->5(7)
[2019-12-16T11:33:04.351+0530][gc,heap       ] GC(6) Old regions: 13->13
[2019-12-16T11:33:04.351+0530][gc,heap       ] GC(6) Humongous regions: 129->129
[2019-12-16T11:33:04.351+0530][gc,metaspace  ] GC(6) Metaspace: 36118K->36118K(1081344K)
[2019-12-16T11:33:04.357+0530][gc            ] GC(6) Pause Young (Normal) (G1 Evacuation Pause) 190M->144M(1024M) 119.346ms
[2019-12-16T11:33:04.357+0530][gc,cpu        ] GC(6) User=0.06s Sys=0.00s Real=0.13s
[2019-12-16T11:40:32.249+0530][gc,start      ] GC(7) Pause Young (Normal) (G1 Evacuation Pause)
[2019-12-16T11:40:32.249+0530][gc,task       ] GC(7) Using 4 workers of 4 for evacuation
[2019-12-16T11:40:32.263+0530][gc,phases     ] GC(7)   Pre Evacuate Collection Set: 0.1ms
[2019-12-16T11:40:32.263+0530][gc,phases     ] GC(7)   Evacuate Collection Set: 13.5ms
[2019-12-16T11:40:32.263+0530][gc,phases     ] GC(7)   Post Evacuate Collection Set: 0.7ms
[2019-12-16T11:40:32.263+0530][gc,phases     ] GC(7)   Other: 0.5ms
[2019-12-16T11:40:32.263+0530][gc,heap       ] GC(7) Eden regions: 46->0(48)
[2019-12-16T11:40:32.263+0530][gc,heap       ] GC(7) Survivor regions: 5->3(7)
[2019-12-16T11:40:32.263+0530][gc,heap       ] GC(7) Old regions: 13->15
[2019-12-16T11:40:32.263+0530][gc,heap       ] GC(7) Humongous regions: 129->129
[2019-12-16T11:40:32.263+0530][gc,metaspace  ] GC(7) Metaspace: 36341K->36341K(1081344K)
[2019-12-16T11:40:32.263+0530][gc            ] GC(7) Pause Young (Normal) (G1 Evacuation Pause) 190M->144M(1024M) 14.856ms
[2019-12-16T11:40:32.263+0530][gc,cpu        ] GC(7) User=0.04s Sys=0.01s Real=0.01s
[2019-12-16T11:48:53.612+0530][gc,start      ] GC(8) Pause Young (Normal) (G1 Evacuation Pause)
[2019-12-16T11:48:53.665+0530][gc,task       ] GC(8) Using 4 workers of 4 for evacuation
[2019-12-16T11:48:53.904+0530][gc,mmu        ] GC(8) MMU target violated: 21.0ms (20.0ms/21.0ms)
[2019-12-16T11:48:53.904+0530][gc,phases     ] GC(8)   Pre Evacuate Collection Set: 0.0ms
[2019-12-16T11:48:53.904+0530][gc,phases     ] GC(8)   Evacuate Collection Set: 83.8ms
[2019-12-16T11:48:53.904+0530][gc,phases     ] GC(8)   Post Evacuate Collection Set: 33.0ms
[2019-12-16T11:48:53.904+0530][gc,phases     ] GC(8)   Other: 223.9ms
[2019-12-16T11:48:53.904+0530][gc,heap       ] GC(8) Eden regions: 48->0(48)
[2019-12-16T11:48:53.904+0530][gc,heap       ] GC(8) Survivor regions: 3->3(7)
[2019-12-16T11:48:53.904+0530][gc,heap       ] GC(8) Old regions: 15->15
[2019-12-16T11:48:53.904+0530][gc,heap       ] GC(8) Humongous regions: 129->129
[2019-12-16T11:48:53.905+0530][gc,metaspace  ] GC(8) Metaspace: 36638K->36638K(1083392K)
[2019-12-16T11:48:53.905+0530][gc            ] GC(8) Pause Young (Normal) (G1 Evacuation Pause) 192M->144M(1024M) 307.274ms
[2019-12-16T11:48:53.905+0530][gc,cpu        ] GC(8) User=0.01s Sys=0.00s Real=0.30s
[2019-12-16T11:57:39.323+0530][gc,start      ] GC(9) Pause Young (Normal) (G1 Evacuation Pause)
[2019-12-16T11:57:39.327+0530][gc,task       ] GC(9) Using 4 workers of 4 for evacuation
[2019-12-16T11:57:39.412+0530][gc,mmu        ] GC(9) MMU target violated: 21.0ms (20.0ms/21.0ms)
[2019-12-16T11:57:39.412+0530][gc,phases     ] GC(9)   Pre Evacuate Collection Set: 1.2ms
[2019-12-16T11:57:39.412+0530][gc,phases     ] GC(9)   Evacuate Collection Set: 14.3ms
[2019-12-16T11:57:39.412+0530][gc,phases     ] GC(9)   Post Evacuate Collection Set: 43.5ms
[2019-12-16T11:57:39.412+0530][gc,phases     ] GC(9)   Other: 60.1ms
[2019-12-16T11:57:39.412+0530][gc,heap       ] GC(9) Eden regions: 48->0(48)
[2019-12-16T11:57:39.412+0530][gc,heap       ] GC(9) Survivor regions: 3->3(7)
[2019-12-16T11:57:39.412+0530][gc,heap       ] GC(9) Old regions: 15->15
[2019-12-16T11:57:39.412+0530][gc,heap       ] GC(9) Humongous regions: 129->129
[2019-12-16T11:57:39.412+0530][gc,metaspace  ] GC(9) Metaspace: 36704K->36704K(1083392K)
[2019-12-16T11:57:39.413+0530][gc            ] GC(9) Pause Young (Normal) (G1 Evacuation Pause) 192M->145M(1024M) 96.355ms
[2019-12-16T11:57:39.413+0530][gc,cpu        ] GC(9) User=0.02s Sys=0.00s Real=0.09s
[2019-12-16T12:07:00.090+0530][gc,start      ] GC(10) Pause Young (Normal) (G1 Evacuation Pause)
[2019-12-16T12:07:00.114+0530][gc,task       ] GC(10) Using 4 workers of 4 for evacuation
[2019-12-16T12:07:00.142+0530][gc,mmu        ] GC(10) MMU target violated: 21.0ms (20.0ms/21.0ms)
[2019-12-16T12:07:00.142+0530][gc,phases     ] GC(10)   Pre Evacuate Collection Set: 0.8ms
[2019-12-16T12:07:00.142+0530][gc,phases     ] GC(10)   Evacuate Collection Set: 20.2ms
[2019-12-16T12:07:00.142+0530][gc,phases     ] GC(10)   Post Evacuate Collection Set: 6.8ms
[2019-12-16T12:07:00.143+0530][gc,phases     ] GC(10)   Other: 24.4ms
[2019-12-16T12:07:00.143+0530][gc,heap       ] GC(10) Eden regions: 48->0(47)
[2019-12-16T12:07:00.143+0530][gc,heap       ] GC(10) Survivor regions: 3->4(7)
[2019-12-16T12:07:00.143+0530][gc,heap       ] GC(10) Old regions: 15->15
[2019-12-16T12:07:00.143+0530][gc,heap       ] GC(10) Humongous regions: 129->129
[2019-12-16T12:07:00.143+0530][gc,metaspace  ] GC(10) Metaspace: 36857K->36857K(1083392K)
[2019-12-16T12:07:00.159+0530][gc            ] GC(10) Pause Young (Normal) (G1 Evacuation Pause) 193M->145M(1024M) 52.249ms
[2019-12-16T12:07:00.159+0530][gc,cpu        ] GC(10) User=0.08s Sys=0.00s Real=0.07s
[2019-12-16T12:20:21.416+0530][gc,start      ] GC(11) Pause Young (Normal) (G1 Evacuation Pause)
[2019-12-16T12:20:21.473+0530][gc,task       ] GC(11) Using 4 workers of 4 for evacuation
[2019-12-16T12:20:21.494+0530][gc,mmu        ] GC(11) MMU target violated: 20.9ms (20.0ms/21.0ms)
[2019-12-16T12:20:21.495+0530][gc,phases     ] GC(11)   Pre Evacuate Collection Set: 0.1ms
[2019-12-16T12:20:21.495+0530][gc,phases     ] GC(11)   Evacuate Collection Set: 10.6ms
[2019-12-16T12:20:21.495+0530][gc,phases     ] GC(11)   Post Evacuate Collection Set: 10.1ms
[2019-12-16T12:20:21.495+0530][gc,phases     ] GC(11)   Other: 58.1ms
[2019-12-16T12:20:21.495+0530][gc,heap       ] GC(11) Eden regions: 47->0(47)
[2019-12-16T12:20:21.495+0530][gc,heap       ] GC(11) Survivor regions: 4->4(7)
[2019-12-16T12:20:21.495+0530][gc,heap       ] GC(11) Old regions: 15->15
[2019-12-16T12:20:21.495+0530][gc,heap       ] GC(11) Humongous regions: 129->129
[2019-12-16T12:20:21.495+0530][gc,metaspace  ] GC(11) Metaspace: 36957K->36957K(1083392K)
[2019-12-16T12:20:21.510+0530][gc            ] GC(11) Pause Young (Normal) (G1 Evacuation Pause) 192M->145M(1024M) 78.941ms
[2019-12-16T12:20:21.510+0530][gc,cpu        ] GC(11) User=0.04s Sys=0.00s Real=0.10s
[2019-12-16T12:42:20.071+0530][gc,start      ] GC(12) Pause Young (Normal) (G1 Evacuation Pause)
[2019-12-16T12:42:20.071+0530][gc,task       ] GC(12) Using 4 workers of 4 for evacuation
[2019-12-16T12:42:20.083+0530][gc,phases     ] GC(12)   Pre Evacuate Collection Set: 0.1ms
[2019-12-16T12:42:20.083+0530][gc,phases     ] GC(12)   Evacuate Collection Set: 11.3ms
[2019-12-16T12:42:20.083+0530][gc,phases     ] GC(12)   Post Evacuate Collection Set: 0.6ms
[2019-12-16T12:42:20.083+0530][gc,phases     ] GC(12)   Other: 0.5ms
[2019-12-16T12:42:20.083+0530][gc,heap       ] GC(12) Eden regions: 47->0(47)
[2019-12-16T12:42:20.083+0530][gc,heap       ] GC(12) Survivor regions: 4->4(7)
[2019-12-16T12:42:20.083+0530][gc,heap       ] GC(12) Old regions: 15->15
[2019-12-16T12:42:20.083+0530][gc,heap       ] GC(12) Humongous regions: 129->129
[2019-12-16T12:42:20.083+0530][gc,metaspace  ] GC(12) Metaspace: 36991K->36991K(1083392K)
[2019-12-16T12:42:20.083+0530][gc            ] GC(12) Pause Young (Normal) (G1 Evacuation Pause) 192M->145M(1024M) 12.535ms
[2019-12-16T12:42:20.083+0530][gc,cpu        ] GC(12) User=0.03s Sys=0.00s Real=0.01s
[2019-12-16T12:49:14.384+0530][gc,heap,exit  ] Heap
[2019-12-16T12:49:14.384+0530][gc,heap,exit  ]  garbage-first heap   total 1048576K, used 171915K [0x00000000c0000000, 0x0000000100000000)
[2019-12-16T12:49:14.384+0530][gc,heap,exit  ]   region size 1024K, 28 young (28672K), 4 survivors (4096K)
[2019-12-16T12:49:14.384+0530][gc,heap,exit  ]  Metaspace       used 37682K, capacity 40399K, committed 40444K, reserved 1083392K
[2019-12-16T12:49:14.384+0530][gc,heap,exit  ]   class space    used 5420K, capacity 6688K, committed 6732K, reserved 1048576K
