[2019-12-10T23:37:41.615+0530][gc,heap] Heap region size: 1M
[2019-12-10T23:37:41.627+0530][gc     ] Using G1
[2019-12-10T23:37:41.628+0530][gc,heap,coops] Heap address: 0x00000000c0000000, size: 1024 MB, Compressed Oops mode: 32-bit
[2019-12-10T23:37:41.628+0530][gc,cds       ] Mark closed archive regions in map: [0x00000000fff00000, 0x00000000fff69ff8]
[2019-12-10T23:37:41.628+0530][gc,cds       ] Mark open archive regions in map: [0x00000000ffe00000, 0x00000000ffe33ff8]
[2019-12-10T23:37:49.200+0530][gc,start     ] GC(0) Pause Young (Normal) (G1 Evacuation Pause)
[2019-12-10T23:37:49.201+0530][gc,task      ] GC(0) Using 4 workers of 4 for evacuation
[2019-12-10T23:37:49.218+0530][gc,phases    ] GC(0)   Pre Evacuate Collection Set: 0.0ms
[2019-12-10T23:37:49.218+0530][gc,phases    ] GC(0)   Evacuate Collection Set: 15.8ms
[2019-12-10T23:37:49.218+0530][gc,phases    ] GC(0)   Post Evacuate Collection Set: 0.7ms
[2019-12-10T23:37:49.218+0530][gc,phases    ] GC(0)   Other: 0.5ms
[2019-12-10T23:37:49.218+0530][gc,heap      ] GC(0) Eden regions: 51->0(44)
[2019-12-10T23:37:49.218+0530][gc,heap      ] GC(0) Survivor regions: 0->7(7)
[2019-12-10T23:37:49.218+0530][gc,heap      ] GC(0) Old regions: 2->2
[2019-12-10T23:37:49.218+0530][gc,heap      ] GC(0) Humongous regions: 0->0
[2019-12-10T23:37:49.218+0530][gc,metaspace ] GC(0) Metaspace: 16919K->16919K(1064960K)
[2019-12-10T23:37:49.218+0530][gc           ] GC(0) Pause Young (Normal) (G1 Evacuation Pause) 51M->6M(1024M) 17.273ms
[2019-12-10T23:37:49.218+0530][gc,cpu       ] GC(0) User=0.04s Sys=0.00s Real=0.01s
[2019-12-10T23:37:50.382+0530][gc,start     ] GC(1) Pause Young (Concurrent Start) (Metadata GC Threshold)
[2019-12-10T23:37:50.382+0530][gc,task      ] GC(1) Using 4 workers of 4 for evacuation
[2019-12-10T23:37:50.410+0530][gc,mmu       ] GC(1) MMU target violated: 21.0ms (20.0ms/21.0ms)
[2019-12-10T23:37:50.410+0530][gc,phases    ] GC(1)   Pre Evacuate Collection Set: 0.1ms
[2019-12-10T23:37:50.410+0530][gc,phases    ] GC(1)   Evacuate Collection Set: 27.0ms
[2019-12-10T23:37:50.410+0530][gc,phases    ] GC(1)   Post Evacuate Collection Set: 0.5ms
[2019-12-10T23:37:50.410+0530][gc,phases    ] GC(1)   Other: 0.4ms
[2019-12-10T23:37:50.410+0530][gc,heap      ] GC(1) Eden regions: 15->0(49)
[2019-12-10T23:37:50.410+0530][gc,heap      ] GC(1) Survivor regions: 7->2(7)
[2019-12-10T23:37:50.410+0530][gc,heap      ] GC(1) Old regions: 2->8
[2019-12-10T23:37:50.410+0530][gc,heap      ] GC(1) Humongous regions: 129->129
[2019-12-10T23:37:50.410+0530][gc,metaspace ] GC(1) Metaspace: 20386K->20386K(1067008K)
[2019-12-10T23:37:50.410+0530][gc           ] GC(1) Pause Young (Concurrent Start) (Metadata GC Threshold) 150M->137M(1024M) 28.081ms
[2019-12-10T23:37:50.410+0530][gc,cpu       ] GC(1) User=0.04s Sys=0.00s Real=0.02s
[2019-12-10T23:37:50.410+0530][gc           ] GC(2) Concurrent Cycle
[2019-12-10T23:37:50.410+0530][gc,marking   ] GC(2) Concurrent Clear Claimed Marks
[2019-12-10T23:37:50.410+0530][gc,marking   ] GC(2) Concurrent Clear Claimed Marks 0.059ms
[2019-12-10T23:37:50.410+0530][gc,marking   ] GC(2) Concurrent Scan Root Regions
[2019-12-10T23:37:50.412+0530][gc,marking   ] GC(2) Concurrent Scan Root Regions 1.451ms
[2019-12-10T23:37:50.412+0530][gc,marking   ] GC(2) Concurrent Mark (8.801s)
[2019-12-10T23:37:50.412+0530][gc,marking   ] GC(2) Concurrent Mark From Roots
[2019-12-10T23:37:50.412+0530][gc,task      ] GC(2) Using 1 workers of 1 for marking
[2019-12-10T23:37:50.429+0530][gc,marking   ] GC(2) Concurrent Mark From Roots 17.086ms
[2019-12-10T23:37:50.429+0530][gc,marking   ] GC(2) Concurrent Preclean
[2019-12-10T23:37:50.429+0530][gc,marking   ] GC(2) Concurrent Preclean 0.133ms
[2019-12-10T23:37:50.429+0530][gc,marking   ] GC(2) Concurrent Mark (8.801s, 8.818s) 17.310ms
[2019-12-10T23:37:50.429+0530][gc,start     ] GC(2) Pause Remark
[2019-12-10T23:37:50.433+0530][gc,stringtable] GC(2) Cleaned string and symbol table, strings: 4900 processed, 0 removed, symbols: 49229 processed, 47 removed
[2019-12-10T23:37:50.433+0530][gc            ] GC(2) Pause Remark 138M->138M(1024M) 3.977ms
[2019-12-10T23:37:50.433+0530][gc,cpu        ] GC(2) User=0.00s Sys=0.00s Real=0.01s
[2019-12-10T23:37:50.433+0530][gc,marking    ] GC(2) Concurrent Rebuild Remembered Sets
[2019-12-10T23:37:50.441+0530][gc,marking    ] GC(2) Concurrent Rebuild Remembered Sets 7.850ms
[2019-12-10T23:37:50.441+0530][gc,start      ] GC(2) Pause Cleanup
[2019-12-10T23:37:50.441+0530][gc            ] GC(2) Pause Cleanup 138M->138M(1024M) 0.235ms
[2019-12-10T23:37:50.441+0530][gc,cpu        ] GC(2) User=0.00s Sys=0.00s Real=0.00s
[2019-12-10T23:37:50.441+0530][gc,marking    ] GC(2) Concurrent Cleanup for Next Mark
[2019-12-10T23:37:50.451+0530][gc,marking    ] GC(2) Concurrent Cleanup for Next Mark 9.507ms
[2019-12-10T23:37:50.451+0530][gc            ] GC(2) Concurrent Cycle 40.909ms
[2019-12-10T23:40:08.438+0530][gc,start      ] GC(3) Pause Young (Normal) (G1 Evacuation Pause)
[2019-12-10T23:40:08.457+0530][gc,task       ] GC(3) Using 4 workers of 4 for evacuation
[2019-12-10T23:40:08.477+0530][gc,mmu        ] GC(3) MMU target violated: 20.4ms (20.0ms/21.0ms)
[2019-12-10T23:40:08.477+0530][gc,phases     ] GC(3)   Pre Evacuate Collection Set: 0.2ms
[2019-12-10T23:40:08.477+0530][gc,phases     ] GC(3)   Evacuate Collection Set: 19.4ms
[2019-12-10T23:40:08.477+0530][gc,phases     ] GC(3)   Post Evacuate Collection Set: 0.7ms
[2019-12-10T23:40:08.477+0530][gc,phases     ] GC(3)   Other: 18.9ms
[2019-12-10T23:40:08.477+0530][gc,heap       ] GC(3) Eden regions: 49->0(45)
[2019-12-10T23:40:08.477+0530][gc,heap       ] GC(3) Survivor regions: 2->6(7)
[2019-12-10T23:40:08.477+0530][gc,heap       ] GC(3) Old regions: 8->8
[2019-12-10T23:40:08.477+0530][gc,heap       ] GC(3) Humongous regions: 129->129
[2019-12-10T23:40:08.477+0530][gc,metaspace  ] GC(3) Metaspace: 30161K->30161K(1077248K)
[2019-12-10T23:40:08.477+0530][gc            ] GC(3) Pause Young (Normal) (G1 Evacuation Pause) 186M->140M(1024M) 39.399ms
[2019-12-10T23:40:08.477+0530][gc,cpu        ] GC(3) User=0.03s Sys=0.00s Real=0.04s
[2019-12-10T23:40:16.770+0530][gc,start      ] GC(4) Pause Young (Concurrent Start) (Metadata GC Threshold)
[2019-12-10T23:40:16.770+0530][gc,task       ] GC(4) Using 4 workers of 4 for evacuation
[2019-12-10T23:40:16.799+0530][gc,mmu        ] GC(4) MMU target violated: 21.0ms (20.0ms/21.0ms)
[2019-12-10T23:40:16.799+0530][gc,phases     ] GC(4)   Pre Evacuate Collection Set: 0.2ms
[2019-12-10T23:40:16.799+0530][gc,phases     ] GC(4)   Evacuate Collection Set: 27.4ms
[2019-12-10T23:40:16.799+0530][gc,phases     ] GC(4)   Post Evacuate Collection Set: 0.7ms
[2019-12-10T23:40:16.799+0530][gc,phases     ] GC(4)   Other: 0.4ms
[2019-12-10T23:40:16.799+0530][gc,heap       ] GC(4) Eden regions: 35->0(49)
[2019-12-10T23:40:16.799+0530][gc,heap       ] GC(4) Survivor regions: 6->2(7)
[2019-12-10T23:40:16.799+0530][gc,heap       ] GC(4) Old regions: 8->13
[2019-12-10T23:40:16.799+0530][gc,heap       ] GC(4) Humongous regions: 129->129
[2019-12-10T23:40:16.799+0530][gc,metaspace  ] GC(4) Metaspace: 33738K->33738K(1079296K)
[2019-12-10T23:40:16.799+0530][gc            ] GC(4) Pause Young (Concurrent Start) (Metadata GC Threshold) 175M->142M(1024M) 28.803ms
[2019-12-10T23:40:16.799+0530][gc,cpu        ] GC(4) User=0.03s Sys=0.01s Real=0.03s
[2019-12-10T23:40:16.799+0530][gc            ] GC(5) Concurrent Cycle
[2019-12-10T23:40:16.799+0530][gc,marking    ] GC(5) Concurrent Clear Claimed Marks
[2019-12-10T23:40:16.799+0530][gc,marking    ] GC(5) Concurrent Clear Claimed Marks 0.140ms
[2019-12-10T23:40:16.799+0530][gc,marking    ] GC(5) Concurrent Scan Root Regions
[2019-12-10T23:40:16.802+0530][gc,marking    ] GC(5) Concurrent Scan Root Regions 3.180ms
[2019-12-10T23:40:16.802+0530][gc,marking    ] GC(5) Concurrent Mark (155.192s)
[2019-12-10T23:40:16.802+0530][gc,marking    ] GC(5) Concurrent Mark From Roots
[2019-12-10T23:40:16.802+0530][gc,task       ] GC(5) Using 1 workers of 1 for marking
[2019-12-10T23:40:16.841+0530][gc,marking    ] GC(5) Concurrent Mark From Roots 38.516ms
[2019-12-10T23:40:16.841+0530][gc,marking    ] GC(5) Concurrent Preclean
[2019-12-10T23:40:16.841+0530][gc,marking    ] GC(5) Concurrent Preclean 0.114ms
[2019-12-10T23:40:16.841+0530][gc,marking    ] GC(5) Concurrent Mark (155.192s, 155.230s) 38.727ms
[2019-12-10T23:40:16.842+0530][gc,start      ] GC(5) Pause Remark
[2019-12-10T23:40:16.850+0530][gc,stringtable] GC(5) Cleaned string and symbol table, strings: 10466 processed, 9 removed, symbols: 74677 processed, 18 removed
[2019-12-10T23:40:16.850+0530][gc            ] GC(5) Pause Remark 143M->143M(1024M) 8.655ms
[2019-12-10T23:40:16.850+0530][gc,cpu        ] GC(5) User=0.02s Sys=0.00s Real=0.00s
[2019-12-10T23:40:16.851+0530][gc,marking    ] GC(5) Concurrent Rebuild Remembered Sets
[2019-12-10T23:40:16.888+0530][gc,marking    ] GC(5) Concurrent Rebuild Remembered Sets 37.323ms
[2019-12-10T23:40:16.888+0530][gc,start      ] GC(5) Pause Cleanup
[2019-12-10T23:40:16.888+0530][gc            ] GC(5) Pause Cleanup 143M->143M(1024M) 0.238ms
[2019-12-10T23:40:16.888+0530][gc,cpu        ] GC(5) User=0.00s Sys=0.00s Real=0.00s
[2019-12-10T23:40:16.888+0530][gc,marking    ] GC(5) Concurrent Cleanup for Next Mark
[2019-12-10T23:40:16.903+0530][gc,marking    ] GC(5) Concurrent Cleanup for Next Mark 15.009ms
[2019-12-10T23:40:16.903+0530][gc            ] GC(5) Concurrent Cycle 104.535ms
[2019-12-10T23:53:58.981+0530][gc,start      ] GC(6) Pause Young (Normal) (G1 Evacuation Pause)
[2019-12-10T23:53:59.000+0530][gc,task       ] GC(6) Using 4 workers of 4 for evacuation
[2019-12-10T23:53:59.014+0530][gc,phases     ] GC(6)   Pre Evacuate Collection Set: 0.1ms
[2019-12-10T23:53:59.014+0530][gc,phases     ] GC(6)   Evacuate Collection Set: 13.3ms
[2019-12-10T23:53:59.014+0530][gc,phases     ] GC(6)   Post Evacuate Collection Set: 0.8ms
[2019-12-10T23:53:59.014+0530][gc,phases     ] GC(6)   Other: 18.5ms
[2019-12-10T23:53:59.014+0530][gc,heap       ] GC(6) Eden regions: 49->0(47)
[2019-12-10T23:53:59.014+0530][gc,heap       ] GC(6) Survivor regions: 2->4(7)
[2019-12-10T23:53:59.014+0530][gc,heap       ] GC(6) Old regions: 13->13
[2019-12-10T23:53:59.014+0530][gc,heap       ] GC(6) Humongous regions: 129->129
[2019-12-10T23:53:59.014+0530][gc,metaspace  ] GC(6) Metaspace: 35854K->35854K(1081344K)
[2019-12-10T23:53:59.014+0530][gc            ] GC(6) Pause Young (Normal) (G1 Evacuation Pause) 191M->144M(1024M) 32.905ms
[2019-12-10T23:53:59.014+0530][gc,cpu        ] GC(6) User=0.04s Sys=0.00s Real=0.03s
[2019-12-11T00:14:53.982+0530][gc,start      ] GC(7) Pause Young (Normal) (G1 Evacuation Pause)
[2019-12-11T00:14:54.002+0530][gc,task       ] GC(7) Using 4 workers of 4 for evacuation
[2019-12-11T00:14:54.012+0530][gc,phases     ] GC(7)   Pre Evacuate Collection Set: 0.1ms
[2019-12-11T00:14:54.012+0530][gc,phases     ] GC(7)   Evacuate Collection Set: 9.3ms
[2019-12-11T00:14:54.012+0530][gc,phases     ] GC(7)   Post Evacuate Collection Set: 0.6ms
[2019-12-11T00:14:54.012+0530][gc,phases     ] GC(7)   Other: 20.8ms
[2019-12-11T00:14:54.012+0530][gc,heap       ] GC(7) Eden regions: 47->0(48)
[2019-12-11T00:14:54.012+0530][gc,heap       ] GC(7) Survivor regions: 4->3(7)
[2019-12-11T00:14:54.012+0530][gc,heap       ] GC(7) Old regions: 13->15
[2019-12-11T00:14:54.012+0530][gc,heap       ] GC(7) Humongous regions: 129->129
[2019-12-11T00:14:54.012+0530][gc,metaspace  ] GC(7) Metaspace: 35973K->35973K(1081344K)
[2019-12-11T00:14:54.012+0530][gc            ] GC(7) Pause Young (Normal) (G1 Evacuation Pause) 191M->144M(1024M) 30.863ms
[2019-12-11T00:14:54.012+0530][gc,cpu        ] GC(7) User=0.03s Sys=0.01s Real=0.03s
[2019-12-11T00:37:08.981+0530][gc,start      ] GC(8) Pause Young (Normal) (G1 Evacuation Pause)
[2019-12-11T00:37:09.003+0530][gc,task       ] GC(8) Using 4 workers of 4 for evacuation
[2019-12-11T00:37:09.009+0530][gc,phases     ] GC(8)   Pre Evacuate Collection Set: 0.0ms
[2019-12-11T00:37:09.009+0530][gc,phases     ] GC(8)   Evacuate Collection Set: 5.2ms
[2019-12-11T00:37:09.009+0530][gc,phases     ] GC(8)   Post Evacuate Collection Set: 0.5ms
[2019-12-11T00:37:09.009+0530][gc,phases     ] GC(8)   Other: 22.2ms
[2019-12-11T00:37:09.009+0530][gc,heap       ] GC(8) Eden regions: 48->0(48)
[2019-12-11T00:37:09.009+0530][gc,heap       ] GC(8) Survivor regions: 3->3(7)
[2019-12-11T00:37:09.009+0530][gc,heap       ] GC(8) Old regions: 15->15
[2019-12-11T00:37:09.009+0530][gc,heap       ] GC(8) Humongous regions: 129->129
[2019-12-11T00:37:09.009+0530][gc,metaspace  ] GC(8) Metaspace: 36029K->36029K(1081344K)
[2019-12-11T00:37:09.009+0530][gc            ] GC(8) Pause Young (Normal) (G1 Evacuation Pause) 192M->144M(1024M) 28.105ms
[2019-12-11T00:37:09.009+0530][gc,cpu        ] GC(8) User=0.02s Sys=0.01s Real=0.02s
[2019-12-11T00:59:22.358+0530][gc,start      ] GC(9) Pause Young (Normal) (G1 Evacuation Pause)
[2019-12-11T00:59:22.376+0530][gc,task       ] GC(9) Using 4 workers of 4 for evacuation
[2019-12-11T00:59:22.384+0530][gc,phases     ] GC(9)   Pre Evacuate Collection Set: 0.0ms
[2019-12-11T00:59:22.384+0530][gc,phases     ] GC(9)   Evacuate Collection Set: 7.2ms
[2019-12-11T00:59:22.384+0530][gc,phases     ] GC(9)   Post Evacuate Collection Set: 0.7ms
[2019-12-11T00:59:22.384+0530][gc,phases     ] GC(9)   Other: 18.2ms
[2019-12-11T00:59:22.384+0530][gc,heap       ] GC(9) Eden regions: 48->0(48)
[2019-12-11T00:59:22.384+0530][gc,heap       ] GC(9) Survivor regions: 3->3(7)
[2019-12-11T00:59:22.384+0530][gc,heap       ] GC(9) Old regions: 15->15
[2019-12-11T00:59:22.384+0530][gc,heap       ] GC(9) Humongous regions: 129->129
[2019-12-11T00:59:22.384+0530][gc,metaspace  ] GC(9) Metaspace: 36109K->36109K(1081344K)
[2019-12-11T00:59:22.384+0530][gc            ] GC(9) Pause Young (Normal) (G1 Evacuation Pause) 192M->144M(1024M) 26.339ms
[2019-12-11T00:59:22.384+0530][gc,cpu        ] GC(9) User=0.03s Sys=0.00s Real=0.03s
[2019-12-11T01:17:35.160+0530][gc,heap,exit  ] Heap
[2019-12-11T01:17:35.199+0530][gc,heap,exit  ]  garbage-first heap   total 1048576K, used 194781K [0x00000000c0000000, 0x0000000100000000)
[2019-12-11T01:17:35.199+0530][gc,heap,exit  ]   region size 1024K, 51 young (52224K), 3 survivors (3072K)
[2019-12-11T01:17:35.199+0530][gc,heap,exit  ]  Metaspace       used 36840K, capacity 39423K, committed 39496K, reserved 1083392K
[2019-12-11T01:17:35.199+0530][gc,heap,exit  ]   class space    used 5327K, capacity 6543K, committed 6552K, reserved 1048576K
