[2019-12-13T16:50:10.304+0530][gc,heap] Heap region size: 1M
[2019-12-13T16:50:10.315+0530][gc     ] Using G1
[2019-12-13T16:50:10.315+0530][gc,heap,coops] Heap address: 0x00000000c0000000, size: 1024 MB, Compressed Oops mode: 32-bit
[2019-12-13T16:50:10.316+0530][gc,cds       ] Mark closed archive regions in map: [0x00000000fff00000, 0x00000000fff69ff8]
[2019-12-13T16:50:10.316+0530][gc,cds       ] Mark open archive regions in map: [0x00000000ffe00000, 0x00000000ffe33ff8]
[2019-12-13T16:50:11.855+0530][gc,start     ] GC(0) Pause Young (Normal) (G1 Evacuation Pause)
[2019-12-13T16:50:11.855+0530][gc,task      ] GC(0) Using 4 workers of 4 for evacuation
[2019-12-13T16:50:11.869+0530][gc,phases    ] GC(0)   Pre Evacuate Collection Set: 0.0ms
[2019-12-13T16:50:11.869+0530][gc,phases    ] GC(0)   Evacuate Collection Set: 13.0ms
[2019-12-13T16:50:11.869+0530][gc,phases    ] GC(0)   Post Evacuate Collection Set: 0.5ms
[2019-12-13T16:50:11.869+0530][gc,phases    ] GC(0)   Other: 0.5ms
[2019-12-13T16:50:11.869+0530][gc,heap      ] GC(0) Eden regions: 51->0(44)
[2019-12-13T16:50:11.869+0530][gc,heap      ] GC(0) Survivor regions: 0->7(7)
[2019-12-13T16:50:11.869+0530][gc,heap      ] GC(0) Old regions: 2->2
[2019-12-13T16:50:11.869+0530][gc,heap      ] GC(0) Humongous regions: 0->0
[2019-12-13T16:50:11.869+0530][gc,metaspace ] GC(0) Metaspace: 16875K->16875K(1064960K)
[2019-12-13T16:50:11.869+0530][gc           ] GC(0) Pause Young (Normal) (G1 Evacuation Pause) 51M->6M(1024M) 14.206ms
[2019-12-13T16:50:11.869+0530][gc,cpu       ] GC(0) User=0.04s Sys=0.00s Real=0.01s
[2019-12-13T16:50:12.216+0530][gc,start     ] GC(1) Pause Young (Concurrent Start) (Metadata GC Threshold)
[2019-12-13T16:50:12.216+0530][gc,task      ] GC(1) Using 4 workers of 4 for evacuation
[2019-12-13T16:50:12.232+0530][gc,phases    ] GC(1)   Pre Evacuate Collection Set: 0.1ms
[2019-12-13T16:50:12.232+0530][gc,phases    ] GC(1)   Evacuate Collection Set: 15.2ms
[2019-12-13T16:50:12.232+0530][gc,phases    ] GC(1)   Post Evacuate Collection Set: 0.3ms
[2019-12-13T16:50:12.232+0530][gc,phases    ] GC(1)   Other: 0.2ms
[2019-12-13T16:50:12.232+0530][gc,heap      ] GC(1) Eden regions: 14->0(50)
[2019-12-13T16:50:12.232+0530][gc,heap      ] GC(1) Survivor regions: 7->1(7)
[2019-12-13T16:50:12.232+0530][gc,heap      ] GC(1) Old regions: 2->8
[2019-12-13T16:50:12.232+0530][gc,heap      ] GC(1) Humongous regions: 0->0
[2019-12-13T16:50:12.232+0530][gc,metaspace ] GC(1) Metaspace: 20434K->20434K(1067008K)
[2019-12-13T16:50:12.232+0530][gc           ] GC(1) Pause Young (Concurrent Start) (Metadata GC Threshold) 20M->7M(1024M) 15.884ms
[2019-12-13T16:50:12.232+0530][gc,cpu       ] GC(1) User=0.02s Sys=0.01s Real=0.02s
[2019-12-13T16:50:12.232+0530][gc           ] GC(2) Concurrent Cycle
[2019-12-13T16:50:12.232+0530][gc,marking   ] GC(2) Concurrent Clear Claimed Marks
[2019-12-13T16:50:12.232+0530][gc,marking   ] GC(2) Concurrent Clear Claimed Marks 0.043ms
[2019-12-13T16:50:12.232+0530][gc,marking   ] GC(2) Concurrent Scan Root Regions
[2019-12-13T16:50:12.233+0530][gc,marking   ] GC(2) Concurrent Scan Root Regions 0.824ms
[2019-12-13T16:50:12.233+0530][gc,marking   ] GC(2) Concurrent Mark (1.932s)
[2019-12-13T16:50:12.233+0530][gc,marking   ] GC(2) Concurrent Mark From Roots
[2019-12-13T16:50:12.233+0530][gc,task      ] GC(2) Using 1 workers of 1 for marking
[2019-12-13T16:50:12.250+0530][gc,marking   ] GC(2) Concurrent Mark From Roots 17.646ms
[2019-12-13T16:50:12.251+0530][gc,marking   ] GC(2) Concurrent Preclean
[2019-12-13T16:50:12.251+0530][gc,marking   ] GC(2) Concurrent Preclean 0.135ms
[2019-12-13T16:50:12.251+0530][gc,marking   ] GC(2) Concurrent Mark (1.932s, 1.950s) 17.875ms
[2019-12-13T16:50:12.251+0530][gc,start     ] GC(2) Pause Remark
[2019-12-13T16:50:12.255+0530][gc,stringtable] GC(2) Cleaned string and symbol table, strings: 4777 processed, 0 removed, symbols: 49602 processed, 52 removed
[2019-12-13T16:50:12.255+0530][gc            ] GC(2) Pause Remark 7M->7M(1024M) 4.052ms
[2019-12-13T16:50:12.255+0530][gc,cpu        ] GC(2) User=0.01s Sys=0.00s Real=0.00s
[2019-12-13T16:50:12.255+0530][gc,marking    ] GC(2) Concurrent Rebuild Remembered Sets
[2019-12-13T16:50:12.262+0530][gc,marking    ] GC(2) Concurrent Rebuild Remembered Sets 6.741ms
[2019-12-13T16:50:12.262+0530][gc,start      ] GC(2) Pause Cleanup
[2019-12-13T16:50:12.262+0530][gc            ] GC(2) Pause Cleanup 7M->7M(1024M) 0.347ms
[2019-12-13T16:50:12.262+0530][gc,cpu        ] GC(2) User=0.00s Sys=0.00s Real=0.00s
[2019-12-13T16:50:12.262+0530][gc,marking    ] GC(2) Concurrent Cleanup for Next Mark
[2019-12-13T16:50:12.274+0530][gc,marking    ] GC(2) Concurrent Cleanup for Next Mark 11.975ms
[2019-12-13T16:50:12.274+0530][gc            ] GC(2) Concurrent Cycle 42.394ms
[2019-12-13T16:50:18.888+0530][gc,start      ] GC(3) Pause Young (Normal) (G1 Evacuation Pause)
[2019-12-13T16:50:18.888+0530][gc,task       ] GC(3) Using 4 workers of 4 for evacuation
[2019-12-13T16:50:18.896+0530][gc,phases     ] GC(3)   Pre Evacuate Collection Set: 0.0ms
[2019-12-13T16:50:18.896+0530][gc,phases     ] GC(3)   Evacuate Collection Set: 6.9ms
[2019-12-13T16:50:18.896+0530][gc,phases     ] GC(3)   Post Evacuate Collection Set: 0.6ms
[2019-12-13T16:50:18.896+0530][gc,phases     ] GC(3)   Other: 0.2ms
[2019-12-13T16:50:18.896+0530][gc,heap       ] GC(3) Eden regions: 50->0(46)
[2019-12-13T16:50:18.896+0530][gc,heap       ] GC(3) Survivor regions: 1->5(7)
[2019-12-13T16:50:18.896+0530][gc,heap       ] GC(3) Old regions: 8->8
[2019-12-13T16:50:18.896+0530][gc,heap       ] GC(3) Humongous regions: 129->129
[2019-12-13T16:50:18.896+0530][gc,metaspace  ] GC(3) Metaspace: 29024K->29024K(1075200K)
[2019-12-13T16:50:18.896+0530][gc            ] GC(3) Pause Young (Normal) (G1 Evacuation Pause) 186M->140M(1024M) 7.858ms
[2019-12-13T16:50:18.896+0530][gc,cpu        ] GC(3) User=0.02s Sys=0.00s Real=0.01s
[2019-12-13T16:50:21.800+0530][gc,start      ] GC(4) Pause Young (Concurrent Start) (Metadata GC Threshold)
[2019-12-13T16:50:21.800+0530][gc,task       ] GC(4) Using 4 workers of 4 for evacuation
[2019-12-13T16:50:21.811+0530][gc,phases     ] GC(4)   Pre Evacuate Collection Set: 0.1ms
[2019-12-13T16:50:21.811+0530][gc,phases     ] GC(4)   Evacuate Collection Set: 9.5ms
[2019-12-13T16:50:21.811+0530][gc,phases     ] GC(4)   Post Evacuate Collection Set: 0.8ms
[2019-12-13T16:50:21.811+0530][gc,phases     ] GC(4)   Other: 0.2ms
[2019-12-13T16:50:21.811+0530][gc,heap       ] GC(4) Eden regions: 44->0(49)
[2019-12-13T16:50:21.811+0530][gc,heap       ] GC(4) Survivor regions: 5->2(7)
[2019-12-13T16:50:21.811+0530][gc,heap       ] GC(4) Old regions: 8->13
[2019-12-13T16:50:21.811+0530][gc,heap       ] GC(4) Humongous regions: 141->129
[2019-12-13T16:50:21.811+0530][gc,metaspace  ] GC(4) Metaspace: 33835K->33835K(1079296K)
[2019-12-13T16:50:21.811+0530][gc            ] GC(4) Pause Young (Concurrent Start) (Metadata GC Threshold) 195M->141M(1024M) 10.785ms
[2019-12-13T16:50:21.811+0530][gc,cpu        ] GC(4) User=0.03s Sys=0.00s Real=0.01s
[2019-12-13T16:50:21.811+0530][gc            ] GC(5) Concurrent Cycle
[2019-12-13T16:50:21.811+0530][gc,marking    ] GC(5) Concurrent Clear Claimed Marks
[2019-12-13T16:50:21.811+0530][gc,marking    ] GC(5) Concurrent Clear Claimed Marks 0.145ms
[2019-12-13T16:50:21.811+0530][gc,marking    ] GC(5) Concurrent Scan Root Regions
[2019-12-13T16:50:21.816+0530][gc,marking    ] GC(5) Concurrent Scan Root Regions 4.816ms
[2019-12-13T16:50:21.816+0530][gc,marking    ] GC(5) Concurrent Mark (11.516s)
[2019-12-13T16:50:21.816+0530][gc,marking    ] GC(5) Concurrent Mark From Roots
[2019-12-13T16:50:21.816+0530][gc,task       ] GC(5) Using 1 workers of 1 for marking
[2019-12-13T16:50:21.844+0530][gc,marking    ] GC(5) Concurrent Mark From Roots 28.276ms
[2019-12-13T16:50:21.844+0530][gc,marking    ] GC(5) Concurrent Preclean
[2019-12-13T16:50:21.844+0530][gc,marking    ] GC(5) Concurrent Preclean 0.164ms
[2019-12-13T16:50:21.844+0530][gc,marking    ] GC(5) Concurrent Mark (11.516s, 11.544s) 28.524ms
[2019-12-13T16:50:21.845+0530][gc,start      ] GC(5) Pause Remark
[2019-12-13T16:50:21.850+0530][gc,stringtable] GC(5) Cleaned string and symbol table, strings: 8725 processed, 7 removed, symbols: 72821 processed, 12 removed
[2019-12-13T16:50:21.850+0530][gc            ] GC(5) Pause Remark 142M->142M(1024M) 5.880ms
[2019-12-13T16:50:21.851+0530][gc,cpu        ] GC(5) User=0.02s Sys=0.00s Real=0.01s
[2019-12-13T16:50:21.851+0530][gc,marking    ] GC(5) Concurrent Rebuild Remembered Sets
[2019-12-13T16:50:21.867+0530][gc,marking    ] GC(5) Concurrent Rebuild Remembered Sets 16.030ms
[2019-12-13T16:50:21.868+0530][gc,start      ] GC(5) Pause Cleanup
[2019-12-13T16:50:21.868+0530][gc            ] GC(5) Pause Cleanup 143M->143M(1024M) 0.284ms
[2019-12-13T16:50:21.868+0530][gc,cpu        ] GC(5) User=0.00s Sys=0.00s Real=0.00s
[2019-12-13T16:50:21.868+0530][gc,marking    ] GC(5) Concurrent Cleanup for Next Mark
[2019-12-13T16:50:21.878+0530][gc,marking    ] GC(5) Concurrent Cleanup for Next Mark 10.068ms
[2019-12-13T16:50:21.878+0530][gc            ] GC(5) Concurrent Cycle 67.358ms
[2019-12-13T16:57:16.545+0530][gc,start      ] GC(6) Pause Young (Normal) (G1 Evacuation Pause)
[2019-12-13T16:57:16.708+0530][gc,task       ] GC(6) Using 4 workers of 4 for evacuation
[2019-12-13T16:57:16.810+0530][gc,mmu        ] GC(6) MMU target violated: 21.0ms (20.0ms/21.0ms)
[2019-12-13T16:57:16.810+0530][gc,phases     ] GC(6)   Pre Evacuate Collection Set: 1.2ms
[2019-12-13T16:57:16.810+0530][gc,phases     ] GC(6)   Evacuate Collection Set: 34.9ms
[2019-12-13T16:57:16.810+0530][gc,phases     ] GC(6)   Post Evacuate Collection Set: 13.4ms
[2019-12-13T16:57:16.810+0530][gc,phases     ] GC(6)   Other: 236.4ms
[2019-12-13T16:57:16.810+0530][gc,heap       ] GC(6) Eden regions: 49->0(47)
[2019-12-13T16:57:16.810+0530][gc,heap       ] GC(6) Survivor regions: 2->4(7)
[2019-12-13T16:57:16.810+0530][gc,heap       ] GC(6) Old regions: 13->13
[2019-12-13T16:57:16.810+0530][gc,heap       ] GC(6) Humongous regions: 129->129
[2019-12-13T16:57:16.817+0530][gc,metaspace  ] GC(6) Metaspace: 35842K->35842K(1081344K)
[2019-12-13T16:57:16.817+0530][gc            ] GC(6) Pause Young (Normal) (G1 Evacuation Pause) 190M->144M(1024M) 271.611ms
[2019-12-13T16:57:16.817+0530][gc,cpu        ] GC(6) User=0.03s Sys=0.00s Real=0.27s
[2019-12-13T17:04:54.197+0530][gc,start      ] GC(7) Pause Young (Normal) (G1 Evacuation Pause)
[2019-12-13T17:04:54.287+0530][gc,task       ] GC(7) Using 4 workers of 4 for evacuation
[2019-12-13T17:04:54.811+0530][gc,mmu        ] GC(7) MMU target violated: 21.0ms (20.0ms/21.0ms)
[2019-12-13T17:04:54.861+0530][gc,phases     ] GC(7)   Pre Evacuate Collection Set: 0.3ms
[2019-12-13T17:04:54.861+0530][gc,phases     ] GC(7)   Evacuate Collection Set: 249.8ms
[2019-12-13T17:04:54.861+0530][gc,phases     ] GC(7)   Post Evacuate Collection Set: 199.5ms
[2019-12-13T17:04:54.963+0530][gc,phases     ] GC(7)   Other: 1184.6ms
[2019-12-13T17:04:54.963+0530][gc,heap       ] GC(7) Eden regions: 47->0(48)
[2019-12-13T17:04:54.963+0530][gc,heap       ] GC(7) Survivor regions: 4->3(7)
[2019-12-13T17:04:54.963+0530][gc,heap       ] GC(7) Old regions: 13->14
[2019-12-13T17:04:54.963+0530][gc,heap       ] GC(7) Humongous regions: 129->129
[2019-12-13T17:04:54.963+0530][gc,metaspace  ] GC(7) Metaspace: 36126K->36126K(1081344K)
[2019-12-13T17:04:55.623+0530][gc            ] GC(7) Pause Young (Normal) (G1 Evacuation Pause) 191M->144M(1024M) 1922.929ms
[2019-12-13T17:04:55.623+0530][gc,cpu        ] GC(7) User=0.03s Sys=0.00s Real=2.45s
