[2019-12-12T09:25:48.670+0530][gc,heap] Heap region size: 1M
[2019-12-12T09:25:48.685+0530][gc     ] Using G1
[2019-12-12T09:25:48.685+0530][gc,heap,coops] Heap address: 0x00000000c0000000, size: 1024 MB, Compressed Oops mode: 32-bit
[2019-12-12T09:25:48.685+0530][gc,cds       ] Mark closed archive regions in map: [0x00000000fff00000, 0x00000000fff69ff8]
[2019-12-12T09:25:48.685+0530][gc,cds       ] Mark open archive regions in map: [0x00000000ffe00000, 0x00000000ffe33ff8]
[2019-12-12T09:25:51.101+0530][gc,start     ] GC(0) Pause Young (Normal) (G1 Evacuation Pause)
[2019-12-12T09:25:51.101+0530][gc,task      ] GC(0) Using 4 workers of 4 for evacuation
[2019-12-12T09:25:51.115+0530][gc,phases    ] GC(0)   Pre Evacuate Collection Set: 0.0ms
[2019-12-12T09:25:51.115+0530][gc,phases    ] GC(0)   Evacuate Collection Set: 13.5ms
[2019-12-12T09:25:51.115+0530][gc,phases    ] GC(0)   Post Evacuate Collection Set: 0.5ms
[2019-12-12T09:25:51.115+0530][gc,phases    ] GC(0)   Other: 0.7ms
[2019-12-12T09:25:51.115+0530][gc,heap      ] GC(0) Eden regions: 51->0(45)
[2019-12-12T09:25:51.115+0530][gc,heap      ] GC(0) Survivor regions: 0->6(7)
[2019-12-12T09:25:51.115+0530][gc,heap      ] GC(0) Old regions: 2->2
[2019-12-12T09:25:51.115+0530][gc,heap      ] GC(0) Humongous regions: 0->0
[2019-12-12T09:25:51.115+0530][gc,metaspace ] GC(0) Metaspace: 16924K->16924K(1064960K)
[2019-12-12T09:25:51.115+0530][gc           ] GC(0) Pause Young (Normal) (G1 Evacuation Pause) 51M->6M(1024M) 14.829ms
[2019-12-12T09:25:51.115+0530][gc,cpu       ] GC(0) User=0.04s Sys=0.01s Real=0.02s
[2019-12-12T09:25:52.015+0530][gc,start     ] GC(1) Pause Young (Concurrent Start) (Metadata GC Threshold)
[2019-12-12T09:25:52.015+0530][gc,task      ] GC(1) Using 4 workers of 4 for evacuation
[2019-12-12T09:25:52.028+0530][gc,phases    ] GC(1)   Pre Evacuate Collection Set: 0.1ms
[2019-12-12T09:25:52.028+0530][gc,phases    ] GC(1)   Evacuate Collection Set: 11.8ms
[2019-12-12T09:25:52.028+0530][gc,phases    ] GC(1)   Post Evacuate Collection Set: 0.4ms
[2019-12-12T09:25:52.028+0530][gc,phases    ] GC(1)   Other: 0.3ms
[2019-12-12T09:25:52.028+0530][gc,heap      ] GC(1) Eden regions: 14->0(50)
[2019-12-12T09:25:52.028+0530][gc,heap      ] GC(1) Survivor regions: 6->1(7)
[2019-12-12T09:25:52.028+0530][gc,heap      ] GC(1) Old regions: 2->8
[2019-12-12T09:25:52.028+0530][gc,heap      ] GC(1) Humongous regions: 0->0
[2019-12-12T09:25:52.028+0530][gc,metaspace ] GC(1) Metaspace: 20443K->20443K(1067008K)
[2019-12-12T09:25:52.028+0530][gc           ] GC(1) Pause Young (Concurrent Start) (Metadata GC Threshold) 19M->7M(1024M) 12.633ms
[2019-12-12T09:25:52.028+0530][gc,cpu       ] GC(1) User=0.03s Sys=0.00s Real=0.01s
[2019-12-12T09:25:52.028+0530][gc           ] GC(2) Concurrent Cycle
[2019-12-12T09:25:52.028+0530][gc,marking   ] GC(2) Concurrent Clear Claimed Marks
[2019-12-12T09:25:52.028+0530][gc,marking   ] GC(2) Concurrent Clear Claimed Marks 0.044ms
[2019-12-12T09:25:52.028+0530][gc,marking   ] GC(2) Concurrent Scan Root Regions
[2019-12-12T09:25:52.029+0530][gc,marking   ] GC(2) Concurrent Scan Root Regions 1.163ms
[2019-12-12T09:25:52.029+0530][gc,marking   ] GC(2) Concurrent Mark (3.400s)
[2019-12-12T09:25:52.029+0530][gc,marking   ] GC(2) Concurrent Mark From Roots
[2019-12-12T09:25:52.029+0530][gc,task      ] GC(2) Using 1 workers of 1 for marking
[2019-12-12T09:25:52.040+0530][gc,marking   ] GC(2) Concurrent Mark From Roots 10.485ms
[2019-12-12T09:25:52.040+0530][gc,marking   ] GC(2) Concurrent Preclean
[2019-12-12T09:25:52.040+0530][gc,marking   ] GC(2) Concurrent Preclean 0.089ms
[2019-12-12T09:25:52.040+0530][gc,marking   ] GC(2) Concurrent Mark (3.400s, 3.411s) 10.638ms
[2019-12-12T09:25:52.040+0530][gc,start     ] GC(2) Pause Remark
[2019-12-12T09:25:52.048+0530][gc,stringtable] GC(2) Cleaned string and symbol table, strings: 4778 processed, 0 removed, symbols: 49601 processed, 52 removed
[2019-12-12T09:25:52.048+0530][gc            ] GC(2) Pause Remark 7M->7M(1024M) 8.469ms
[2019-12-12T09:25:52.048+0530][gc,cpu        ] GC(2) User=0.03s Sys=0.00s Real=0.01s
[2019-12-12T09:25:52.048+0530][gc,marking    ] GC(2) Concurrent Rebuild Remembered Sets
[2019-12-12T09:25:52.053+0530][gc,marking    ] GC(2) Concurrent Rebuild Remembered Sets 4.294ms
[2019-12-12T09:25:52.053+0530][gc,start      ] GC(2) Pause Cleanup
[2019-12-12T09:25:52.053+0530][gc            ] GC(2) Pause Cleanup 7M->7M(1024M) 0.230ms
[2019-12-12T09:25:52.053+0530][gc,cpu        ] GC(2) User=0.00s Sys=0.00s Real=0.00s
[2019-12-12T09:25:52.053+0530][gc,marking    ] GC(2) Concurrent Cleanup for Next Mark
[2019-12-12T09:25:52.060+0530][gc,marking    ] GC(2) Concurrent Cleanup for Next Mark 6.964ms
[2019-12-12T09:25:52.060+0530][gc            ] GC(2) Concurrent Cycle 32.247ms
[2019-12-12T09:25:56.215+0530][gc,start      ] GC(3) Pause Young (Normal) (G1 Evacuation Pause)
[2019-12-12T09:25:56.222+0530][gc,task       ] GC(3) Using 4 workers of 4 for evacuation
[2019-12-12T09:25:56.235+0530][gc,phases     ] GC(3)   Pre Evacuate Collection Set: 0.0ms
[2019-12-12T09:25:56.235+0530][gc,phases     ] GC(3)   Evacuate Collection Set: 12.1ms
[2019-12-12T09:25:56.235+0530][gc,phases     ] GC(3)   Post Evacuate Collection Set: 0.6ms
[2019-12-12T09:25:56.235+0530][gc,phases     ] GC(3)   Other: 6.9ms
[2019-12-12T09:25:56.235+0530][gc,heap       ] GC(3) Eden regions: 50->0(46)
[2019-12-12T09:25:56.235+0530][gc,heap       ] GC(3) Survivor regions: 1->5(7)
[2019-12-12T09:25:56.235+0530][gc,heap       ] GC(3) Old regions: 8->8
[2019-12-12T09:25:56.235+0530][gc,heap       ] GC(3) Humongous regions: 129->129
[2019-12-12T09:25:56.235+0530][gc,metaspace  ] GC(3) Metaspace: 29063K->29063K(1075200K)
[2019-12-12T09:25:56.235+0530][gc            ] GC(3) Pause Young (Normal) (G1 Evacuation Pause) 186M->140M(1024M) 19.836ms
[2019-12-12T09:25:56.235+0530][gc,cpu        ] GC(3) User=0.04s Sys=0.00s Real=0.02s
[2019-12-12T09:26:42.537+0530][gc,start      ] GC(4) Pause Young (Concurrent Start) (Metadata GC Threshold)
[2019-12-12T09:26:42.537+0530][gc,task       ] GC(4) Using 4 workers of 4 for evacuation
[2019-12-12T09:26:42.549+0530][gc,phases     ] GC(4)   Pre Evacuate Collection Set: 0.2ms
[2019-12-12T09:26:42.549+0530][gc,phases     ] GC(4)   Evacuate Collection Set: 11.1ms
[2019-12-12T09:26:42.549+0530][gc,phases     ] GC(4)   Post Evacuate Collection Set: 0.5ms
[2019-12-12T09:26:42.549+0530][gc,phases     ] GC(4)   Other: 0.3ms
[2019-12-12T09:26:42.549+0530][gc,heap       ] GC(4) Eden regions: 40->0(49)
[2019-12-12T09:26:42.549+0530][gc,heap       ] GC(4) Survivor regions: 5->2(7)
[2019-12-12T09:26:42.549+0530][gc,heap       ] GC(4) Old regions: 8->13
[2019-12-12T09:26:42.549+0530][gc,heap       ] GC(4) Humongous regions: 141->129
[2019-12-12T09:26:42.549+0530][gc,metaspace  ] GC(4) Metaspace: 33798K->33798K(1079296K)
[2019-12-12T09:26:42.549+0530][gc            ] GC(4) Pause Young (Concurrent Start) (Metadata GC Threshold) 191M->141M(1024M) 12.226ms
[2019-12-12T09:26:42.549+0530][gc,cpu        ] GC(4) User=0.04s Sys=0.00s Real=0.01s
[2019-12-12T09:26:42.549+0530][gc            ] GC(5) Concurrent Cycle
[2019-12-12T09:26:42.549+0530][gc,marking    ] GC(5) Concurrent Clear Claimed Marks
[2019-12-12T09:26:42.550+0530][gc,marking    ] GC(5) Concurrent Clear Claimed Marks 0.143ms
[2019-12-12T09:26:42.550+0530][gc,marking    ] GC(5) Concurrent Scan Root Regions
[2019-12-12T09:26:42.552+0530][gc,marking    ] GC(5) Concurrent Scan Root Regions 2.203ms
[2019-12-12T09:26:42.552+0530][gc,marking    ] GC(5) Concurrent Mark (53.923s)
[2019-12-12T09:26:42.552+0530][gc,marking    ] GC(5) Concurrent Mark From Roots
[2019-12-12T09:26:42.552+0530][gc,task       ] GC(5) Using 1 workers of 1 for marking
[2019-12-12T09:26:42.686+0530][gc,marking    ] GC(5) Concurrent Mark From Roots 134.107ms
[2019-12-12T09:26:42.686+0530][gc,marking    ] GC(5) Concurrent Preclean
[2019-12-12T09:26:42.686+0530][gc,marking    ] GC(5) Concurrent Preclean 0.165ms
[2019-12-12T09:26:42.686+0530][gc,marking    ] GC(5) Concurrent Mark (53.923s, 54.057s) 134.376ms
[2019-12-12T09:26:42.687+0530][gc,start      ] GC(5) Pause Remark
[2019-12-12T09:26:42.696+0530][gc,stringtable] GC(5) Cleaned string and symbol table, strings: 8789 processed, 8 removed, symbols: 72910 processed, 12 removed
[2019-12-12T09:26:42.696+0530][gc            ] GC(5) Pause Remark 145M->145M(1024M) 8.668ms
[2019-12-12T09:26:42.696+0530][gc,cpu        ] GC(5) User=0.01s Sys=0.00s Real=0.01s
[2019-12-12T09:26:42.696+0530][gc,marking    ] GC(5) Concurrent Rebuild Remembered Sets
[2019-12-12T09:26:42.713+0530][gc,marking    ] GC(5) Concurrent Rebuild Remembered Sets 16.950ms
[2019-12-12T09:26:42.713+0530][gc,start      ] GC(5) Pause Cleanup
[2019-12-12T09:26:42.713+0530][gc            ] GC(5) Pause Cleanup 145M->145M(1024M) 0.215ms
[2019-12-12T09:26:42.713+0530][gc,cpu        ] GC(5) User=0.00s Sys=0.00s Real=0.00s
[2019-12-12T09:26:42.713+0530][gc,marking    ] GC(5) Concurrent Cleanup for Next Mark
[2019-12-12T09:26:42.722+0530][gc,marking    ] GC(5) Concurrent Cleanup for Next Mark 8.963ms
[2019-12-12T09:26:42.722+0530][gc            ] GC(5) Concurrent Cycle 172.943ms
[2019-12-12T09:34:48.119+0530][gc,start      ] GC(6) Pause Young (Concurrent Start) (G1 Evacuation Pause)
[2019-12-12T09:34:48.138+0530][gc,task       ] GC(6) Using 4 workers of 4 for evacuation
[2019-12-12T09:34:48.157+0530][gc,phases     ] GC(6)   Pre Evacuate Collection Set: 0.2ms
[2019-12-12T09:34:48.157+0530][gc,phases     ] GC(6)   Evacuate Collection Set: 17.3ms
[2019-12-12T09:34:48.157+0530][gc,phases     ] GC(6)   Post Evacuate Collection Set: 0.7ms
[2019-12-12T09:34:48.157+0530][gc,phases     ] GC(6)   Other: 19.8ms
[2019-12-12T09:34:48.157+0530][gc,heap       ] GC(6) Eden regions: 49->0(47)
[2019-12-12T09:34:48.157+0530][gc,heap       ] GC(6) Survivor regions: 2->4(7)
[2019-12-12T09:34:48.157+0530][gc,heap       ] GC(6) Old regions: 13->13
[2019-12-12T09:34:48.157+0530][gc,heap       ] GC(6) Humongous regions: 129->129
[2019-12-12T09:34:48.157+0530][gc,metaspace  ] GC(6) Metaspace: 36204K->36204K(1081344K)
[2019-12-12T09:34:48.157+0530][gc            ] GC(6) Pause Young (Concurrent Start) (G1 Evacuation Pause) 190M->143M(1024M) 38.059ms
[2019-12-12T09:34:48.157+0530][gc,cpu        ] GC(6) User=0.03s Sys=0.00s Real=0.04s
[2019-12-12T09:34:48.157+0530][gc            ] GC(7) Concurrent Cycle
[2019-12-12T09:34:48.157+0530][gc,marking    ] GC(7) Concurrent Clear Claimed Marks
[2019-12-12T09:34:48.157+0530][gc,marking    ] GC(7) Concurrent Clear Claimed Marks 0.176ms
[2019-12-12T09:34:48.157+0530][gc,marking    ] GC(7) Concurrent Scan Root Regions
[2019-12-12T09:34:48.162+0530][gc,marking    ] GC(7) Concurrent Scan Root Regions 4.806ms
[2019-12-12T09:34:48.162+0530][gc,marking    ] GC(7) Concurrent Mark (539.533s)
[2019-12-12T09:34:48.162+0530][gc,marking    ] GC(7) Concurrent Mark From Roots
[2019-12-12T09:34:48.162+0530][gc,task       ] GC(7) Using 1 workers of 1 for marking
[2019-12-12T09:34:48.192+0530][gc,marking    ] GC(7) Concurrent Mark From Roots 29.819ms
[2019-12-12T09:34:48.192+0530][gc,marking    ] GC(7) Concurrent Preclean
[2019-12-12T09:34:48.192+0530][gc,marking    ] GC(7) Concurrent Preclean 0.157ms
[2019-12-12T09:34:48.192+0530][gc,marking    ] GC(7) Concurrent Mark (539.533s, 539.563s) 30.060ms
[2019-12-12T09:34:48.192+0530][gc,start      ] GC(7) Pause Remark
[2019-12-12T09:34:48.201+0530][gc,stringtable] GC(7) Cleaned string and symbol table, strings: 9315 processed, 6 removed, symbols: 73491 processed, 2 removed
[2019-12-12T09:34:48.201+0530][gc            ] GC(7) Pause Remark 143M->143M(1024M) 8.690ms
[2019-12-12T09:34:48.201+0530][gc,cpu        ] GC(7) User=0.02s Sys=0.00s Real=0.01s
[2019-12-12T09:34:48.201+0530][gc,marking    ] GC(7) Concurrent Rebuild Remembered Sets
[2019-12-12T09:34:48.217+0530][gc,marking    ] GC(7) Concurrent Rebuild Remembered Sets 16.055ms
[2019-12-12T09:34:48.217+0530][gc,start      ] GC(7) Pause Cleanup
[2019-12-12T09:34:48.218+0530][gc            ] GC(7) Pause Cleanup 143M->143M(1024M) 0.338ms
[2019-12-12T09:34:48.218+0530][gc,cpu        ] GC(7) User=0.00s Sys=0.00s Real=0.00s
[2019-12-12T09:34:48.218+0530][gc,marking    ] GC(7) Concurrent Cleanup for Next Mark
[2019-12-12T09:34:48.219+0530][gc,marking    ] GC(7) Concurrent Cleanup for Next Mark 1.356ms
[2019-12-12T09:34:48.219+0530][gc            ] GC(7) Concurrent Cycle 62.218ms
[2019-12-12T09:43:00.106+0530][gc,start      ] GC(8) Pause Young (Normal) (G1 Evacuation Pause)
[2019-12-12T09:43:00.124+0530][gc,task       ] GC(8) Using 4 workers of 4 for evacuation
[2019-12-12T09:43:00.138+0530][gc,phases     ] GC(8)   Pre Evacuate Collection Set: 0.1ms
[2019-12-12T09:43:00.138+0530][gc,phases     ] GC(8)   Evacuate Collection Set: 12.9ms
[2019-12-12T09:43:00.138+0530][gc,phases     ] GC(8)   Post Evacuate Collection Set: 0.7ms
[2019-12-12T09:43:00.138+0530][gc,phases     ] GC(8)   Other: 17.6ms
[2019-12-12T09:43:00.138+0530][gc,heap       ] GC(8) Eden regions: 47->0(46)
[2019-12-12T09:43:00.138+0530][gc,heap       ] GC(8) Survivor regions: 4->5(7)
[2019-12-12T09:43:00.138+0530][gc,heap       ] GC(8) Old regions: 13->13
[2019-12-12T09:43:00.138+0530][gc,heap       ] GC(8) Humongous regions: 129->129
[2019-12-12T09:43:00.138+0530][gc,metaspace  ] GC(8) Metaspace: 36733K->36733K(1083392K)
[2019-12-12T09:43:00.138+0530][gc            ] GC(8) Pause Young (Normal) (G1 Evacuation Pause) 190M->144M(1024M) 31.458ms
[2019-12-12T09:43:00.138+0530][gc,cpu        ] GC(8) User=0.04s Sys=0.01s Real=0.03s
[2019-12-12T09:50:43.918+0530][gc,start      ] GC(9) Pause Young (Normal) (G1 Evacuation Pause)
[2019-12-12T09:50:43.933+0530][gc,task       ] GC(9) Using 4 workers of 4 for evacuation
[2019-12-12T09:50:43.962+0530][gc,mmu        ] GC(9) MMU target violated: 21.0ms (20.0ms/21.0ms)
[2019-12-12T09:50:43.962+0530][gc,phases     ] GC(9)   Pre Evacuate Collection Set: 0.1ms
[2019-12-12T09:50:43.962+0530][gc,phases     ] GC(9)   Evacuate Collection Set: 21.0ms
[2019-12-12T09:50:43.962+0530][gc,phases     ] GC(9)   Post Evacuate Collection Set: 7.9ms
[2019-12-12T09:50:43.962+0530][gc,phases     ] GC(9)   Other: 14.8ms
[2019-12-12T09:50:43.962+0530][gc,heap       ] GC(9) Eden regions: 46->0(47)
[2019-12-12T09:50:43.962+0530][gc,heap       ] GC(9) Survivor regions: 5->4(7)
[2019-12-12T09:50:43.962+0530][gc,heap       ] GC(9) Old regions: 13->14
[2019-12-12T09:50:43.962+0530][gc,heap       ] GC(9) Humongous regions: 129->129
[2019-12-12T09:50:43.962+0530][gc,metaspace  ] GC(9) Metaspace: 36888K->36888K(1083392K)
[2019-12-12T09:50:43.962+0530][gc            ] GC(9) Pause Young (Normal) (G1 Evacuation Pause) 190M->144M(1024M) 43.833ms
[2019-12-12T09:50:43.962+0530][gc,cpu        ] GC(9) User=0.07s Sys=0.00s Real=0.05s
[2019-12-12T09:58:58.918+0530][gc,start      ] GC(10) Pause Young (Normal) (G1 Evacuation Pause)
[2019-12-12T09:58:58.939+0530][gc,task       ] GC(10) Using 4 workers of 4 for evacuation
[2019-12-12T09:58:58.948+0530][gc,phases     ] GC(10)   Pre Evacuate Collection Set: 0.0ms
[2019-12-12T09:58:58.948+0530][gc,phases     ] GC(10)   Evacuate Collection Set: 5.9ms
[2019-12-12T09:58:58.948+0530][gc,phases     ] GC(10)   Post Evacuate Collection Set: 3.4ms
[2019-12-12T09:58:58.948+0530][gc,phases     ] GC(10)   Other: 20.6ms
[2019-12-12T09:58:58.948+0530][gc,heap       ] GC(10) Eden regions: 47->0(47)
[2019-12-12T09:58:58.948+0530][gc,heap       ] GC(10) Survivor regions: 4->4(7)
[2019-12-12T09:58:58.948+0530][gc,heap       ] GC(10) Old regions: 14->14
[2019-12-12T09:58:58.948+0530][gc,heap       ] GC(10) Humongous regions: 129->129
[2019-12-12T09:58:58.948+0530][gc,metaspace  ] GC(10) Metaspace: 37075K->37075K(1083392K)
[2019-12-12T09:58:58.948+0530][gc            ] GC(10) Pause Young (Normal) (G1 Evacuation Pause) 191M->144M(1024M) 29.979ms
[2019-12-12T09:58:58.948+0530][gc,cpu        ] GC(10) User=0.02s Sys=0.00s Real=0.03s
[2019-12-12T10:07:19.242+0530][gc,start      ] GC(11) Pause Young (Normal) (G1 Evacuation Pause)
[2019-12-12T10:07:19.271+0530][gc,task       ] GC(11) Using 4 workers of 4 for evacuation
[2019-12-12T10:07:19.283+0530][gc,phases     ] GC(11)   Pre Evacuate Collection Set: 0.1ms
[2019-12-12T10:07:19.283+0530][gc,phases     ] GC(11)   Evacuate Collection Set: 11.0ms
[2019-12-12T10:07:19.283+0530][gc,phases     ] GC(11)   Post Evacuate Collection Set: 0.7ms
[2019-12-12T10:07:19.283+0530][gc,phases     ] GC(11)   Other: 29.6ms
[2019-12-12T10:07:19.283+0530][gc,heap       ] GC(11) Eden regions: 47->0(47)
[2019-12-12T10:07:19.283+0530][gc,heap       ] GC(11) Survivor regions: 4->4(7)
[2019-12-12T10:07:19.283+0530][gc,heap       ] GC(11) Old regions: 14->14
[2019-12-12T10:07:19.283+0530][gc,heap       ] GC(11) Humongous regions: 129->129
[2019-12-12T10:07:19.283+0530][gc,metaspace  ] GC(11) Metaspace: 37112K->37112K(1083392K)
[2019-12-12T10:07:19.283+0530][gc            ] GC(11) Pause Young (Normal) (G1 Evacuation Pause) 191M->144M(1024M) 41.404ms
[2019-12-12T10:07:19.283+0530][gc,cpu        ] GC(11) User=0.05s Sys=0.00s Real=0.04s
[2019-12-12T10:15:42.933+0530][gc,start      ] GC(12) Pause Young (Normal) (G1 Evacuation Pause)
[2019-12-12T10:15:42.933+0530][gc,task       ] GC(12) Using 4 workers of 4 for evacuation
[2019-12-12T10:15:42.939+0530][gc,phases     ] GC(12)   Pre Evacuate Collection Set: 0.0ms
[2019-12-12T10:15:42.939+0530][gc,phases     ] GC(12)   Evacuate Collection Set: 5.3ms
[2019-12-12T10:15:42.939+0530][gc,phases     ] GC(12)   Post Evacuate Collection Set: 0.6ms
[2019-12-12T10:15:42.939+0530][gc,phases     ] GC(12)   Other: 0.2ms
[2019-12-12T10:15:42.939+0530][gc,heap       ] GC(12) Eden regions: 47->0(47)
[2019-12-12T10:15:42.939+0530][gc,heap       ] GC(12) Survivor regions: 4->4(7)
[2019-12-12T10:15:42.939+0530][gc,heap       ] GC(12) Old regions: 14->14
[2019-12-12T10:15:42.939+0530][gc,heap       ] GC(12) Humongous regions: 129->129
[2019-12-12T10:15:42.939+0530][gc,metaspace  ] GC(12) Metaspace: 37137K->37137K(1083392K)
[2019-12-12T10:15:42.939+0530][gc            ] GC(12) Pause Young (Normal) (G1 Evacuation Pause) 191M->145M(1024M) 6.278ms
[2019-12-12T10:15:42.939+0530][gc,cpu        ] GC(12) User=0.02s Sys=0.00s Real=0.01s
[2019-12-12T10:26:40.793+0530][gc,start      ] GC(13) Pause Young (Normal) (G1 Evacuation Pause)
[2019-12-12T10:26:40.810+0530][gc,task       ] GC(13) Using 4 workers of 4 for evacuation
[2019-12-12T10:26:40.821+0530][gc,phases     ] GC(13)   Pre Evacuate Collection Set: 0.0ms
[2019-12-12T10:26:40.821+0530][gc,phases     ] GC(13)   Evacuate Collection Set: 7.6ms
[2019-12-12T10:26:40.821+0530][gc,phases     ] GC(13)   Post Evacuate Collection Set: 3.4ms
[2019-12-12T10:26:40.822+0530][gc,phases     ] GC(13)   Other: 17.4ms
[2019-12-12T10:26:40.822+0530][gc,heap       ] GC(13) Eden regions: 47->0(47)
[2019-12-12T10:26:40.822+0530][gc,heap       ] GC(13) Survivor regions: 4->4(7)
[2019-12-12T10:26:40.822+0530][gc,heap       ] GC(13) Old regions: 14->14
[2019-12-12T10:26:40.822+0530][gc,heap       ] GC(13) Humongous regions: 129->129
[2019-12-12T10:26:40.822+0530][gc,metaspace  ] GC(13) Metaspace: 37264K->37264K(1083392K)
[2019-12-12T10:26:40.822+0530][gc            ] GC(13) Pause Young (Normal) (G1 Evacuation Pause) 192M->145M(1024M) 28.604ms
[2019-12-12T10:26:40.822+0530][gc,cpu        ] GC(13) User=0.03s Sys=0.00s Real=0.04s
[2019-12-12T10:35:05.397+0530][gc,start      ] GC(14) Pause Young (Normal) (G1 Evacuation Pause)
[2019-12-12T10:35:05.416+0530][gc,task       ] GC(14) Using 4 workers of 4 for evacuation
[2019-12-12T10:35:05.424+0530][gc,phases     ] GC(14)   Pre Evacuate Collection Set: 0.1ms
[2019-12-12T10:35:05.424+0530][gc,phases     ] GC(14)   Evacuate Collection Set: 6.3ms
[2019-12-12T10:35:05.424+0530][gc,phases     ] GC(14)   Post Evacuate Collection Set: 0.7ms
[2019-12-12T10:35:05.424+0530][gc,phases     ] GC(14)   Other: 19.8ms
[2019-12-12T10:35:05.424+0530][gc,heap       ] GC(14) Eden regions: 47->0(51)
[2019-12-12T10:35:05.424+0530][gc,heap       ] GC(14) Survivor regions: 4->5(7)
[2019-12-12T10:35:05.424+0530][gc,heap       ] GC(14) Old regions: 14->14
[2019-12-12T10:35:05.424+0530][gc,heap       ] GC(14) Humongous regions: 129->129
[2019-12-12T10:35:05.424+0530][gc,metaspace  ] GC(14) Metaspace: 37304K->37304K(1083392K)
[2019-12-12T10:35:05.424+0530][gc            ] GC(14) Pause Young (Normal) (G1 Evacuation Pause) 192M->145M(1024M) 26.983ms
[2019-12-12T10:35:05.424+0530][gc,cpu        ] GC(14) User=0.03s Sys=0.00s Real=0.03s
[2019-12-12T10:44:10.878+0530][gc,start      ] GC(15) Pause Young (Normal) (G1 Evacuation Pause)
[2019-12-12T10:44:10.888+0530][gc,task       ] GC(15) Using 4 workers of 4 for evacuation
[2019-12-12T10:44:10.900+0530][gc,phases     ] GC(15)   Pre Evacuate Collection Set: 0.0ms
[2019-12-12T10:44:10.900+0530][gc,phases     ] GC(15)   Evacuate Collection Set: 11.2ms
[2019-12-12T10:44:10.900+0530][gc,phases     ] GC(15)   Post Evacuate Collection Set: 0.7ms
[2019-12-12T10:44:10.900+0530][gc,phases     ] GC(15)   Other: 10.7ms
[2019-12-12T10:44:10.900+0530][gc,heap       ] GC(15) Eden regions: 51->0(53)
[2019-12-12T10:44:10.900+0530][gc,heap       ] GC(15) Survivor regions: 5->4(7)
[2019-12-12T10:44:10.900+0530][gc,heap       ] GC(15) Old regions: 14->15
[2019-12-12T10:44:10.900+0530][gc,heap       ] GC(15) Humongous regions: 129->129
[2019-12-12T10:44:10.900+0530][gc,metaspace  ] GC(15) Metaspace: 37304K->37304K(1083392K)
[2019-12-12T10:44:10.900+0530][gc            ] GC(15) Pause Young (Normal) (G1 Evacuation Pause) 196M->145M(1024M) 22.844ms
[2019-12-12T10:44:10.901+0530][gc,cpu        ] GC(15) User=0.04s Sys=0.01s Real=0.02s
[2019-12-12T10:53:36.959+0530][gc,start      ] GC(16) Pause Young (Normal) (G1 Evacuation Pause)
[2019-12-12T10:53:36.979+0530][gc,task       ] GC(16) Using 4 workers of 4 for evacuation
[2019-12-12T10:53:36.985+0530][gc,phases     ] GC(16)   Pre Evacuate Collection Set: 0.0ms
[2019-12-12T10:53:36.985+0530][gc,phases     ] GC(16)   Evacuate Collection Set: 4.9ms
[2019-12-12T10:53:36.985+0530][gc,phases     ] GC(16)   Post Evacuate Collection Set: 0.7ms
[2019-12-12T10:53:36.985+0530][gc,phases     ] GC(16)   Other: 20.2ms
[2019-12-12T10:53:36.985+0530][gc,heap       ] GC(16) Eden regions: 53->0(58)
[2019-12-12T10:53:36.985+0530][gc,heap       ] GC(16) Survivor regions: 4->3(8)
[2019-12-12T10:53:36.985+0530][gc,heap       ] GC(16) Old regions: 15->15
[2019-12-12T10:53:36.985+0530][gc,heap       ] GC(16) Humongous regions: 129->129
[2019-12-12T10:53:36.985+0530][gc,metaspace  ] GC(16) Metaspace: 37331K->37331K(1083392K)
[2019-12-12T10:53:36.985+0530][gc            ] GC(16) Pause Young (Normal) (G1 Evacuation Pause) 198M->144M(1024M) 25.915ms
[2019-12-12T10:53:36.985+0530][gc,cpu        ] GC(16) User=0.02s Sys=0.00s Real=0.03s
[2019-12-12T11:03:59.639+0530][gc,start      ] GC(17) Pause Young (Normal) (G1 Evacuation Pause)
[2019-12-12T11:03:59.667+0530][gc,task       ] GC(17) Using 4 workers of 4 for evacuation
[2019-12-12T11:03:59.680+0530][gc,phases     ] GC(17)   Pre Evacuate Collection Set: 0.7ms
[2019-12-12T11:03:59.680+0530][gc,phases     ] GC(17)   Evacuate Collection Set: 11.3ms
[2019-12-12T11:03:59.680+0530][gc,phases     ] GC(17)   Post Evacuate Collection Set: 0.6ms
[2019-12-12T11:03:59.680+0530][gc,phases     ] GC(17)   Other: 28.4ms
[2019-12-12T11:03:59.680+0530][gc,heap       ] GC(17) Eden regions: 58->0(63)
[2019-12-12T11:03:59.680+0530][gc,heap       ] GC(17) Survivor regions: 3->4(8)
[2019-12-12T11:03:59.680+0530][gc,heap       ] GC(17) Old regions: 15->15
[2019-12-12T11:03:59.680+0530][gc,heap       ] GC(17) Humongous regions: 129->129
[2019-12-12T11:03:59.680+0530][gc,metaspace  ] GC(17) Metaspace: 37341K->37341K(1083392K)
[2019-12-12T11:03:59.680+0530][gc            ] GC(17) Pause Young (Normal) (G1 Evacuation Pause) 202M->145M(1024M) 41.139ms
[2019-12-12T11:03:59.680+0530][gc,cpu        ] GC(17) User=0.04s Sys=0.01s Real=0.04s
[2019-12-12T11:15:28.919+0530][gc,start      ] GC(18) Pause Young (Normal) (G1 Evacuation Pause)
[2019-12-12T11:15:28.919+0530][gc,task       ] GC(18) Using 4 workers of 4 for evacuation
[2019-12-12T11:15:28.929+0530][gc,phases     ] GC(18)   Pre Evacuate Collection Set: 0.0ms
[2019-12-12T11:15:28.929+0530][gc,phases     ] GC(18)   Evacuate Collection Set: 9.0ms
[2019-12-12T11:15:28.929+0530][gc,phases     ] GC(18)   Post Evacuate Collection Set: 0.6ms
[2019-12-12T11:15:28.929+0530][gc,phases     ] GC(18)   Other: 0.4ms
[2019-12-12T11:15:28.929+0530][gc,heap       ] GC(18) Eden regions: 63->0(69)
[2019-12-12T11:15:28.929+0530][gc,heap       ] GC(18) Survivor regions: 4->3(9)
[2019-12-12T11:15:28.929+0530][gc,heap       ] GC(18) Old regions: 15->15
[2019-12-12T11:15:28.929+0530][gc,heap       ] GC(18) Humongous regions: 129->129
[2019-12-12T11:15:28.929+0530][gc,metaspace  ] GC(18) Metaspace: 37364K->37364K(1083392K)
[2019-12-12T11:15:28.929+0530][gc            ] GC(18) Pause Young (Normal) (G1 Evacuation Pause) 208M->144M(1024M) 10.173ms
[2019-12-12T11:15:28.929+0530][gc,cpu        ] GC(18) User=0.04s Sys=0.00s Real=0.01s
[2019-12-12T11:27:17.139+0530][gc,start      ] GC(19) Pause Young (Normal) (G1 Evacuation Pause)
[2019-12-12T11:27:17.139+0530][gc,task       ] GC(19) Using 4 workers of 4 for evacuation
[2019-12-12T11:27:17.148+0530][gc,phases     ] GC(19)   Pre Evacuate Collection Set: 0.1ms
[2019-12-12T11:27:17.148+0530][gc,phases     ] GC(19)   Evacuate Collection Set: 8.5ms
[2019-12-12T11:27:17.148+0530][gc,phases     ] GC(19)   Post Evacuate Collection Set: 0.6ms
[2019-12-12T11:27:17.148+0530][gc,phases     ] GC(19)   Other: 0.4ms
[2019-12-12T11:27:17.148+0530][gc,heap       ] GC(19) Eden regions: 69->0(81)
[2019-12-12T11:27:17.148+0530][gc,heap       ] GC(19) Survivor regions: 3->3(9)
[2019-12-12T11:27:17.148+0530][gc,heap       ] GC(19) Old regions: 15->15
[2019-12-12T11:27:17.148+0530][gc,heap       ] GC(19) Humongous regions: 129->129
[2019-12-12T11:27:17.148+0530][gc,metaspace  ] GC(19) Metaspace: 37374K->37374K(1083392K)
[2019-12-12T11:27:17.148+0530][gc            ] GC(19) Pause Young (Normal) (G1 Evacuation Pause) 213M->144M(1024M) 9.604ms
[2019-12-12T11:27:17.148+0530][gc,cpu        ] GC(19) User=0.03s Sys=0.00s Real=0.01s
[2019-12-12T11:41:52.103+0530][gc,start      ] GC(20) Pause Young (Normal) (G1 Evacuation Pause)
[2019-12-12T11:41:52.685+0530][gc,task       ] GC(20) Using 4 workers of 4 for evacuation
[2019-12-12T11:41:55.776+0530][gc,mmu        ] GC(20) MMU target violated: 21.0ms (20.0ms/21.0ms)
[2019-12-12T11:41:55.776+0530][gc,phases     ] GC(20)   Pre Evacuate Collection Set: 0.2ms
[2019-12-12T11:41:55.776+0530][gc,phases     ] GC(20)   Evacuate Collection Set: 2137.4ms
[2019-12-12T11:41:55.776+0530][gc,phases     ] GC(20)   Post Evacuate Collection Set: 143.6ms
[2019-12-12T11:41:55.776+0530][gc,phases     ] GC(20)   Other: 1448.4ms
[2019-12-12T11:41:55.803+0530][gc,heap       ] GC(20) Eden regions: 81->0(47)
[2019-12-12T11:41:55.803+0530][gc,heap       ] GC(20) Survivor regions: 3->4(11)
[2019-12-12T11:41:55.803+0530][gc,heap       ] GC(20) Old regions: 15->15
[2019-12-12T11:41:55.803+0530][gc,heap       ] GC(20) Humongous regions: 129->129
[2019-12-12T11:41:55.803+0530][gc,metaspace  ] GC(20) Metaspace: 37411K->37411K(1083392K)
[2019-12-12T11:41:55.804+0530][gc            ] GC(20) Pause Young (Normal) (G1 Evacuation Pause) 225M->145M(1024M) 3700.579ms
[2019-12-12T11:41:55.804+0530][gc,cpu        ] GC(20) User=0.03s Sys=0.03s Real=3.70s
[2019-12-12T11:49:41.884+0530][gc,start      ] GC(21) Pause Young (Normal) (G1 Evacuation Pause)
[2019-12-12T11:49:41.915+0530][gc,task       ] GC(21) Using 4 workers of 4 for evacuation
[2019-12-12T11:49:42.027+0530][gc,mmu        ] GC(21) MMU target violated: 21.0ms (20.0ms/21.0ms)
[2019-12-12T11:49:42.028+0530][gc,phases     ] GC(21)   Pre Evacuate Collection Set: 0.1ms
[2019-12-12T11:49:42.028+0530][gc,phases     ] GC(21)   Evacuate Collection Set: 105.0ms
[2019-12-12T11:49:42.028+0530][gc,phases     ] GC(21)   Post Evacuate Collection Set: 6.9ms
[2019-12-12T11:49:42.028+0530][gc,phases     ] GC(21)   Other: 31.7ms
[2019-12-12T11:49:42.028+0530][gc,heap       ] GC(21) Eden regions: 47->0(47)
[2019-12-12T11:49:42.028+0530][gc,heap       ] GC(21) Survivor regions: 4->4(7)
[2019-12-12T11:49:42.028+0530][gc,heap       ] GC(21) Old regions: 15->15
[2019-12-12T11:49:42.028+0530][gc,heap       ] GC(21) Humongous regions: 129->129
[2019-12-12T11:49:42.028+0530][gc,metaspace  ] GC(21) Metaspace: 37574K->37574K(1083392K)
[2019-12-12T11:49:42.028+0530][gc            ] GC(21) Pause Young (Normal) (G1 Evacuation Pause) 192M->145M(1024M) 143.689ms
[2019-12-12T11:49:42.028+0530][gc,cpu        ] GC(21) User=0.05s Sys=0.01s Real=0.14s
[2019-12-12T11:58:05.448+0530][gc,start      ] GC(22) Pause Young (Normal) (G1 Evacuation Pause)
[2019-12-12T11:58:05.479+0530][gc,task       ] GC(22) Using 4 workers of 4 for evacuation
[2019-12-12T11:58:05.590+0530][gc,mmu        ] GC(22) MMU target violated: 21.0ms (20.0ms/21.0ms)
[2019-12-12T11:58:05.590+0530][gc,phases     ] GC(22)   Pre Evacuate Collection Set: 0.1ms
[2019-12-12T11:58:05.591+0530][gc,phases     ] GC(22)   Evacuate Collection Set: 111.0ms
[2019-12-12T11:58:05.591+0530][gc,phases     ] GC(22)   Post Evacuate Collection Set: 0.5ms
[2019-12-12T11:58:05.591+0530][gc,phases     ] GC(22)   Other: 31.5ms
[2019-12-12T11:58:05.591+0530][gc,heap       ] GC(22) Eden regions: 47->0(47)
[2019-12-12T11:58:05.591+0530][gc,heap       ] GC(22) Survivor regions: 4->4(7)
[2019-12-12T11:58:05.591+0530][gc,heap       ] GC(22) Old regions: 15->15
[2019-12-12T11:58:05.591+0530][gc,heap       ] GC(22) Humongous regions: 129->129
[2019-12-12T11:58:05.591+0530][gc,metaspace  ] GC(22) Metaspace: 37575K->37575K(1083392K)
[2019-12-12T11:58:05.591+0530][gc            ] GC(22) Pause Young (Normal) (G1 Evacuation Pause) 192M->145M(1024M) 143.039ms
[2019-12-12T11:58:05.591+0530][gc,cpu        ] GC(22) User=0.06s Sys=0.00s Real=0.14s
[2019-12-12T12:15:28.436+0530][gc,start      ] GC(23) Pause Young (Normal) (G1 Evacuation Pause)
[2019-12-12T12:15:28.457+0530][gc,task       ] GC(23) Using 4 workers of 4 for evacuation
[2019-12-12T12:15:28.482+0530][gc,mmu        ] GC(23) MMU target violated: 21.0ms (20.0ms/21.0ms)
[2019-12-12T12:15:28.482+0530][gc,phases     ] GC(23)   Pre Evacuate Collection Set: 0.0ms
[2019-12-12T12:15:28.482+0530][gc,phases     ] GC(23)   Evacuate Collection Set: 23.5ms
[2019-12-12T12:15:28.482+0530][gc,phases     ] GC(23)   Post Evacuate Collection Set: 0.7ms
[2019-12-12T12:15:28.482+0530][gc,phases     ] GC(23)   Other: 21.4ms
[2019-12-12T12:15:28.482+0530][gc,heap       ] GC(23) Eden regions: 47->0(47)
[2019-12-12T12:15:28.482+0530][gc,heap       ] GC(23) Survivor regions: 4->4(7)
[2019-12-12T12:15:28.482+0530][gc,heap       ] GC(23) Old regions: 15->15
[2019-12-12T12:15:28.482+0530][gc,heap       ] GC(23) Humongous regions: 129->129
[2019-12-12T12:15:28.482+0530][gc,metaspace  ] GC(23) Metaspace: 37579K->37579K(1083392K)
[2019-12-12T12:15:28.482+0530][gc            ] GC(23) Pause Young (Normal) (G1 Evacuation Pause) 192M->145M(1024M) 45.716ms
[2019-12-12T12:15:28.482+0530][gc,cpu        ] GC(23) User=0.07s Sys=0.00s Real=0.04s
[2019-12-12T12:23:54.627+0530][gc,start      ] GC(24) Pause Young (Normal) (G1 Evacuation Pause)
[2019-12-12T12:23:54.627+0530][gc,task       ] GC(24) Using 4 workers of 4 for evacuation
[2019-12-12T12:23:54.651+0530][gc,mmu        ] GC(24) MMU target violated: 21.0ms (20.0ms/21.0ms)
[2019-12-12T12:23:54.651+0530][gc,phases     ] GC(24)   Pre Evacuate Collection Set: 0.1ms
[2019-12-12T12:23:54.651+0530][gc,phases     ] GC(24)   Evacuate Collection Set: 23.0ms
[2019-12-12T12:23:54.651+0530][gc,phases     ] GC(24)   Post Evacuate Collection Set: 0.6ms
[2019-12-12T12:23:54.651+0530][gc,phases     ] GC(24)   Other: 0.6ms
[2019-12-12T12:23:54.651+0530][gc,heap       ] GC(24) Eden regions: 47->0(47)
[2019-12-12T12:23:54.651+0530][gc,heap       ] GC(24) Survivor regions: 4->4(7)
[2019-12-12T12:23:54.651+0530][gc,heap       ] GC(24) Old regions: 15->15
[2019-12-12T12:23:54.651+0530][gc,heap       ] GC(24) Humongous regions: 129->129
[2019-12-12T12:23:54.651+0530][gc,metaspace  ] GC(24) Metaspace: 37579K->37579K(1083392K)
[2019-12-12T12:23:54.651+0530][gc            ] GC(24) Pause Young (Normal) (G1 Evacuation Pause) 192M->145M(1024M) 24.437ms
[2019-12-12T12:23:54.651+0530][gc,cpu        ] GC(24) User=0.07s Sys=0.00s Real=0.03s
[2019-12-12T12:32:20.053+0530][gc,start      ] GC(25) Pause Young (Normal) (G1 Evacuation Pause)
[2019-12-12T12:32:20.072+0530][gc,task       ] GC(25) Using 4 workers of 4 for evacuation
[2019-12-12T12:32:20.082+0530][gc,phases     ] GC(25)   Pre Evacuate Collection Set: 0.1ms
[2019-12-12T12:32:20.082+0530][gc,phases     ] GC(25)   Evacuate Collection Set: 9.0ms
[2019-12-12T12:32:20.082+0530][gc,phases     ] GC(25)   Post Evacuate Collection Set: 0.6ms
[2019-12-12T12:32:20.082+0530][gc,phases     ] GC(25)   Other: 19.3ms
[2019-12-12T12:32:20.082+0530][gc,heap       ] GC(25) Eden regions: 47->0(47)
[2019-12-12T12:32:20.082+0530][gc,heap       ] GC(25) Survivor regions: 4->4(7)
[2019-12-12T12:32:20.082+0530][gc,heap       ] GC(25) Old regions: 15->15
[2019-12-12T12:32:20.082+0530][gc,heap       ] GC(25) Humongous regions: 129->129
[2019-12-12T12:32:20.082+0530][gc,metaspace  ] GC(25) Metaspace: 37582K->37582K(1083392K)
[2019-12-12T12:32:20.082+0530][gc            ] GC(25) Pause Young (Normal) (G1 Evacuation Pause) 192M->145M(1024M) 29.048ms
[2019-12-12T12:32:20.082+0530][gc,cpu        ] GC(25) User=0.04s Sys=0.00s Real=0.03s
[2019-12-12T12:40:07.898+0530][gc,start      ] GC(26) Pause Young (Normal) (G1 Evacuation Pause)
[2019-12-12T12:40:07.946+0530][gc,task       ] GC(26) Using 4 workers of 4 for evacuation
[2019-12-12T12:40:07.986+0530][gc,mmu        ] GC(26) MMU target violated: 21.0ms (20.0ms/21.0ms)
[2019-12-12T12:40:07.986+0530][gc,phases     ] GC(26)   Pre Evacuate Collection Set: 0.0ms
[2019-12-12T12:40:07.986+0530][gc,phases     ] GC(26)   Evacuate Collection Set: 32.4ms
[2019-12-12T12:40:07.987+0530][gc,phases     ] GC(26)   Post Evacuate Collection Set: 8.0ms
[2019-12-12T12:40:07.987+0530][gc,phases     ] GC(26)   Other: 47.8ms
[2019-12-12T12:40:07.987+0530][gc,heap       ] GC(26) Eden regions: 47->0(47)
[2019-12-12T12:40:07.987+0530][gc,heap       ] GC(26) Survivor regions: 4->4(7)
[2019-12-12T12:40:07.987+0530][gc,heap       ] GC(26) Old regions: 15->15
[2019-12-12T12:40:07.987+0530][gc,heap       ] GC(26) Humongous regions: 129->129
[2019-12-12T12:40:07.987+0530][gc,metaspace  ] GC(26) Metaspace: 37604K->37604K(1083392K)
[2019-12-12T12:40:07.987+0530][gc            ] GC(26) Pause Young (Normal) (G1 Evacuation Pause) 192M->145M(1024M) 88.459ms
[2019-12-12T12:40:07.987+0530][gc,cpu        ] GC(26) User=0.05s Sys=0.00s Real=0.09s
[2019-12-12T12:48:41.384+0530][gc,start      ] GC(27) Pause Young (Normal) (G1 Evacuation Pause)
[2019-12-12T12:48:41.424+0530][gc,task       ] GC(27) Using 4 workers of 4 for evacuation
[2019-12-12T12:48:41.434+0530][gc,phases     ] GC(27)   Pre Evacuate Collection Set: 0.1ms
[2019-12-12T12:48:41.434+0530][gc,phases     ] GC(27)   Evacuate Collection Set: 9.1ms
[2019-12-12T12:48:41.434+0530][gc,phases     ] GC(27)   Post Evacuate Collection Set: 1.0ms
[2019-12-12T12:48:41.434+0530][gc,phases     ] GC(27)   Other: 39.9ms
[2019-12-12T12:48:41.434+0530][gc,heap       ] GC(27) Eden regions: 47->0(48)
[2019-12-12T12:48:41.434+0530][gc,heap       ] GC(27) Survivor regions: 4->3(7)
[2019-12-12T12:48:41.434+0530][gc,heap       ] GC(27) Old regions: 15->15
[2019-12-12T12:48:41.434+0530][gc,heap       ] GC(27) Humongous regions: 129->129
[2019-12-12T12:48:41.435+0530][gc,metaspace  ] GC(27) Metaspace: 37612K->37612K(1083392K)
[2019-12-12T12:48:41.450+0530][gc            ] GC(27) Pause Young (Normal) (G1 Evacuation Pause) 192M->145M(1024M) 61.632ms
[2019-12-12T12:48:41.450+0530][gc,cpu        ] GC(27) User=0.03s Sys=0.00s Real=0.07s
[2019-12-12T12:57:14.632+0530][gc,start      ] GC(28) Pause Young (Normal) (G1 Evacuation Pause)
[2019-12-12T12:57:14.640+0530][gc,task       ] GC(28) Using 4 workers of 4 for evacuation
[2019-12-12T12:57:14.667+0530][gc,mmu        ] GC(28) MMU target violated: 21.0ms (20.0ms/21.0ms)
[2019-12-12T12:57:14.667+0530][gc,phases     ] GC(28)   Pre Evacuate Collection Set: 0.0ms
[2019-12-12T12:57:14.667+0530][gc,phases     ] GC(28)   Evacuate Collection Set: 23.9ms
[2019-12-12T12:57:14.667+0530][gc,phases     ] GC(28)   Post Evacuate Collection Set: 3.1ms
[2019-12-12T12:57:14.667+0530][gc,phases     ] GC(28)   Other: 8.4ms
[2019-12-12T12:57:14.667+0530][gc,heap       ] GC(28) Eden regions: 48->0(48)
[2019-12-12T12:57:14.667+0530][gc,heap       ] GC(28) Survivor regions: 3->3(7)
[2019-12-12T12:57:14.667+0530][gc,heap       ] GC(28) Old regions: 15->15
[2019-12-12T12:57:14.667+0530][gc,heap       ] GC(28) Humongous regions: 129->129
[2019-12-12T12:57:14.667+0530][gc,metaspace  ] GC(28) Metaspace: 37614K->37614K(1083392K)
[2019-12-12T12:57:14.667+0530][gc            ] GC(28) Pause Young (Normal) (G1 Evacuation Pause) 193M->145M(1024M) 35.508ms
[2019-12-12T12:57:14.667+0530][gc,cpu        ] GC(28) User=0.07s Sys=0.00s Real=0.04s
[2019-12-12T13:05:54.624+0530][gc,start      ] GC(29) Pause Young (Normal) (G1 Evacuation Pause)
[2019-12-12T13:05:54.666+0530][gc,task       ] GC(29) Using 4 workers of 4 for evacuation
[2019-12-12T13:05:54.793+0530][gc,mmu        ] GC(29) MMU target violated: 21.0ms (20.0ms/21.0ms)
[2019-12-12T13:05:54.793+0530][gc,phases     ] GC(29)   Pre Evacuate Collection Set: 0.3ms
[2019-12-12T13:05:54.794+0530][gc,phases     ] GC(29)   Evacuate Collection Set: 103.5ms
[2019-12-12T13:05:54.794+0530][gc,phases     ] GC(29)   Post Evacuate Collection Set: 23.4ms
[2019-12-12T13:05:54.794+0530][gc,phases     ] GC(29)   Other: 42.4ms
[2019-12-12T13:05:54.897+0530][gc,heap       ] GC(29) Eden regions: 48->0(47)
[2019-12-12T13:05:54.897+0530][gc,heap       ] GC(29) Survivor regions: 3->4(7)
[2019-12-12T13:05:54.897+0530][gc,heap       ] GC(29) Old regions: 15->15
[2019-12-12T13:05:54.897+0530][gc,heap       ] GC(29) Humongous regions: 129->129
[2019-12-12T13:05:54.897+0530][gc,metaspace  ] GC(29) Metaspace: 37619K->37619K(1083392K)
[2019-12-12T13:05:54.998+0530][gc            ] GC(29) Pause Young (Normal) (G1 Evacuation Pause) 193M->145M(1024M) 273.458ms
[2019-12-12T13:05:54.998+0530][gc,cpu        ] GC(29) User=0.05s Sys=0.00s Real=0.37s
[2019-12-12T13:14:20.885+0530][gc,start      ] GC(30) Pause Young (Normal) (G1 Evacuation Pause)
[2019-12-12T13:14:20.910+0530][gc,task       ] GC(30) Using 4 workers of 4 for evacuation
[2019-12-12T13:14:20.962+0530][gc,mmu        ] GC(30) MMU target violated: 21.0ms (20.0ms/21.0ms)
[2019-12-12T13:14:20.962+0530][gc,phases     ] GC(30)   Pre Evacuate Collection Set: 0.1ms
[2019-12-12T13:14:20.962+0530][gc,phases     ] GC(30)   Evacuate Collection Set: 40.0ms
[2019-12-12T13:14:20.962+0530][gc,phases     ] GC(30)   Post Evacuate Collection Set: 6.3ms
[2019-12-12T13:14:20.962+0530][gc,phases     ] GC(30)   Other: 30.6ms
[2019-12-12T13:14:20.962+0530][gc,heap       ] GC(30) Eden regions: 47->0(47)
[2019-12-12T13:14:20.962+0530][gc,heap       ] GC(30) Survivor regions: 4->4(7)
[2019-12-12T13:14:20.962+0530][gc,heap       ] GC(30) Old regions: 15->15
[2019-12-12T13:14:20.962+0530][gc,heap       ] GC(30) Humongous regions: 129->129
[2019-12-12T13:14:20.962+0530][gc,metaspace  ] GC(30) Metaspace: 37621K->37621K(1083392K)
[2019-12-12T13:14:20.962+0530][gc            ] GC(30) Pause Young (Normal) (G1 Evacuation Pause) 192M->145M(1024M) 77.006ms
[2019-12-12T13:14:20.962+0530][gc,cpu        ] GC(30) User=0.10s Sys=0.00s Real=0.08s
[2019-12-12T13:22:47.601+0530][gc,start      ] GC(31) Pause Young (Normal) (G1 Evacuation Pause)
[2019-12-12T13:22:47.634+0530][gc,task       ] GC(31) Using 4 workers of 4 for evacuation
[2019-12-12T13:22:47.703+0530][gc,mmu        ] GC(31) MMU target violated: 21.0ms (20.0ms/21.0ms)
[2019-12-12T13:22:47.703+0530][gc,phases     ] GC(31)   Pre Evacuate Collection Set: 0.0ms
[2019-12-12T13:22:47.703+0530][gc,phases     ] GC(31)   Evacuate Collection Set: 68.3ms
[2019-12-12T13:22:47.703+0530][gc,phases     ] GC(31)   Post Evacuate Collection Set: 0.5ms
[2019-12-12T13:22:47.703+0530][gc,phases     ] GC(31)   Other: 33.3ms
[2019-12-12T13:22:47.703+0530][gc,heap       ] GC(31) Eden regions: 47->0(47)
[2019-12-12T13:22:47.703+0530][gc,heap       ] GC(31) Survivor regions: 4->4(7)
[2019-12-12T13:22:47.703+0530][gc,heap       ] GC(31) Old regions: 15->15
[2019-12-12T13:22:47.703+0530][gc,heap       ] GC(31) Humongous regions: 129->129
[2019-12-12T13:22:47.703+0530][gc,metaspace  ] GC(31) Metaspace: 37623K->37623K(1083392K)
[2019-12-12T13:22:47.703+0530][gc            ] GC(31) Pause Young (Normal) (G1 Evacuation Pause) 192M->145M(1024M) 102.175ms
[2019-12-12T13:22:47.703+0530][gc,cpu        ] GC(31) User=0.18s Sys=0.00s Real=0.10s
[2019-12-12T13:31:16.557+0530][gc,start      ] GC(32) Pause Young (Normal) (G1 Evacuation Pause)
[2019-12-12T13:31:16.579+0530][gc,task       ] GC(32) Using 4 workers of 4 for evacuation
[2019-12-12T13:31:16.614+0530][gc,mmu        ] GC(32) MMU target violated: 21.0ms (20.0ms/21.0ms)
[2019-12-12T13:31:16.614+0530][gc,phases     ] GC(32)   Pre Evacuate Collection Set: 0.0ms
[2019-12-12T13:31:16.614+0530][gc,phases     ] GC(32)   Evacuate Collection Set: 26.5ms
[2019-12-12T13:31:16.614+0530][gc,phases     ] GC(32)   Post Evacuate Collection Set: 0.5ms
[2019-12-12T13:31:16.614+0530][gc,phases     ] GC(32)   Other: 30.2ms
[2019-12-12T13:31:16.614+0530][gc,heap       ] GC(32) Eden regions: 47->0(47)
[2019-12-12T13:31:16.614+0530][gc,heap       ] GC(32) Survivor regions: 4->4(7)
[2019-12-12T13:31:16.614+0530][gc,heap       ] GC(32) Old regions: 15->15
[2019-12-12T13:31:16.614+0530][gc,heap       ] GC(32) Humongous regions: 129->129
[2019-12-12T13:31:16.614+0530][gc,metaspace  ] GC(32) Metaspace: 37623K->37623K(1083392K)
[2019-12-12T13:31:16.614+0530][gc            ] GC(32) Pause Young (Normal) (G1 Evacuation Pause) 192M->145M(1024M) 57.285ms
[2019-12-12T13:31:16.614+0530][gc,cpu        ] GC(32) User=0.09s Sys=0.00s Real=0.06s
[2019-12-12T13:39:05.756+0530][gc,start      ] GC(33) Pause Young (Normal) (G1 Evacuation Pause)
[2019-12-12T13:39:05.780+0530][gc,task       ] GC(33) Using 4 workers of 4 for evacuation
[2019-12-12T13:39:05.876+0530][gc,mmu        ] GC(33) MMU target violated: 21.0ms (20.0ms/21.0ms)
[2019-12-12T13:39:05.876+0530][gc,phases     ] GC(33)   Pre Evacuate Collection Set: 0.0ms
[2019-12-12T13:39:05.876+0530][gc,phases     ] GC(33)   Evacuate Collection Set: 79.6ms
[2019-12-12T13:39:05.876+0530][gc,phases     ] GC(33)   Post Evacuate Collection Set: 16.5ms
[2019-12-12T13:39:05.876+0530][gc,phases     ] GC(33)   Other: 24.5ms
[2019-12-12T13:39:05.876+0530][gc,heap       ] GC(33) Eden regions: 47->0(48)
[2019-12-12T13:39:05.876+0530][gc,heap       ] GC(33) Survivor regions: 4->3(7)
[2019-12-12T13:39:05.876+0530][gc,heap       ] GC(33) Old regions: 15->15
[2019-12-12T13:39:05.876+0530][gc,heap       ] GC(33) Humongous regions: 129->129
[2019-12-12T13:39:05.876+0530][gc,metaspace  ] GC(33) Metaspace: 37624K->37624K(1083392K)
[2019-12-12T13:39:05.876+0530][gc            ] GC(33) Pause Young (Normal) (G1 Evacuation Pause) 192M->145M(1024M) 120.482ms
[2019-12-12T13:39:05.876+0530][gc,cpu        ] GC(33) User=0.10s Sys=0.00s Real=0.12s
[2019-12-12T13:47:41.167+0530][gc,start      ] GC(34) Pause Young (Normal) (G1 Evacuation Pause)
[2019-12-12T13:47:41.230+0530][gc,task       ] GC(34) Using 4 workers of 4 for evacuation
[2019-12-12T13:47:41.396+0530][gc,mmu        ] GC(34) MMU target violated: 21.0ms (20.0ms/21.0ms)
[2019-12-12T13:47:41.396+0530][gc,phases     ] GC(34)   Pre Evacuate Collection Set: 0.0ms
[2019-12-12T13:47:41.396+0530][gc,phases     ] GC(34)   Evacuate Collection Set: 80.3ms
[2019-12-12T13:47:41.396+0530][gc,phases     ] GC(34)   Post Evacuate Collection Set: 27.8ms
[2019-12-12T13:47:41.397+0530][gc,phases     ] GC(34)   Other: 140.4ms
[2019-12-12T13:47:41.397+0530][gc,heap       ] GC(34) Eden regions: 48->0(48)
[2019-12-12T13:47:41.397+0530][gc,heap       ] GC(34) Survivor regions: 3->3(7)
[2019-12-12T13:47:41.397+0530][gc,heap       ] GC(34) Old regions: 15->15
[2019-12-12T13:47:41.397+0530][gc,heap       ] GC(34) Humongous regions: 129->129
[2019-12-12T13:47:41.397+0530][gc,metaspace  ] GC(34) Metaspace: 37626K->37626K(1083392K)
[2019-12-12T13:47:41.397+0530][gc            ] GC(34) Pause Young (Normal) (G1 Evacuation Pause) 193M->145M(1024M) 245.004ms
[2019-12-12T13:47:41.397+0530][gc,cpu        ] GC(34) User=0.02s Sys=0.00s Real=0.24s
[2019-12-12T13:56:20.944+0530][gc,start      ] GC(35) Pause Young (Normal) (G1 Evacuation Pause)
[2019-12-12T13:56:20.957+0530][gc,task       ] GC(35) Using 4 workers of 4 for evacuation
[2019-12-12T13:56:21.003+0530][gc,mmu        ] GC(35) MMU target violated: 21.0ms (20.0ms/21.0ms)
[2019-12-12T13:56:21.003+0530][gc,phases     ] GC(35)   Pre Evacuate Collection Set: 0.0ms
[2019-12-12T13:56:21.003+0530][gc,phases     ] GC(35)   Evacuate Collection Set: 45.6ms
[2019-12-12T13:56:21.003+0530][gc,phases     ] GC(35)   Post Evacuate Collection Set: 0.5ms
[2019-12-12T13:56:21.003+0530][gc,phases     ] GC(35)   Other: 12.8ms
[2019-12-12T13:56:21.003+0530][gc,heap       ] GC(35) Eden regions: 48->0(47)
[2019-12-12T13:56:21.003+0530][gc,heap       ] GC(35) Survivor regions: 3->4(7)
[2019-12-12T13:56:21.003+0530][gc,heap       ] GC(35) Old regions: 15->15
[2019-12-12T13:56:21.003+0530][gc,heap       ] GC(35) Humongous regions: 129->129
[2019-12-12T13:56:21.003+0530][gc,metaspace  ] GC(35) Metaspace: 37643K->37643K(1083392K)
[2019-12-12T13:56:21.003+0530][gc            ] GC(35) Pause Young (Normal) (G1 Evacuation Pause) 193M->145M(1024M) 58.959ms
[2019-12-12T13:56:21.003+0530][gc,cpu        ] GC(35) User=0.09s Sys=0.00s Real=0.06s
[2019-12-12T14:04:49.050+0530][gc,start      ] GC(36) Pause Young (Normal) (G1 Evacuation Pause)
[2019-12-12T14:04:49.074+0530][gc,task       ] GC(36) Using 4 workers of 4 for evacuation
[2019-12-12T14:04:49.146+0530][gc,mmu        ] GC(36) MMU target violated: 21.0ms (20.0ms/21.0ms)
[2019-12-12T14:04:49.146+0530][gc,phases     ] GC(36)   Pre Evacuate Collection Set: 0.1ms
[2019-12-12T14:04:49.146+0530][gc,phases     ] GC(36)   Evacuate Collection Set: 71.4ms
[2019-12-12T14:04:49.146+0530][gc,phases     ] GC(36)   Post Evacuate Collection Set: 0.4ms
[2019-12-12T14:04:49.146+0530][gc,phases     ] GC(36)   Other: 24.8ms
[2019-12-12T14:04:49.146+0530][gc,heap       ] GC(36) Eden regions: 47->0(47)
[2019-12-12T14:04:49.146+0530][gc,heap       ] GC(36) Survivor regions: 4->4(7)
[2019-12-12T14:04:49.146+0530][gc,heap       ] GC(36) Old regions: 15->15
[2019-12-12T14:04:49.146+0530][gc,heap       ] GC(36) Humongous regions: 129->129
[2019-12-12T14:04:49.146+0530][gc,metaspace  ] GC(36) Metaspace: 37643K->37643K(1083392K)
[2019-12-12T14:04:49.146+0530][gc            ] GC(36) Pause Young (Normal) (G1 Evacuation Pause) 192M->145M(1024M) 96.660ms
[2019-12-12T14:04:49.146+0530][gc,cpu        ] GC(36) User=0.02s Sys=0.00s Real=0.09s
[2019-12-12T14:13:16.200+0530][gc,start      ] GC(37) Pause Young (Normal) (G1 Evacuation Pause)
[2019-12-12T14:13:16.225+0530][gc,task       ] GC(37) Using 4 workers of 4 for evacuation
[2019-12-12T14:13:16.246+0530][gc,mmu        ] GC(37) MMU target violated: 21.0ms (20.0ms/21.0ms)
[2019-12-12T14:13:16.246+0530][gc,phases     ] GC(37)   Pre Evacuate Collection Set: 0.0ms
[2019-12-12T14:13:16.246+0530][gc,phases     ] GC(37)   Evacuate Collection Set: 21.0ms
[2019-12-12T14:13:16.246+0530][gc,phases     ] GC(37)   Post Evacuate Collection Set: 0.3ms
[2019-12-12T14:13:16.246+0530][gc,phases     ] GC(37)   Other: 24.7ms
[2019-12-12T14:13:16.246+0530][gc,heap       ] GC(37) Eden regions: 47->0(48)
[2019-12-12T14:13:16.246+0530][gc,heap       ] GC(37) Survivor regions: 4->3(7)
[2019-12-12T14:13:16.246+0530][gc,heap       ] GC(37) Old regions: 15->15
[2019-12-12T14:13:16.246+0530][gc,heap       ] GC(37) Humongous regions: 129->129
[2019-12-12T14:13:16.246+0530][gc,metaspace  ] GC(37) Metaspace: 37645K->37645K(1083392K)
[2019-12-12T14:13:16.246+0530][gc            ] GC(37) Pause Young (Normal) (G1 Evacuation Pause) 192M->145M(1024M) 46.001ms
[2019-12-12T14:13:16.246+0530][gc,cpu        ] GC(37) User=0.06s Sys=0.00s Real=0.04s
[2019-12-12T14:21:56.634+0530][gc,start      ] GC(38) Pause Young (Normal) (G1 Evacuation Pause)
[2019-12-12T14:21:56.671+0530][gc,task       ] GC(38) Using 4 workers of 4 for evacuation
[2019-12-12T14:21:56.711+0530][gc,mmu        ] GC(38) MMU target violated: 21.0ms (20.0ms/21.0ms)
[2019-12-12T14:21:56.711+0530][gc,phases     ] GC(38)   Pre Evacuate Collection Set: 0.1ms
[2019-12-12T14:21:56.711+0530][gc,phases     ] GC(38)   Evacuate Collection Set: 38.6ms
[2019-12-12T14:21:56.711+0530][gc,phases     ] GC(38)   Post Evacuate Collection Set: 0.4ms
[2019-12-12T14:21:56.711+0530][gc,phases     ] GC(38)   Other: 37.8ms
[2019-12-12T14:21:56.711+0530][gc,heap       ] GC(38) Eden regions: 48->0(48)
[2019-12-12T14:21:56.711+0530][gc,heap       ] GC(38) Survivor regions: 3->3(7)
[2019-12-12T14:21:56.711+0530][gc,heap       ] GC(38) Old regions: 15->15
[2019-12-12T14:21:56.711+0530][gc,heap       ] GC(38) Humongous regions: 129->129
[2019-12-12T14:21:56.711+0530][gc,metaspace  ] GC(38) Metaspace: 37647K->37647K(1083392K)
[2019-12-12T14:21:56.744+0530][gc            ] GC(38) Pause Young (Normal) (G1 Evacuation Pause) 193M->145M(1024M) 110.430ms
[2019-12-12T14:21:56.744+0530][gc,cpu        ] GC(38) User=0.05s Sys=0.00s Real=0.11s
[2019-12-12T14:30:37.061+0530][gc,start      ] GC(39) Pause Young (Normal) (G1 Evacuation Pause)
[2019-12-12T14:30:37.089+0530][gc,task       ] GC(39) Using 4 workers of 4 for evacuation
[2019-12-12T14:30:37.110+0530][gc,mmu        ] GC(39) MMU target violated: 20.8ms (20.0ms/21.0ms)
[2019-12-12T14:30:37.110+0530][gc,phases     ] GC(39)   Pre Evacuate Collection Set: 0.0ms
[2019-12-12T14:30:37.110+0530][gc,phases     ] GC(39)   Evacuate Collection Set: 20.2ms
[2019-12-12T14:30:37.110+0530][gc,phases     ] GC(39)   Post Evacuate Collection Set: 0.4ms
[2019-12-12T14:30:37.110+0530][gc,phases     ] GC(39)   Other: 27.7ms
[2019-12-12T14:30:37.110+0530][gc,heap       ] GC(39) Eden regions: 48->0(47)
[2019-12-12T14:30:37.110+0530][gc,heap       ] GC(39) Survivor regions: 3->4(7)
[2019-12-12T14:30:37.110+0530][gc,heap       ] GC(39) Old regions: 15->15
[2019-12-12T14:30:37.110+0530][gc,heap       ] GC(39) Humongous regions: 129->129
[2019-12-12T14:30:37.110+0530][gc,metaspace  ] GC(39) Metaspace: 37650K->37650K(1083392K)
[2019-12-12T14:30:37.110+0530][gc            ] GC(39) Pause Young (Normal) (G1 Evacuation Pause) 193M->145M(1024M) 48.527ms
[2019-12-12T14:30:37.110+0530][gc,cpu        ] GC(39) User=0.02s Sys=0.00s Real=0.05s
[2019-12-12T14:38:27.095+0530][gc,start      ] GC(40) Pause Young (Normal) (G1 Evacuation Pause)
[2019-12-12T14:38:27.143+0530][gc,task       ] GC(40) Using 4 workers of 4 for evacuation
[2019-12-12T14:38:27.285+0530][gc,mmu        ] GC(40) MMU target violated: 21.0ms (20.0ms/21.0ms)
[2019-12-12T14:38:27.299+0530][gc,phases     ] GC(40)   Pre Evacuate Collection Set: 0.3ms
[2019-12-12T14:38:27.299+0530][gc,phases     ] GC(40)   Evacuate Collection Set: 80.6ms
[2019-12-12T14:38:27.299+0530][gc,phases     ] GC(40)   Post Evacuate Collection Set: 37.6ms
[2019-12-12T14:38:27.299+0530][gc,phases     ] GC(40)   Other: 101.0ms
[2019-12-12T14:38:27.309+0530][gc,heap       ] GC(40) Eden regions: 47->0(48)
[2019-12-12T14:38:27.309+0530][gc,heap       ] GC(40) Survivor regions: 4->3(7)
[2019-12-12T14:38:27.309+0530][gc,heap       ] GC(40) Old regions: 15->15
[2019-12-12T14:38:27.309+0530][gc,heap       ] GC(40) Humongous regions: 129->129
[2019-12-12T14:38:27.309+0530][gc,metaspace  ] GC(40) Metaspace: 37651K->37651K(1083392K)
[2019-12-12T14:38:27.310+0530][gc            ] GC(40) Pause Young (Normal) (G1 Evacuation Pause) 192M->145M(1024M) 214.064ms
[2019-12-12T14:38:27.310+0530][gc,cpu        ] GC(40) User=0.07s Sys=0.01s Real=0.22s
[2019-12-12T14:47:07.566+0530][gc,start      ] GC(41) Pause Young (Normal) (G1 Evacuation Pause)
[2019-12-12T14:47:07.597+0530][gc,task       ] GC(41) Using 4 workers of 4 for evacuation
[2019-12-12T14:47:07.655+0530][gc,mmu        ] GC(41) MMU target violated: 21.0ms (20.0ms/21.0ms)
[2019-12-12T14:47:07.655+0530][gc,phases     ] GC(41)   Pre Evacuate Collection Set: 0.0ms
[2019-12-12T14:47:07.655+0530][gc,phases     ] GC(41)   Evacuate Collection Set: 57.5ms
[2019-12-12T14:47:07.655+0530][gc,phases     ] GC(41)   Post Evacuate Collection Set: 0.4ms
[2019-12-12T14:47:07.655+0530][gc,phases     ] GC(41)   Other: 30.9ms
[2019-12-12T14:47:07.655+0530][gc,heap       ] GC(41) Eden regions: 48->0(48)
[2019-12-12T14:47:07.655+0530][gc,heap       ] GC(41) Survivor regions: 3->3(7)
[2019-12-12T14:47:07.655+0530][gc,heap       ] GC(41) Old regions: 15->15
[2019-12-12T14:47:07.655+0530][gc,heap       ] GC(41) Humongous regions: 129->129
[2019-12-12T14:47:07.655+0530][gc,metaspace  ] GC(41) Metaspace: 37660K->37660K(1083392K)
[2019-12-12T14:47:07.655+0530][gc            ] GC(41) Pause Young (Normal) (G1 Evacuation Pause) 193M->145M(1024M) 88.972ms
[2019-12-12T14:47:07.655+0530][gc,cpu        ] GC(41) User=0.06s Sys=0.00s Real=0.09s
[2019-12-12T14:55:52.744+0530][gc,start      ] GC(42) Pause Young (Normal) (G1 Evacuation Pause)
[2019-12-12T14:55:52.781+0530][gc,task       ] GC(42) Using 4 workers of 4 for evacuation
[2019-12-12T14:55:52.851+0530][gc,mmu        ] GC(42) MMU target violated: 21.0ms (20.0ms/21.0ms)
[2019-12-12T14:55:52.871+0530][gc,phases     ] GC(42)   Pre Evacuate Collection Set: 0.1ms
[2019-12-12T14:55:52.871+0530][gc,phases     ] GC(42)   Evacuate Collection Set: 68.5ms
[2019-12-12T14:55:52.871+0530][gc,phases     ] GC(42)   Post Evacuate Collection Set: 0.4ms
[2019-12-12T14:55:52.871+0530][gc,phases     ] GC(42)   Other: 55.7ms
[2019-12-12T14:55:52.871+0530][gc,heap       ] GC(42) Eden regions: 48->0(48)
[2019-12-12T14:55:52.871+0530][gc,heap       ] GC(42) Survivor regions: 3->3(7)
[2019-12-12T14:55:52.871+0530][gc,heap       ] GC(42) Old regions: 15->15
[2019-12-12T14:55:52.871+0530][gc,heap       ] GC(42) Humongous regions: 129->129
[2019-12-12T14:55:52.871+0530][gc,metaspace  ] GC(42) Metaspace: 37677K->37677K(1083392K)
[2019-12-12T14:55:52.871+0530][gc            ] GC(42) Pause Young (Normal) (G1 Evacuation Pause) 193M->145M(1024M) 135.181ms
[2019-12-12T14:55:52.871+0530][gc,cpu        ] GC(42) User=0.01s Sys=0.01s Real=0.14s
[2019-12-12T15:04:33.255+0530][gc,start      ] GC(43) Pause Young (Normal) (G1 Evacuation Pause)
[2019-12-12T15:04:33.255+0530][gc,task       ] GC(43) Using 4 workers of 4 for evacuation
[2019-12-12T15:04:33.296+0530][gc,mmu        ] GC(43) MMU target violated: 21.0ms (20.0ms/21.0ms)
[2019-12-12T15:04:33.296+0530][gc,phases     ] GC(43)   Pre Evacuate Collection Set: 0.1ms
[2019-12-12T15:04:33.296+0530][gc,phases     ] GC(43)   Evacuate Collection Set: 39.9ms
[2019-12-12T15:04:33.296+0530][gc,phases     ] GC(43)   Post Evacuate Collection Set: 0.5ms
[2019-12-12T15:04:33.296+0530][gc,phases     ] GC(43)   Other: 0.5ms
[2019-12-12T15:04:33.296+0530][gc,heap       ] GC(43) Eden regions: 48->0(47)
[2019-12-12T15:04:33.296+0530][gc,heap       ] GC(43) Survivor regions: 3->4(7)
[2019-12-12T15:04:33.296+0530][gc,heap       ] GC(43) Old regions: 15->15
[2019-12-12T15:04:33.296+0530][gc,heap       ] GC(43) Humongous regions: 129->129
[2019-12-12T15:04:33.296+0530][gc,metaspace  ] GC(43) Metaspace: 37678K->37678K(1083392K)
[2019-12-12T15:04:33.296+0530][gc            ] GC(43) Pause Young (Normal) (G1 Evacuation Pause) 193M->145M(1024M) 40.988ms
[2019-12-12T15:04:33.296+0530][gc,cpu        ] GC(43) User=0.03s Sys=0.00s Real=0.04s
[2019-12-12T15:13:02.803+0530][gc,start      ] GC(44) Pause Young (Normal) (G1 Evacuation Pause)
[2019-12-12T15:13:02.821+0530][gc,task       ] GC(44) Using 4 workers of 4 for evacuation
[2019-12-12T15:13:02.826+0530][gc,phases     ] GC(44)   Pre Evacuate Collection Set: 0.0ms
[2019-12-12T15:13:02.826+0530][gc,phases     ] GC(44)   Evacuate Collection Set: 4.5ms
[2019-12-12T15:13:02.826+0530][gc,phases     ] GC(44)   Post Evacuate Collection Set: 0.5ms
[2019-12-12T15:13:02.826+0530][gc,phases     ] GC(44)   Other: 18.8ms
[2019-12-12T15:13:02.826+0530][gc,heap       ] GC(44) Eden regions: 47->0(47)
[2019-12-12T15:13:02.826+0530][gc,heap       ] GC(44) Survivor regions: 4->4(7)
[2019-12-12T15:13:02.826+0530][gc,heap       ] GC(44) Old regions: 15->15
[2019-12-12T15:13:02.826+0530][gc,heap       ] GC(44) Humongous regions: 129->129
[2019-12-12T15:13:02.826+0530][gc,metaspace  ] GC(44) Metaspace: 37679K->37679K(1083392K)
[2019-12-12T15:13:02.826+0530][gc            ] GC(44) Pause Young (Normal) (G1 Evacuation Pause) 192M->145M(1024M) 23.836ms
[2019-12-12T15:13:02.826+0530][gc,cpu        ] GC(44) User=0.01s Sys=0.00s Real=0.02s
[2019-12-12T15:21:30.865+0530][gc,start      ] GC(45) Pause Young (Normal) (G1 Evacuation Pause)
[2019-12-12T15:21:30.865+0530][gc,task       ] GC(45) Using 4 workers of 4 for evacuation
[2019-12-12T15:21:30.909+0530][gc,mmu        ] GC(45) MMU target violated: 21.0ms (20.0ms/21.0ms)
[2019-12-12T15:21:30.909+0530][gc,phases     ] GC(45)   Pre Evacuate Collection Set: 0.1ms
[2019-12-12T15:21:30.909+0530][gc,phases     ] GC(45)   Evacuate Collection Set: 42.9ms
[2019-12-12T15:21:30.909+0530][gc,phases     ] GC(45)   Post Evacuate Collection Set: 0.5ms
[2019-12-12T15:21:30.909+0530][gc,phases     ] GC(45)   Other: 0.7ms
[2019-12-12T15:21:30.909+0530][gc,heap       ] GC(45) Eden regions: 47->0(47)
[2019-12-12T15:21:30.909+0530][gc,heap       ] GC(45) Survivor regions: 4->4(7)
[2019-12-12T15:21:30.909+0530][gc,heap       ] GC(45) Old regions: 15->15
[2019-12-12T15:21:30.909+0530][gc,heap       ] GC(45) Humongous regions: 129->129
[2019-12-12T15:21:30.909+0530][gc,metaspace  ] GC(45) Metaspace: 37681K->37681K(1083392K)
[2019-12-12T15:21:30.909+0530][gc            ] GC(45) Pause Young (Normal) (G1 Evacuation Pause) 192M->146M(1024M) 44.226ms
[2019-12-12T15:21:30.909+0530][gc,cpu        ] GC(45) User=0.03s Sys=0.00s Real=0.05s
[2019-12-12T15:29:59.604+0530][gc,start      ] GC(46) Pause Young (Normal) (G1 Evacuation Pause)
[2019-12-12T15:29:59.604+0530][gc,task       ] GC(46) Using 4 workers of 4 for evacuation
[2019-12-12T15:29:59.644+0530][gc,mmu        ] GC(46) MMU target violated: 21.0ms (20.0ms/21.0ms)
[2019-12-12T15:29:59.644+0530][gc,phases     ] GC(46)   Pre Evacuate Collection Set: 0.0ms
[2019-12-12T15:29:59.644+0530][gc,phases     ] GC(46)   Evacuate Collection Set: 38.7ms
[2019-12-12T15:29:59.644+0530][gc,phases     ] GC(46)   Post Evacuate Collection Set: 0.3ms
[2019-12-12T15:29:59.644+0530][gc,phases     ] GC(46)   Other: 0.4ms
[2019-12-12T15:29:59.644+0530][gc,heap       ] GC(46) Eden regions: 47->0(47)
[2019-12-12T15:29:59.644+0530][gc,heap       ] GC(46) Survivor regions: 4->4(7)
[2019-12-12T15:29:59.644+0530][gc,heap       ] GC(46) Old regions: 15->16
[2019-12-12T15:29:59.644+0530][gc,heap       ] GC(46) Humongous regions: 129->129
[2019-12-12T15:29:59.644+0530][gc,metaspace  ] GC(46) Metaspace: 37689K->37689K(1083392K)
[2019-12-12T15:29:59.644+0530][gc            ] GC(46) Pause Young (Normal) (G1 Evacuation Pause) 193M->146M(1024M) 39.499ms
[2019-12-12T15:29:59.644+0530][gc,cpu        ] GC(46) User=0.09s Sys=0.00s Real=0.04s
[2019-12-12T15:37:49.241+0530][gc,start      ] GC(47) Pause Young (Normal) (G1 Evacuation Pause)
[2019-12-12T15:37:49.241+0530][gc,task       ] GC(47) Using 4 workers of 4 for evacuation
[2019-12-12T15:37:49.252+0530][gc,phases     ] GC(47)   Pre Evacuate Collection Set: 0.0ms
[2019-12-12T15:37:49.252+0530][gc,phases     ] GC(47)   Evacuate Collection Set: 10.1ms
[2019-12-12T15:37:49.252+0530][gc,phases     ] GC(47)   Post Evacuate Collection Set: 0.4ms
[2019-12-12T15:37:49.252+0530][gc,phases     ] GC(47)   Other: 0.4ms
[2019-12-12T15:37:49.252+0530][gc,heap       ] GC(47) Eden regions: 47->0(47)
[2019-12-12T15:37:49.252+0530][gc,heap       ] GC(47) Survivor regions: 4->4(7)
[2019-12-12T15:37:49.252+0530][gc,heap       ] GC(47) Old regions: 16->16
[2019-12-12T15:37:49.252+0530][gc,heap       ] GC(47) Humongous regions: 129->129
[2019-12-12T15:37:49.252+0530][gc,metaspace  ] GC(47) Metaspace: 37691K->37691K(1083392K)
[2019-12-12T15:37:49.252+0530][gc            ] GC(47) Pause Young (Normal) (G1 Evacuation Pause) 193M->145M(1024M) 10.994ms
[2019-12-12T15:37:49.252+0530][gc,cpu        ] GC(47) User=0.04s Sys=0.00s Real=0.01s
[2019-12-12T15:46:17.660+0530][gc,start      ] GC(48) Pause Young (Normal) (G1 Evacuation Pause)
[2019-12-12T15:46:17.731+0530][gc,task       ] GC(48) Using 4 workers of 4 for evacuation
[2019-12-12T15:46:17.816+0530][gc,mmu        ] GC(48) MMU target violated: 21.0ms (20.0ms/21.0ms)
[2019-12-12T15:46:17.816+0530][gc,phases     ] GC(48)   Pre Evacuate Collection Set: 0.0ms
[2019-12-12T15:46:17.816+0530][gc,phases     ] GC(48)   Evacuate Collection Set: 83.5ms
[2019-12-12T15:46:17.816+0530][gc,phases     ] GC(48)   Post Evacuate Collection Set: 0.6ms
[2019-12-12T15:46:17.816+0530][gc,phases     ] GC(48)   Other: 71.9ms
[2019-12-12T15:46:17.816+0530][gc,heap       ] GC(48) Eden regions: 47->0(47)
[2019-12-12T15:46:17.816+0530][gc,heap       ] GC(48) Survivor regions: 4->4(7)
[2019-12-12T15:46:17.816+0530][gc,heap       ] GC(48) Old regions: 16->16
[2019-12-12T15:46:17.816+0530][gc,heap       ] GC(48) Humongous regions: 129->129
[2019-12-12T15:46:17.816+0530][gc,metaspace  ] GC(48) Metaspace: 37691K->37691K(1083392K)
[2019-12-12T15:46:17.875+0530][gc            ] GC(48) Pause Young (Normal) (G1 Evacuation Pause) 192M->145M(1024M) 156.218ms
[2019-12-12T15:46:17.875+0530][gc,cpu        ] GC(48) User=0.02s Sys=0.00s Real=0.21s
[2019-12-12T15:54:44.604+0530][gc,start      ] GC(49) Pause Young (Normal) (G1 Evacuation Pause)
[2019-12-12T15:54:44.628+0530][gc,task       ] GC(49) Using 4 workers of 4 for evacuation
[2019-12-12T15:54:44.658+0530][gc,mmu        ] GC(49) MMU target violated: 21.0ms (20.0ms/21.0ms)
[2019-12-12T15:54:44.659+0530][gc,phases     ] GC(49)   Pre Evacuate Collection Set: 0.0ms
[2019-12-12T15:54:44.659+0530][gc,phases     ] GC(49)   Evacuate Collection Set: 29.8ms
[2019-12-12T15:54:44.659+0530][gc,phases     ] GC(49)   Post Evacuate Collection Set: 0.4ms
[2019-12-12T15:54:44.659+0530][gc,phases     ] GC(49)   Other: 24.2ms
[2019-12-12T15:54:44.659+0530][gc,heap       ] GC(49) Eden regions: 47->0(47)
[2019-12-12T15:54:44.659+0530][gc,heap       ] GC(49) Survivor regions: 4->4(7)
[2019-12-12T15:54:44.659+0530][gc,heap       ] GC(49) Old regions: 16->16
[2019-12-12T15:54:44.659+0530][gc,heap       ] GC(49) Humongous regions: 129->129
[2019-12-12T15:54:44.659+0530][gc,metaspace  ] GC(49) Metaspace: 37693K->37693K(1083392K)
[2019-12-12T15:54:44.659+0530][gc            ] GC(49) Pause Young (Normal) (G1 Evacuation Pause) 192M->145M(1024M) 54.475ms
[2019-12-12T15:54:44.659+0530][gc,cpu        ] GC(49) User=0.05s Sys=0.01s Real=0.05s
[2019-12-12T16:03:13.851+0530][gc,start      ] GC(50) Pause Young (Normal) (G1 Evacuation Pause)
[2019-12-12T16:03:13.882+0530][gc,task       ] GC(50) Using 4 workers of 4 for evacuation
[2019-12-12T16:03:13.900+0530][gc,phases     ] GC(50)   Pre Evacuate Collection Set: 0.3ms
[2019-12-12T16:03:13.900+0530][gc,phases     ] GC(50)   Evacuate Collection Set: 16.5ms
[2019-12-12T16:03:13.900+0530][gc,phases     ] GC(50)   Post Evacuate Collection Set: 0.4ms
[2019-12-12T16:03:13.900+0530][gc,phases     ] GC(50)   Other: 63.7ms
[2019-12-12T16:03:13.900+0530][gc,heap       ] GC(50) Eden regions: 47->0(47)
[2019-12-12T16:03:13.900+0530][gc,heap       ] GC(50) Survivor regions: 4->4(7)
[2019-12-12T16:03:13.900+0530][gc,heap       ] GC(50) Old regions: 16->16
[2019-12-12T16:03:13.900+0530][gc,heap       ] GC(50) Humongous regions: 129->129
[2019-12-12T16:03:13.900+0530][gc,metaspace  ] GC(50) Metaspace: 37706K->37706K(1083392K)
[2019-12-12T16:03:13.921+0530][gc            ] GC(50) Pause Young (Normal) (G1 Evacuation Pause) 192M->145M(1024M) 97.323ms
[2019-12-12T16:03:13.921+0530][gc,cpu        ] GC(50) User=0.02s Sys=0.00s Real=0.11s
[2019-12-12T16:11:40.185+0530][gc,start      ] GC(51) Pause Young (Normal) (G1 Evacuation Pause)
[2019-12-12T16:11:40.193+0530][gc,task       ] GC(51) Using 4 workers of 4 for evacuation
[2019-12-12T16:11:40.218+0530][gc,mmu        ] GC(51) MMU target violated: 21.0ms (20.0ms/21.0ms)
[2019-12-12T16:11:40.218+0530][gc,phases     ] GC(51)   Pre Evacuate Collection Set: 0.1ms
[2019-12-12T16:11:40.218+0530][gc,phases     ] GC(51)   Evacuate Collection Set: 24.3ms
[2019-12-12T16:11:40.218+0530][gc,phases     ] GC(51)   Post Evacuate Collection Set: 0.3ms
[2019-12-12T16:11:40.218+0530][gc,phases     ] GC(51)   Other: 8.3ms
[2019-12-12T16:11:40.218+0530][gc,heap       ] GC(51) Eden regions: 47->0(47)
[2019-12-12T16:11:40.218+0530][gc,heap       ] GC(51) Survivor regions: 4->4(7)
[2019-12-12T16:11:40.218+0530][gc,heap       ] GC(51) Old regions: 16->16
[2019-12-12T16:11:40.218+0530][gc,heap       ] GC(51) Humongous regions: 129->129
[2019-12-12T16:11:40.218+0530][gc,metaspace  ] GC(51) Metaspace: 37719K->37719K(1083392K)
[2019-12-12T16:11:40.218+0530][gc            ] GC(51) Pause Young (Normal) (G1 Evacuation Pause) 192M->145M(1024M) 33.085ms
[2019-12-12T16:11:40.218+0530][gc,cpu        ] GC(51) User=0.08s Sys=0.00s Real=0.03s
[2019-12-12T16:20:14.291+0530][gc,start      ] GC(52) Pause Young (Normal) (G1 Evacuation Pause)
[2019-12-12T16:20:14.291+0530][gc,task       ] GC(52) Using 4 workers of 4 for evacuation
[2019-12-12T16:20:14.299+0530][gc,phases     ] GC(52)   Pre Evacuate Collection Set: 0.1ms
[2019-12-12T16:20:14.299+0530][gc,phases     ] GC(52)   Evacuate Collection Set: 6.8ms
[2019-12-12T16:20:14.299+0530][gc,phases     ] GC(52)   Post Evacuate Collection Set: 0.4ms
[2019-12-12T16:20:14.299+0530][gc,phases     ] GC(52)   Other: 0.4ms
[2019-12-12T16:20:14.299+0530][gc,heap       ] GC(52) Eden regions: 47->0(47)
[2019-12-12T16:20:14.299+0530][gc,heap       ] GC(52) Survivor regions: 4->4(7)
[2019-12-12T16:20:14.299+0530][gc,heap       ] GC(52) Old regions: 16->16
[2019-12-12T16:20:14.299+0530][gc,heap       ] GC(52) Humongous regions: 129->129
[2019-12-12T16:20:14.299+0530][gc,metaspace  ] GC(52) Metaspace: 37719K->37719K(1083392K)
[2019-12-12T16:20:14.299+0530][gc            ] GC(52) Pause Young (Normal) (G1 Evacuation Pause) 192M->145M(1024M) 7.765ms
[2019-12-12T16:20:14.299+0530][gc,cpu        ] GC(52) User=0.03s Sys=0.00s Real=0.00s
[2019-12-12T16:28:43.896+0530][gc,start      ] GC(53) Pause Young (Normal) (G1 Evacuation Pause)
[2019-12-12T16:28:43.921+0530][gc,task       ] GC(53) Using 4 workers of 4 for evacuation
[2019-12-12T16:28:43.960+0530][gc,mmu        ] GC(53) MMU target violated: 21.0ms (20.0ms/21.0ms)
[2019-12-12T16:28:43.960+0530][gc,phases     ] GC(53)   Pre Evacuate Collection Set: 0.1ms
[2019-12-12T16:28:43.960+0530][gc,phases     ] GC(53)   Evacuate Collection Set: 37.9ms
[2019-12-12T16:28:43.960+0530][gc,phases     ] GC(53)   Post Evacuate Collection Set: 0.5ms
[2019-12-12T16:28:43.960+0530][gc,phases     ] GC(53)   Other: 25.1ms
[2019-12-12T16:28:43.960+0530][gc,heap       ] GC(53) Eden regions: 47->0(47)
[2019-12-12T16:28:43.960+0530][gc,heap       ] GC(53) Survivor regions: 4->4(7)
[2019-12-12T16:28:43.960+0530][gc,heap       ] GC(53) Old regions: 16->16
[2019-12-12T16:28:43.960+0530][gc,heap       ] GC(53) Humongous regions: 129->129
[2019-12-12T16:28:43.960+0530][gc,metaspace  ] GC(53) Metaspace: 37720K->37720K(1083392K)
[2019-12-12T16:28:43.960+0530][gc            ] GC(53) Pause Young (Normal) (G1 Evacuation Pause) 192M->146M(1024M) 63.514ms
[2019-12-12T16:28:43.960+0530][gc,cpu        ] GC(53) User=0.06s Sys=0.00s Real=0.07s
[2019-12-12T16:36:34.604+0530][gc,start      ] GC(54) Pause Young (Normal) (G1 Evacuation Pause)
[2019-12-12T16:36:34.624+0530][gc,task       ] GC(54) Using 4 workers of 4 for evacuation
[2019-12-12T16:36:34.649+0530][gc,mmu        ] GC(54) MMU target violated: 21.0ms (20.0ms/21.0ms)
[2019-12-12T16:36:34.649+0530][gc,phases     ] GC(54)   Pre Evacuate Collection Set: 0.0ms
[2019-12-12T16:36:34.649+0530][gc,phases     ] GC(54)   Evacuate Collection Set: 24.4ms
[2019-12-12T16:36:34.649+0530][gc,phases     ] GC(54)   Post Evacuate Collection Set: 0.4ms
[2019-12-12T16:36:34.649+0530][gc,phases     ] GC(54)   Other: 19.9ms
[2019-12-12T16:36:34.649+0530][gc,heap       ] GC(54) Eden regions: 47->0(47)
[2019-12-12T16:36:34.649+0530][gc,heap       ] GC(54) Survivor regions: 4->4(7)
[2019-12-12T16:36:34.649+0530][gc,heap       ] GC(54) Old regions: 16->16
[2019-12-12T16:36:34.649+0530][gc,heap       ] GC(54) Humongous regions: 129->129
[2019-12-12T16:36:34.649+0530][gc,metaspace  ] GC(54) Metaspace: 37720K->37720K(1083392K)
[2019-12-12T16:36:34.649+0530][gc            ] GC(54) Pause Young (Normal) (G1 Evacuation Pause) 193M->145M(1024M) 44.805ms
[2019-12-12T16:36:34.649+0530][gc,cpu        ] GC(54) User=0.08s Sys=0.00s Real=0.05s
[2019-12-12T16:51:02.256+0530][gc,start      ] GC(55) Pause Young (Normal) (G1 Evacuation Pause)
[2019-12-12T16:51:02.302+0530][gc,task       ] GC(55) Using 4 workers of 4 for evacuation
[2019-12-12T16:51:02.340+0530][gc,mmu        ] GC(55) MMU target violated: 21.0ms (20.0ms/21.0ms)
[2019-12-12T16:51:02.340+0530][gc,phases     ] GC(55)   Pre Evacuate Collection Set: 0.0ms
[2019-12-12T16:51:02.340+0530][gc,phases     ] GC(55)   Evacuate Collection Set: 37.1ms
[2019-12-12T16:51:02.340+0530][gc,phases     ] GC(55)   Post Evacuate Collection Set: 0.5ms
[2019-12-12T16:51:02.340+0530][gc,phases     ] GC(55)   Other: 47.2ms
[2019-12-12T16:51:02.340+0530][gc,heap       ] GC(55) Eden regions: 47->0(47)
[2019-12-12T16:51:02.340+0530][gc,heap       ] GC(55) Survivor regions: 4->4(7)
[2019-12-12T16:51:02.340+0530][gc,heap       ] GC(55) Old regions: 16->16
[2019-12-12T16:51:02.340+0530][gc,heap       ] GC(55) Humongous regions: 129->129
[2019-12-12T16:51:02.340+0530][gc,metaspace  ] GC(55) Metaspace: 37738K->37738K(1083392K)
[2019-12-12T16:51:02.340+0530][gc            ] GC(55) Pause Young (Normal) (G1 Evacuation Pause) 192M->145M(1024M) 84.916ms
[2019-12-12T16:51:02.341+0530][gc,cpu        ] GC(55) User=0.08s Sys=0.00s Real=0.09s
[2019-12-12T16:59:27.274+0530][gc,start      ] GC(56) Pause Young (Normal) (G1 Evacuation Pause)
[2019-12-12T16:59:27.346+0530][gc,task       ] GC(56) Using 4 workers of 4 for evacuation
[2019-12-12T16:59:27.405+0530][gc,mmu        ] GC(56) MMU target violated: 21.0ms (20.0ms/21.0ms)
[2019-12-12T16:59:27.412+0530][gc,phases     ] GC(56)   Pre Evacuate Collection Set: 0.0ms
[2019-12-12T16:59:27.412+0530][gc,phases     ] GC(56)   Evacuate Collection Set: 58.9ms
[2019-12-12T16:59:27.412+0530][gc,phases     ] GC(56)   Post Evacuate Collection Set: 0.5ms
[2019-12-12T16:59:27.412+0530][gc,phases     ] GC(56)   Other: 90.3ms
[2019-12-12T16:59:27.431+0530][gc,heap       ] GC(56) Eden regions: 47->0(47)
[2019-12-12T16:59:27.431+0530][gc,heap       ] GC(56) Survivor regions: 4->4(7)
[2019-12-12T16:59:27.431+0530][gc,heap       ] GC(56) Old regions: 16->16
[2019-12-12T16:59:27.431+0530][gc,heap       ] GC(56) Humongous regions: 129->129
[2019-12-12T16:59:27.431+0530][gc,metaspace  ] GC(56) Metaspace: 37745K->37745K(1083392K)
[2019-12-12T16:59:27.431+0530][gc            ] GC(56) Pause Young (Normal) (G1 Evacuation Pause) 192M->146M(1024M) 157.525ms
[2019-12-12T16:59:27.431+0530][gc,cpu        ] GC(56) User=0.02s Sys=0.00s Real=0.16s
[2019-12-12T17:07:56.512+0530][gc,start      ] GC(57) Pause Young (Normal) (G1 Evacuation Pause)
[2019-12-12T17:07:56.533+0530][gc,task       ] GC(57) Using 4 workers of 4 for evacuation
[2019-12-12T17:07:56.600+0530][gc,mmu        ] GC(57) MMU target violated: 21.0ms (20.0ms/21.0ms)
[2019-12-12T17:07:56.600+0530][gc,phases     ] GC(57)   Pre Evacuate Collection Set: 0.1ms
[2019-12-12T17:07:56.600+0530][gc,phases     ] GC(57)   Evacuate Collection Set: 29.7ms
[2019-12-12T17:07:56.600+0530][gc,phases     ] GC(57)   Post Evacuate Collection Set: 0.7ms
[2019-12-12T17:07:56.600+0530][gc,phases     ] GC(57)   Other: 57.2ms
[2019-12-12T17:07:56.600+0530][gc,heap       ] GC(57) Eden regions: 47->0(47)
[2019-12-12T17:07:56.600+0530][gc,heap       ] GC(57) Survivor regions: 4->4(7)
[2019-12-12T17:07:56.600+0530][gc,heap       ] GC(57) Old regions: 16->16
[2019-12-12T17:07:56.600+0530][gc,heap       ] GC(57) Humongous regions: 129->129
[2019-12-12T17:07:56.600+0530][gc,metaspace  ] GC(57) Metaspace: 37752K->37752K(1083392K)
[2019-12-12T17:07:56.600+0530][gc            ] GC(57) Pause Young (Normal) (G1 Evacuation Pause) 193M->146M(1024M) 87.771ms
[2019-12-12T17:07:56.600+0530][gc,cpu        ] GC(57) User=0.06s Sys=0.00s Real=0.09s
[2019-12-12T17:16:22.733+0530][gc,start      ] GC(58) Pause Young (Normal) (G1 Evacuation Pause)
[2019-12-12T17:16:22.753+0530][gc,task       ] GC(58) Using 4 workers of 4 for evacuation
[2019-12-12T17:16:22.893+0530][gc,mmu        ] GC(58) MMU target violated: 21.0ms (20.0ms/21.0ms)
[2019-12-12T17:16:22.893+0530][gc,phases     ] GC(58)   Pre Evacuate Collection Set: 0.1ms
[2019-12-12T17:16:22.893+0530][gc,phases     ] GC(58)   Evacuate Collection Set: 81.9ms
[2019-12-12T17:16:22.893+0530][gc,phases     ] GC(58)   Post Evacuate Collection Set: 5.6ms
[2019-12-12T17:16:22.894+0530][gc,phases     ] GC(58)   Other: 74.9ms
[2019-12-12T17:16:22.894+0530][gc,heap       ] GC(58) Eden regions: 47->0(47)
[2019-12-12T17:16:22.894+0530][gc,heap       ] GC(58) Survivor regions: 4->4(7)
[2019-12-12T17:16:22.894+0530][gc,heap       ] GC(58) Old regions: 16->16
[2019-12-12T17:16:22.894+0530][gc,heap       ] GC(58) Humongous regions: 129->129
[2019-12-12T17:16:22.894+0530][gc,metaspace  ] GC(58) Metaspace: 37756K->37756K(1083392K)
[2019-12-12T17:16:22.895+0530][gc            ] GC(58) Pause Young (Normal) (G1 Evacuation Pause) 193M->146M(1024M) 162.746ms
[2019-12-12T17:16:22.895+0530][gc,cpu        ] GC(58) User=0.02s Sys=0.00s Real=0.16s
