[2019-12-13T17:12:56.489+0530][gc,heap] Heap region size: 1M
[2019-12-13T17:12:56.494+0530][gc     ] Using G1
[2019-12-13T17:12:56.494+0530][gc,heap,coops] Heap address: 0x00000000e0000000, size: 512 MB, Compressed Oops mode: 32-bit
[2019-12-13T17:12:56.494+0530][gc,cds       ] Mark closed archive regions in map: [0x00000000fff00000, 0x00000000fff69ff8]
[2019-12-13T17:12:56.494+0530][gc,cds       ] Mark open archive regions in map: [0x00000000ffe00000, 0x00000000ffe33ff8]
[2019-12-13T17:12:56.998+0530][gc,heap,exit ] Heap
[2019-12-13T17:12:56.998+0530][gc,heap,exit ]  garbage-first heap   total 524288K, used 14968K [0x00000000e0000000, 0x0000000100000000)
[2019-12-13T17:12:56.998+0530][gc,heap,exit ]   region size 1024K, 15 young (15360K), 0 survivors (0K)
[2019-12-13T17:12:56.998+0530][gc,heap,exit ]  Metaspace       used 5754K, capacity 6091K, committed 6272K, reserved 1056768K
[2019-12-13T17:12:56.998+0530][gc,heap,exit ]   class space    used 669K, capacity 799K, committed 896K, reserved 1048576K
