[2019-12-12T18:54:32.887+0530][gc,heap] Heap region size: 1M
[2019-12-12T18:54:32.896+0530][gc     ] Using G1
[2019-12-12T18:54:32.896+0530][gc,heap,coops] Heap address: 0x00000000e0000000, size: 512 MB, Compressed Oops mode: 32-bit
[2019-12-12T18:54:32.896+0530][gc,cds       ] Mark closed archive regions in map: [0x00000000fff00000, 0x00000000fff69ff8]
[2019-12-12T18:54:32.896+0530][gc,cds       ] Mark open archive regions in map: [0x00000000ffe00000, 0x00000000ffe33ff8]
[2019-12-12T19:19:16.965+0530][gc,start     ] GC(0) Pause Young (Normal) (G1 Evacuation Pause)
[2019-12-12T19:19:16.984+0530][gc,task      ] GC(0) Using 4 workers of 4 for evacuation
[2019-12-12T19:19:17.003+0530][gc,phases    ] GC(0)   Pre Evacuate Collection Set: 0.0ms
[2019-12-12T19:19:17.003+0530][gc,phases    ] GC(0)   Evacuate Collection Set: 18.0ms
[2019-12-12T19:19:17.003+0530][gc,phases    ] GC(0)   Post Evacuate Collection Set: 0.5ms
[2019-12-12T19:19:17.003+0530][gc,phases    ] GC(0)   Other: 19.5ms
[2019-12-12T19:19:17.003+0530][gc,heap      ] GC(0) Eden regions: 25->0(21)
[2019-12-12T19:19:17.003+0530][gc,heap      ] GC(0) Survivor regions: 0->4(4)
[2019-12-12T19:19:17.003+0530][gc,heap      ] GC(0) Old regions: 2->4
[2019-12-12T19:19:17.003+0530][gc,heap      ] GC(0) Humongous regions: 0->0
[2019-12-12T19:19:17.003+0530][gc,metaspace ] GC(0) Metaspace: 7691K->7691K(1056768K)
[2019-12-12T19:19:17.003+0530][gc           ] GC(0) Pause Young (Normal) (G1 Evacuation Pause) 25M->5M(512M) 38.156ms
[2019-12-12T19:19:17.003+0530][gc,cpu       ] GC(0) User=0.07s Sys=0.00s Real=0.04s
[2019-12-12T20:36:05.269+0530][gc,heap,exit ] Heap
[2019-12-12T20:36:05.303+0530][gc,heap,exit ]  garbage-first heap   total 524288K, used 12134K [0x00000000e0000000, 0x0000000100000000)
[2019-12-12T20:36:05.303+0530][gc,heap,exit ]   region size 1024K, 11 young (11264K), 4 survivors (4096K)
[2019-12-12T20:36:05.303+0530][gc,heap,exit ]  Metaspace       used 7730K, capacity 7993K, committed 8192K, reserved 1056768K
[2019-12-12T20:36:05.303+0530][gc,heap,exit ]   class space    used 848K, capacity 964K, committed 1024K, reserved 1048576K
