[2019-12-13T17:11:52.344+0530][gc,heap] Heap region size: 1M
[2019-12-13T17:11:52.349+0530][gc     ] Using G1
[2019-12-13T17:11:52.349+0530][gc,heap,coops] Heap address: 0x00000000e0000000, size: 512 MB, Compressed Oops mode: 32-bit
[2019-12-13T17:11:52.350+0530][gc,cds       ] Mark closed archive regions in map: [0x00000000fff00000, 0x00000000fff69ff8]
[2019-12-13T17:11:52.350+0530][gc,cds       ] Mark open archive regions in map: [0x00000000ffe00000, 0x00000000ffe33ff8]
[2019-12-13T17:37:16.113+0530][gc,start     ] GC(0) Pause Young (Normal) (G1 Evacuation Pause)
[2019-12-13T17:37:16.132+0530][gc,task      ] GC(0) Using 4 workers of 4 for evacuation
[2019-12-13T17:37:16.154+0530][gc,mmu       ] GC(0) MMU target violated: 21.0ms (20.0ms/21.0ms)
[2019-12-13T17:37:16.154+0530][gc,phases    ] GC(0)   Pre Evacuate Collection Set: 0.0ms
[2019-12-13T17:37:16.154+0530][gc,phases    ] GC(0)   Evacuate Collection Set: 21.4ms
[2019-12-13T17:37:16.154+0530][gc,phases    ] GC(0)   Post Evacuate Collection Set: 0.4ms
[2019-12-13T17:37:16.154+0530][gc,phases    ] GC(0)   Other: 19.8ms
[2019-12-13T17:37:16.154+0530][gc,heap      ] GC(0) Eden regions: 25->0(21)
[2019-12-13T17:37:16.154+0530][gc,heap      ] GC(0) Survivor regions: 0->4(4)
[2019-12-13T17:37:16.154+0530][gc,heap      ] GC(0) Old regions: 2->3
[2019-12-13T17:37:16.154+0530][gc,heap      ] GC(0) Humongous regions: 0->0
[2019-12-13T17:37:16.154+0530][gc,metaspace ] GC(0) Metaspace: 7678K->7678K(1056768K)
[2019-12-13T17:37:16.154+0530][gc           ] GC(0) Pause Young (Normal) (G1 Evacuation Pause) 25M->5M(512M) 41.652ms
[2019-12-13T17:37:16.154+0530][gc,cpu       ] GC(0) User=0.05s Sys=0.01s Real=0.04s
