[2019-12-13T16:26:54.377+0530][gc,heap] Heap region size: 1M
[2019-12-13T16:26:54.382+0530][gc     ] Using G1
[2019-12-13T16:26:54.382+0530][gc,heap,coops] Heap address: 0x00000000e0000000, size: 512 MB, Compressed Oops mode: 32-bit
[2019-12-13T16:26:54.382+0530][gc,cds       ] Mark closed archive regions in map: [0x00000000fff00000, 0x00000000fff69ff8]
[2019-12-13T16:26:54.382+0530][gc,cds       ] Mark open archive regions in map: [0x00000000ffe00000, 0x00000000ffe33ff8]
[2019-12-13T16:45:59.083+0530][gc,heap,exit ] Heap
[2019-12-13T16:45:59.083+0530][gc,heap,exit ]  garbage-first heap   total 524288K, used 25208K [0x00000000e0000000, 0x0000000100000000)
[2019-12-13T16:45:59.083+0530][gc,heap,exit ]   region size 1024K, 25 young (25600K), 0 survivors (0K)
[2019-12-13T16:45:59.083+0530][gc,heap,exit ]  Metaspace       used 7729K, capacity 7993K, committed 8192K, reserved 1056768K
[2019-12-13T16:45:59.083+0530][gc,heap,exit ]   class space    used 846K, capacity 964K, committed 1024K, reserved 1048576K
