[2019-12-12T20:58:12.287+0530][gc,heap] Heap region size: 1M
[2019-12-12T20:58:12.296+0530][gc     ] Using G1
[2019-12-12T20:58:12.296+0530][gc,heap,coops] Heap address: 0x00000000e0000000, size: 512 MB, Compressed Oops mode: 32-bit
[2019-12-12T20:58:12.296+0530][gc,cds       ] Mark closed archive regions in map: [0x00000000fff00000, 0x00000000fff69ff8]
[2019-12-12T20:58:12.296+0530][gc,cds       ] Mark open archive regions in map: [0x00000000ffe00000, 0x00000000ffe33ff8]
[2019-12-12T21:23:37.200+0530][gc,start     ] GC(0) Pause Young (Normal) (G1 Evacuation Pause)
[2019-12-12T21:23:37.201+0530][gc,task      ] GC(0) Using 4 workers of 4 for evacuation
[2019-12-12T21:23:37.219+0530][gc,phases    ] GC(0)   Pre Evacuate Collection Set: 0.0ms
[2019-12-12T21:23:37.219+0530][gc,phases    ] GC(0)   Evacuate Collection Set: 17.8ms
[2019-12-12T21:23:37.219+0530][gc,phases    ] GC(0)   Post Evacuate Collection Set: 0.4ms
[2019-12-12T21:23:37.220+0530][gc,phases    ] GC(0)   Other: 1.1ms
[2019-12-12T21:23:37.220+0530][gc,heap      ] GC(0) Eden regions: 25->0(21)
[2019-12-12T21:23:37.220+0530][gc,heap      ] GC(0) Survivor regions: 0->4(4)
[2019-12-12T21:23:37.220+0530][gc,heap      ] GC(0) Old regions: 2->3
[2019-12-12T21:23:37.220+0530][gc,heap      ] GC(0) Humongous regions: 0->0
[2019-12-12T21:23:37.220+0530][gc,metaspace ] GC(0) Metaspace: 7694K->7694K(1056768K)
[2019-12-12T21:23:37.220+0530][gc           ] GC(0) Pause Young (Normal) (G1 Evacuation Pause) 25M->5M(512M) 19.501ms
[2019-12-12T21:23:37.220+0530][gc,cpu       ] GC(0) User=0.06s Sys=0.00s Real=0.02s
[2019-12-12T21:32:54.600+0530][gc,heap,exit ] Heap
[2019-12-12T21:32:54.600+0530][gc,heap,exit ]  garbage-first heap   total 524288K, used 6737K [0x00000000e0000000, 0x0000000100000000)
[2019-12-12T21:32:54.600+0530][gc,heap,exit ]   region size 1024K, 6 young (6144K), 4 survivors (4096K)
[2019-12-12T21:32:54.600+0530][gc,heap,exit ]  Metaspace       used 7699K, capacity 7993K, committed 8192K, reserved 1056768K
[2019-12-12T21:32:54.600+0530][gc,heap,exit ]   class space    used 844K, capacity 964K, committed 1024K, reserved 1048576K
